Component: ARM Compiler 5.06 update 6 (build 750) Tool: armlink [4d35ed]

==============================================================================

Section Cross References

    startup_stm32f10x_md.o(STACK) refers (Special) to heapauxi.o(.text) for __use_two_region_memory
    startup_stm32f10x_md.o(HEAP) refers (Special) to heapauxi.o(.text) for __use_two_region_memory
    startup_stm32f10x_md.o(RESET) refers (Special) to heapauxi.o(.text) for __use_two_region_memory
    startup_stm32f10x_md.o(RESET) refers to startup_stm32f10x_md.o(STACK) for __initial_sp
    startup_stm32f10x_md.o(RESET) refers to startup_stm32f10x_md.o(.text) for Reset_Handler
    startup_stm32f10x_md.o(RESET) refers to stm32f10x_it.o(i.NMI_Handler) for NMI_Handler
    startup_stm32f10x_md.o(RESET) refers to stm32f10x_it.o(i.HardFault_Handler) for HardFault_Handler
    startup_stm32f10x_md.o(RESET) refers to stm32f10x_it.o(i.MemManage_Handler) for MemManage_Handler
    startup_stm32f10x_md.o(RESET) refers to stm32f10x_it.o(i.BusFault_Handler) for BusFault_Handler
    startup_stm32f10x_md.o(RESET) refers to stm32f10x_it.o(i.UsageFault_Handler) for UsageFault_Handler
    startup_stm32f10x_md.o(RESET) refers to stm32f10x_it.o(i.SVC_Handler) for SVC_Handler
    startup_stm32f10x_md.o(RESET) refers to stm32f10x_it.o(i.DebugMon_Handler) for DebugMon_Handler
    startup_stm32f10x_md.o(RESET) refers to os_cpu_a.o(.text) for PendSV_Handler
    startup_stm32f10x_md.o(RESET) refers to os_cpu_c.o(i.SysTick_Handler) for SysTick_Handler
    startup_stm32f10x_md.o(RESET) refers to i2c.o(i.I2C2_EV_IRQHandler) for I2C2_EV_IRQHandler
    startup_stm32f10x_md.o(RESET) refers to i2c.o(i.I2C2_ER_IRQHandler) for I2C2_ER_IRQHandler
    startup_stm32f10x_md.o(RESET) refers to serial.o(i.USART1_IRQHandler) for USART1_IRQHandler
    startup_stm32f10x_md.o(RESET) refers to gpio.o(i.EXTI15_10_IRQHandler) for EXTI15_10_IRQHandler
    startup_stm32f10x_md.o(.text) refers (Special) to heapauxi.o(.text) for __use_two_region_memory
    startup_stm32f10x_md.o(.text) refers to system_stm32f10x.o(i.SystemInit) for SystemInit
    startup_stm32f10x_md.o(.text) refers to __main.o(!!!main) for __main
    startup_stm32f10x_md.o(.text) refers to startup_stm32f10x_md.o(HEAP) for Heap_Mem
    startup_stm32f10x_md.o(.text) refers to startup_stm32f10x_md.o(STACK) for Stack_Mem
    system_stm32f10x.o(i.SetSysClock) refers to system_stm32f10x.o(i.SetSysClockTo72) for SetSysClockTo72
    system_stm32f10x.o(i.SystemCoreClockUpdate) refers to system_stm32f10x.o(.data) for SystemCoreClock
    system_stm32f10x.o(i.SystemInit) refers to system_stm32f10x.o(i.SetSysClock) for SetSysClock
    stm32f10x_adc.o(i.ADC_DeInit) refers to stm32f10x_rcc.o(i.RCC_APB2PeriphResetCmd) for RCC_APB2PeriphResetCmd
    stm32f10x_bkp.o(i.BKP_DeInit) refers to stm32f10x_rcc.o(i.RCC_BackupResetCmd) for RCC_BackupResetCmd
    stm32f10x_can.o(i.CAN_DeInit) refers to stm32f10x_rcc.o(i.RCC_APB1PeriphResetCmd) for RCC_APB1PeriphResetCmd
    stm32f10x_can.o(i.CAN_GetITStatus) refers to stm32f10x_can.o(i.CheckITStatus) for CheckITStatus
    stm32f10x_cec.o(i.CEC_DeInit) refers to stm32f10x_rcc.o(i.RCC_APB1PeriphResetCmd) for RCC_APB1PeriphResetCmd
    stm32f10x_dac.o(i.DAC_DeInit) refers to stm32f10x_rcc.o(i.RCC_APB1PeriphResetCmd) for RCC_APB1PeriphResetCmd
    stm32f10x_flash.o(i.FLASH_EnableWriteProtection) refers to stm32f10x_flash.o(i.FLASH_WaitForLastOperation) for FLASH_WaitForLastOperation
    stm32f10x_flash.o(i.FLASH_EraseAllBank1Pages) refers to stm32f10x_flash.o(i.FLASH_WaitForLastBank1Operation) for FLASH_WaitForLastBank1Operation
    stm32f10x_flash.o(i.FLASH_EraseAllPages) refers to stm32f10x_flash.o(i.FLASH_WaitForLastOperation) for FLASH_WaitForLastOperation
    stm32f10x_flash.o(i.FLASH_EraseOptionBytes) refers to stm32f10x_flash.o(i.FLASH_GetReadOutProtectionStatus) for FLASH_GetReadOutProtectionStatus
    stm32f10x_flash.o(i.FLASH_EraseOptionBytes) refers to stm32f10x_flash.o(i.FLASH_WaitForLastOperation) for FLASH_WaitForLastOperation
    stm32f10x_flash.o(i.FLASH_ErasePage) refers to stm32f10x_flash.o(i.FLASH_WaitForLastOperation) for FLASH_WaitForLastOperation
    stm32f10x_flash.o(i.FLASH_ProgramHalfWord) refers to stm32f10x_flash.o(i.FLASH_WaitForLastOperation) for FLASH_WaitForLastOperation
    stm32f10x_flash.o(i.FLASH_ProgramOptionByteData) refers to stm32f10x_flash.o(i.FLASH_WaitForLastOperation) for FLASH_WaitForLastOperation
    stm32f10x_flash.o(i.FLASH_ProgramWord) refers to stm32f10x_flash.o(i.FLASH_WaitForLastOperation) for FLASH_WaitForLastOperation
    stm32f10x_flash.o(i.FLASH_ReadOutProtection) refers to stm32f10x_flash.o(i.FLASH_WaitForLastOperation) for FLASH_WaitForLastOperation
    stm32f10x_flash.o(i.FLASH_UserOptionByteConfig) refers to stm32f10x_flash.o(i.FLASH_WaitForLastOperation) for FLASH_WaitForLastOperation
    stm32f10x_flash.o(i.FLASH_WaitForLastBank1Operation) refers to stm32f10x_flash.o(i.FLASH_GetBank1Status) for FLASH_GetBank1Status
[...]
    .ARM.Collect$$libinit$$00000013          0x080001b2   Section        0  libinit2.o(.ARM.Collect$$libinit$$00000013)
    .ARM.Collect$$libinit$$00000015          0x080001b2   Section        0  libinit2.o(.ARM.Collect$$libinit$$00000015)
    .ARM.Collect$$libinit$$00000017          0x080001b2   Section        0  libinit2.o(.ARM.Collect$$libinit$$00000017)
    .ARM.Collect$$libinit$$00000019          0x080001b2   Section        0  libinit2.o(.ARM.Collect$$libinit$$00000019)
    .ARM.Collect$$libinit$$0000001B          0x080001b2   Section        0  libinit2.o(.ARM.Collect$$libinit$$0000001B)
    .ARM.Collect$$libinit$$0000001D          0x080001b2   Section        0  libinit2.o(.ARM.Collect$$libinit$$0000001D)
    .ARM.Collect$$libinit$$0000001F          0x080001b2   Section        0  libinit2.o(.ARM.Collect$$libinit$$0000001F)
    .ARM.Collect$$libinit$$00000021          0x080001b2   Section        0  libinit2.o(.ARM.Collect$$libinit$$00000021)
    .ARM.Collect$$libinit$$00000023          0x080001b2   Section        0  libinit2.o(.ARM.Collect$$libinit$$00000023)
    .ARM.Collect$$libinit$$00000025          0x080001b2   Section        0  libinit2.o(.ARM.Collect$$libinit$$00000025)
    .ARM.Collect$$libinit$$0000002C          0x080001b2   Section        0  libinit2.o(.ARM.Collect$$libinit$$0000002C)
    .ARM.Collect$$libinit$$0000002E          0x080001b2   Section        0  libinit2.o(.ARM.Collect$$libinit$$0000002E)
    .ARM.Collect$$libinit$$00000030          0x080001b2   Section        0  libinit2.o(.ARM.Collect$$libinit$$00000030)
    .ARM.Collect$$libinit$$00000032          0x080001b2   Section        0  libinit2.o(.ARM.Collect$$libinit$$00000032)
    .ARM.Collect$$libinit$$00000033          0x080001b2   Section        2  libinit2.o(.ARM.Collect$$libinit$$00000033)
    .ARM.Collect$$libshutdown$$00000000      0x080001b4   Section        2  libshutdown.o(.ARM.Collect$$libshutdown$$00000000)
    .ARM.Collect$$libshutdown$$00000002      0x080001b6   Section        0  libshutdown2.o(.ARM.Collect$$libshutdown$$00000002)
    .ARM.Collect$$libshutdown$$00000004      0x080001b6   Section        0  libshutdown2.o(.ARM.Collect$$libshutdown$$00000004)
    .ARM.Collect$$libshutdown$$00000007      0x080001b6   Section        0  libshutdown2.o(.ARM.Collect$$libshutdown$$00000007)
    .ARM.Collect$$libshutdown$$0000000A      0x080001b6   Section        0  libshutdown2.o(.ARM.Collect$$libshutdown$$0000000A)
    .ARM.Collect$$libshutdown$$0000000C      0x080001b6   Section        0  libshutdown2.o(.ARM.Collect$$libshutdown$$0000000C)
    .ARM.Collect$$libshutdown$$0000000F      0x080001b6   Section        0  libshutdown2.o(.ARM.Collect$$libshutdown$$0000000F)
    .ARM.Collect$$libshutdown$$00000010      0x080001b6   Section        2  libshutdown2.o(.ARM.Collect$$libshutdown$$00000010)
    .ARM.Collect$$rtentry$$00000000          0x080001b8   Section        0  __rtentry.o(.ARM.Collect$$rtentry$$00000000)
    .ARM.Collect$$rtentry$$00000002          0x080001b8   Section        0  __rtentry2.o(.ARM.Collect$$rtentry$$00000002)
    .ARM.Collect$$rtentry$$00000004          0x080001b8   Section        6  __rtentry4.o(.ARM.Collect$$rtentry$$00000004)
    .ARM.Collect$$rtentry$$00000009          0x080001be   Section        0  __rtentry2.o(.ARM.Collect$$rtentry$$00000009)
    .ARM.Collect$$rtentry$$0000000A          0x080001be   Section        4  __rtentry2.o(.ARM.Collect$$rtentry$$0000000A)
    .ARM.Collect$$rtentry$$0000000C          0x080001c2   Section        0  __rtentry2.o(.ARM.Collect$$rtentry$$0000000C)
    .ARM.Collect$$rtentry$$0000000D          0x080001c2   Section        8  __rtentry2.o(.ARM.Collect$$rtentry$$0000000D)
    .ARM.Collect$$rtexit$$00000000           0x080001ca   Section        2  rtexit.o(.ARM.Collect$$rtexit$$00000000)
    .ARM.Collect$$rtexit$$00000002           0x080001cc   Section        0  rtexit2.o(.ARM.Collect$$rtexit$$00000002)
    .ARM.Collect$$rtexit$$00000003           0x080001cc   Section        4  rtexit2.o(.ARM.Collect$$rtexit$$00000003)
    .ARM.Collect$$rtexit$$00000004           0x080001d0   Section        6  rtexit2.o(.ARM.Collect$$rtexit$$00000004)
    .text                                    0x080001d8   Section       64  startup_stm32f10x_md.o(.text)
    .text                                    0x08000218   Section      424  os_cpu_a.o(.text)
    .text                                    0x080003c0   Section        0  __2sprintf.o(.text)
    .text                                    0x080003ec   Section        0  _printf_dec.o(.text)
    .text                                    0x08000464   Section        0  _printf_hex_int_ll_ptr.o(.text)
    _printf_hex_common                       0x08000465   Thumb Code     0  _printf_hex_int_ll_ptr.o(.text)
    .text                                    0x080004f8   Section        0  __printf_flags_ss_wp.o(.text)
    .text                                    0x08000680   Section        0  heapauxi.o(.text)
    .text                                    0x08000686   Section        0  _printf_intcommon.o(.text)
    .text                                    0x08000738   Section        0  _printf_char_common.o(.text)
    _printf_input_char                       0x08000739   Thumb Code    10  _printf_char_common.o(.text)
    .text                                    0x08000768   Section        0  _sputc.o(.text)
    .text                                    0x08000772   Section       74  sys_stackheap_outer.o(.text)
    .text                                    0x080007bc   Section        0  exit.o(.text)
    .text                                    0x080007d0   Section        8  libspace.o(.text)
    .text                                    0x080007d8   Section        0  sys_exit.o(.text)
    .text                                    0x080007e4   Section        2  use_no_semi.o(.text)
    .text                                    0x080007e6   Section        0  indicate_semi.o(.text)
    i.App_TCBInitHook                        0x080007e6   Section        0  app_hooks.o(i.App_TCBInitHook)
    i.App_TaskCreateHook                     0x080007e8   Section        0  app_hooks.o(i.App_TaskCreateHook)
    i.App_TaskDelHook                        0x080007ea   Section        0  app_hooks.o(i.App_TaskDelHook)
    i.App_TaskIdleHook                       0x080007ec   Section        0  app_hooks.o(i.App_TaskIdleHook)
    i.App_TaskReturnHook                     0x080007ee   Section        0  app_hooks.o(i.App_TaskReturnHook)
    i.App_TaskSwHook                         0x080007f0   Section        0  app_hooks.o(i.App_TaskSwHook)
    i.App_TimeTickHook                       0x080007f2   Section        0  app_hooks.o(i.App_TimeTickHook)
    i.BusFault_Handler                       0x080007f4   Section        0  stm32f10x_it.o(i.BusFault_Handler)
    i.Clear_Flag                             0x080007f8   Section        0  i2c.o(i.Clear_Flag)
    i.DebugMon_Handler                       0x08000814   Section        0  stm32f10x_it.o(i.DebugMon_Handler)
    i.EXTI15_10_IRQHandler                   0x08000818   Section        0  gpio.o(i.EXTI15_10_IRQHandler)
    i.EXTI_ClearITPendingBit                 0x0800084c   Section        0  stm32f10x_exti.o(i.EXTI_ClearITPendingBit)
    i.EXTI_GetITStatus                       0x08000858   Section        0  stm32f10x_exti.o(i.EXTI_GetITStatus)
    i.EXTI_Init                              0x08000880   Section        0  stm32f10x_exti.o(i.EXTI_Init)
    i.GPIO_EXTILineConfig                    0x08000914   Section        0  stm32f10x_gpio.o(i.GPIO_EXTILineConfig)
    i.GPIO_EXTI_Init                         0x08000954   Section        0  gpio.o(i.GPIO_EXTI_Init)
    i.GPIO_Init                              0x080009c4   Section        0  stm32f10x_gpio.o(i.GPIO_Init)
    i.GPIO_ResetBits                         0x08000ada   Section        0  stm32f10x_gpio.o(i.GPIO_ResetBits)
    i.Get_CPU_Usage_RXNE_Handler             0x08000ade   Section        0  i2c.o(i.Get_CPU_Usage_RXNE_Handler)
    i.Get_CPU_Usage_TXE_Handler              0x08000ae0   Section        0  i2c.o(i.Get_CPU_Usage_TXE_Handler)
    i.Get_Stack_Data_RXNE_Handler            0x08000b48   Section        0  i2c.o(i.Get_Stack_Data_RXNE_Handler)
    i.Get_Stack_Data_TXE_Handler             0x08000ba0   Section        0  i2c.o(i.Get_Stack_Data_TXE_Handler)
    i.Get_Variable_Data_RXNE_Handler         0x08000bf8   Section        0  i2c.o(i.Get_Variable_Data_RXNE_Handler)
    i.Get_Variable_Data_TXE_Handler          0x08000bfc   Section        0  i2c.o(i.Get_Variable_Data_TXE_Handler)
    i.HardFault_Handler                      0x08000c7c   Section        0  stm32f10x_it.o(i.HardFault_Handler)
    i.I2C2_ER_IRQHandler                     0x08000c80   Section        0  i2c.o(i.I2C2_ER_IRQHandler)
    i.I2C2_EV_IRQHandler                     0x08000cf4   Section        0  i2c.o(i.I2C2_EV_IRQHandler)
    i.I2C2_Master_Init                       0x08000e3c   Section        0  i2c.o(i.I2C2_Master_Init)
    i.I2C2_Slave_Init                        0x08000eb4   Section        0  i2c.o(i.I2C2_Slave_Init)
    i.I2C2_Write                             0x08000f90   Section        0  i2c.o(i.I2C2_Write)
    i.I2C_AcknowledgeConfig                  0x08001070   Section        0  stm32f10x_i2c.o(i.I2C_AcknowledgeConfig)
    i.I2C_CheckEvent                         0x08001088   Section        0  stm32f10x_i2c.o(i.I2C_CheckEvent)
    i.I2C_ClearITPendingBit                  0x080010b2   Section        0  stm32f10x_i2c.o(i.I2C_ClearITPendingBit)
    i.I2C_Cmd                                0x080010be   Section        0  stm32f10x_i2c.o(i.I2C_Cmd)
    i.I2C_Flag_Init                          0x080010d6   Section        0  i2c.o(i.I2C_Flag_Init)
    i.I2C_GenerateSTART                      0x080010f0   Section        0  stm32f10x_i2c.o(i.I2C_GenerateSTART)
    i.I2C_GenerateSTOP                       0x08001108   Section        0  stm32f10x_i2c.o(i.I2C_GenerateSTOP)
    i.I2C_GetITStatus                        0x08001120   Section        0  stm32f10x_i2c.o(i.I2C_GetITStatus)
    i.I2C_ITConfig                           0x08001146   Section        0  stm32f10x_i2c.o(i.I2C_ITConfig)
    i.I2C_Init                               0x08001158   Section        0  stm32f10x_i2c.o(i.I2C_Init)
    i.I2C_ReceiveData                        0x08001244   Section        0  stm32f10x_i2c.o(i.I2C_ReceiveData)
    i.I2C_Send7bitAddress                    0x0800124c   Section        0  stm32f10x_i2c.o(i.I2C_Send7bitAddress)
    i.I2C_SendData                           0x0800125e   Section        0  stm32f10x_i2c.o(i.I2C_SendData)
    i.Is_Busy_RXNE_Handler                   0x08001262   Section        0  i2c.o(i.Is_Busy_RXNE_Handler)
    i.Is_Busy_TXE_Handler                    0x08001264   Section        0  i2c.o(i.Is_Busy_TXE_Handler)
    i.MemManage_Handler                      0x080012ac   Section        0  stm32f10x_it.o(i.MemManage_Handler)
    i.NMI_Handler                            0x080012b0   Section        0  stm32f10x_it.o(i.NMI_Handler)
    i.NVIC_Init                              0x080012b4   Section        0  misc.o(i.NVIC_Init)
    i.NVIC_PriorityGroupConfig               0x08001324   Section        0  misc.o(i.NVIC_PriorityGroupConfig)
    i.OSEnterQueue                           0x08001338   Section        0  os_multi_core.o(i.OSEnterQueue)
    i.OSInit                                 0x08001354   Section        0  os_core.o(i.OSInit)
    i.OSInitHookBegin                        0x08001394   Section        0  os_cpu_c.o(i.OSInitHookBegin)
    i.OSInitHookEnd                          0x080013d0   Section        0  os_cpu_c.o(i.OSInitHookEnd)
    i.OSInitQueue                            0x080013d2   Section        0  os_multi_core.o(i.OSInitQueue)
    i.OSIntEnter                             0x080013ec   Section        0  os_core.o(i.OSIntEnter)
    i.OSIntExit                              0x08001410   Section        0  os_core.o(i.OSIntExit)
    i.OSMultiHardwareInit                    0x080014ac   Section        0  os_multi_core.o(i.OSMultiHardwareInit)
    i.OSMultiSemInit                         0x080014d0   Section        0  os_multi_core.o(i.OSMultiSemInit)
    i.OSSemCreate                            0x0800150c   Section        0  os_sem.o(i.OSSemCreate)
    i.OSSemPost                              0x0800156c   Section        0  os_sem.o(i.OSSemPost)
    i.OSStart                                0x080015dc   Section        0  os_core.o(i.OSStart)
    i.OSTCBInitHook                          0x08001624   Section        0  os_cpu_c.o(i.OSTCBInitHook)
    i.OSTaskCreate                           0x08001630   Section        0  os_task.o(i.OSTaskCreate)
    i.OSTaskCreateExt                        0x08001704   Section        0  os_task.o(i.OSTaskCreateExt)
    i.OSTaskCreateHook                       0x080017e8   Section        0  os_cpu_c.o(i.OSTaskCreateHook)
    i.OSTaskDel                              0x080017f4   Section        0  os_task.o(i.OSTaskDel)
    i.OSTaskDelHook                          0x0800197c   Section        0  os_cpu_c.o(i.OSTaskDelHook)
    i.OSTaskIdleHook                         0x08001988   Section        0  os_cpu_c.o(i.OSTaskIdleHook)
    i.OSTaskNameSet                          0x08001990   Section        0  os_task.o(i.OSTaskNameSet)
    i.OSTaskReturnHook                       0x08001a28   Section        0  os_cpu_c.o(i.OSTaskReturnHook)
    i.OSTaskStkInit                          0x08001a34   Section        0  os_cpu_c.o(i.OSTaskStkInit)
    i.OSTaskSwHook                           0x08001ae4   Section        0  os_cpu_c.o(i.OSTaskSwHook)
    i.OSTimeDly                              0x08001aec   Section        0  os_time.o(i.OSTimeDly)
    i.OSTimeTick                             0x08001b70   Section        0  os_core.o(i.OSTimeTick)
    i.OSTimeTickHook                         0x08001d5c   Section        0  os_cpu_c.o(i.OSTimeTickHook)
    i.OS_Dummy                               0x08001d64   Section        0  os_core.o(i.OS_Dummy)
    i.OS_EventTaskRdy                        0x08001d68   Section        0  os_core.o(i.OS_EventTaskRdy)
    i.OS_EventTaskRemove                     0x08001dfc   Section        0  os_core.o(i.OS_EventTaskRemove)
    i.OS_EventTaskRemoveMulti                0x08001e2a   Section        0  os_core.o(i.OS_EventTaskRemoveMulti)
    i.OS_EventWaitListInit                   0x08001e64   Section        0  os_core.o(i.OS_EventWaitListInit)
    i.OS_FlagInit                            0x08001e80   Section        0  os_flag.o(i.OS_FlagInit)
    i.OS_FlagUnlink                          0x08001ed8   Section        0  os_flag.o(i.OS_FlagUnlink)
    i.OS_GetCpuUsage                         0x08001efc   Section        0  os_multi_core.o(i.OS_GetCpuUsage)
    i.OS_InitEventList                       0x08001f34   Section        0  os_core.o(i.OS_InitEventList)
    OS_InitEventList                         0x08001f35   Thumb Code    82  os_core.o(i.OS_InitEventList)
    i.OS_InitMisc                            0x08001f94   Section        0  os_core.o(i.OS_InitMisc)
    OS_InitMisc                              0x08001f95   Thumb Code    36  os_core.o(i.OS_InitMisc)
    i.OS_InitRdyList                         0x08001fd8   Section        0  os_core.o(i.OS_InitRdyList)
    OS_InitRdyList                           0x08001fd9   Thumb Code    44  os_core.o(i.OS_InitRdyList)
    i.OS_InitTCBList                         0x0800201c   Section        0  os_core.o(i.OS_InitTCBList)
    OS_InitTCBList                           0x0800201d   Thumb Code    94  os_core.o(i.OS_InitTCBList)
    i.OS_InitTaskIdle                        0x08002090   Section        0  os_core.o(i.OS_InitTaskIdle)
    OS_InitTaskIdle                          0x08002091   Thumb Code    50  os_core.o(i.OS_InitTaskIdle)
    i.OS_MemClr                              0x080020e0   Section        0  os_core.o(i.OS_MemClr)
    i.OS_MemInit                             0x080020f4   Section        0  os_mem.o(i.OS_MemInit)
    i.OS_QInit                               0x0800214c   Section        0  os_q.o(i.OS_QInit)
    i.OS_Read2                               0x0800219c   Section        0  os_multi_core.o(i.OS_Read2)
    i.OS_Sched                               0x08002314   Section        0  os_core.o(i.OS_Sched)
    i.OS_SchedNew                            0x08002394   Section        0  os_core.o(i.OS_SchedNew)
    OS_SchedNew                              0x08002395   Thumb Code    26  os_core.o(i.OS_SchedNew)
    i.OS_TCBInit                             0x080023c0   Section        0  os_core.o(i.OS_TCBInit)
    i.OS_TaskIdle                            0x0800253c   Section        0  os_core.o(i.OS_TaskIdle)
    i.OS_TaskReturn                          0x0800256c   Section        0  os_task.o(i.OS_TaskReturn)
    i.OS_TaskStkClr                          0x08002584   Section        0  os_task.o(i.OS_TaskStkClr)
    i.OS_Write                               0x0800259e   Section        0  os_multi_core.o(i.OS_Write)
    i.PWM_Init                               0x080025bc   Section        0  pwm.o(i.PWM_Init)
    i.PWM_Led                                0x08002654   Section        0  main.o(i.PWM_Led)
    i.PWM_SetCompare1                        0x080026a4   Section        0  pwm.o(i.PWM_SetCompare1)
    i.RCC_APB1PeriphClockCmd                 0x080026b4   Section        0  stm32f10x_rcc.o(i.RCC_APB1PeriphClockCmd)
    i.RCC_APB1PeriphResetCmd                 0x080026d4   Section        0  stm32f10x_rcc.o(i.RCC_APB1PeriphResetCmd)
    i.RCC_APB2PeriphClockCmd                 0x080026f4   Section        0  stm32f10x_rcc.o(i.RCC_APB2PeriphClockCmd)
    i.RCC_GetClocksFreq                      0x08002714   Section        0  stm32f10x_rcc.o(i.RCC_GetClocksFreq)
    i.SVC_Handler                            0x080027e8   Section        0  stm32f10x_it.o(i.SVC_Handler)
    i.Send_Stack_Data_RXNE_Handler           0x080027ec   Section        0  i2c.o(i.Send_Stack_Data_RXNE_Handler)
    i.Send_Stack_Data_TXE_Handler            0x08002870   Section        0  i2c.o(i.Send_Stack_Data_TXE_Handler)
    i.Send_Variable_Data_RXNE_Handler        0x08002874   Section        0  i2c.o(i.Send_Variable_Data_RXNE_Handler)
    i.Send_Variable_Data_TXE_Handler         0x08002924   Section        0  i2c.o(i.Send_Variable_Data_TXE_Handler)
    i.Serial_Init                            0x08002928   Section        0  serial.o(i.Serial_Init)
    i.Serial_SendByte                        0x080029e0   Section        0  serial.o(i.Serial_SendByte)
    i.Serial_SendString                      0x08002a00   Section        0  serial.o(i.Serial_SendString)
    i.Serial_Send_Count                      0x08002a1c   Section        0  main.o(i.Serial_Send_Count)
    i.SetSysClock                            0x08002c18   Section        0  system_stm32f10x.o(i.SetSysClock)
    SetSysClock                              0x08002c19   Thumb Code     8  system_stm32f10x.o(i.SetSysClock)
    i.SetSysClockTo72                        0x08002c20   Section        0  system_stm32f10x.o(i.SetSysClockTo72)
    SetSysClockTo72                          0x08002c21   Thumb Code   214  system_stm32f10x.o(i.SetSysClockTo72)
    i.Slave_GPIO_Init                        0x08002d00   Section        0  gpio.o(i.Slave_GPIO_Init)
    i.SysTick_Handler                        0x08002d38   Section        0  os_cpu_c.o(i.SysTick_Handler)
    i.SystemInit                             0x08002d60   Section        0  system_stm32f10x.o(i.SystemInit)
    i.TIM_Cmd                                0x08002dc0   Section        0  stm32f10x_tim.o(i.TIM_Cmd)
    i.TIM_InternalClockConfig                0x08002dd8   Section        0  stm32f10x_tim.o(i.TIM_InternalClockConfig)
    i.TIM_OC1Init                            0x08002de4   Section        0  stm32f10x_tim.o(i.TIM_OC1Init)
    i.TIM_OCStructInit                       0x08002e7c   Section        0  stm32f10x_tim.o(i.TIM_OCStructInit)
    i.TIM_SetCompare1                        0x08002e90   Section        0  stm32f10x_tim.o(i.TIM_SetCompare1)
    i.TIM_TimeBaseInit                       0x08002e94   Section        0  stm32f10x_tim.o(i.TIM_TimeBaseInit)
    i.Task_Switch_Request_RXNE_Handler       0x08002f38   Section        0  i2c.o(i.Task_Switch_Request_RXNE_Handler)
    i.Task_Switch_Request_TXE_Handler        0x08002f9c   Section        0  i2c.o(i.Task_Switch_Request_TXE_Handler)
    i.USART1_IRQHandler                      0x08002ff8   Section        0  serial.o(i.USART1_IRQHandler)
    i.USART_ClearITPendingBit                0x08003030   Section        0  stm32f10x_usart.o(i.USART_ClearITPendingBit)
    i.USART_Cmd                              0x0800304e   Section        0  stm32f10x_usart.o(i.USART_Cmd)
    i.USART_GetFlagStatus                    0x08003066   Section        0  stm32f10x_usart.o(i.USART_GetFlagStatus)
    i.USART_GetITStatus                      0x08003080   Section        0  stm32f10x_usart.o(i.USART_GetITStatus)
    i.USART_ITConfig                         0x080030d4   Section        0  stm32f10x_usart.o(i.USART_ITConfig)
    i.USART_Init                             0x08003120   Section        0  stm32f10x_usart.o(i.USART_Init)
    i.USART_ReceiveData                      0x080031f8   Section        0  stm32f10x_usart.o(i.USART_ReceiveData)
    i.USART_SendData                         0x08003202   Section        0  stm32f10x_usart.o(i.USART_SendData)
    i.UsageFault_Handler                     0x0800320a   Section        0  stm32f10x_it.o(i.UsageFault_Handler)
    i._is_digit                              0x0800320e   Section        0  __printf_wp.o(i._is_digit)
    i.main                                   0x0800321c   Section        0  main.o(i.main)
    .constdata                               0x080032fc   Section      256  os_core.o(.constdata)
    .constdata                               0x080033fc   Section       40  _printf_hex_int_ll_ptr.o(.constdata)
    uc_hextab                                0x080033fc   Data          20  _printf_hex_int_ll_ptr.o(.constdata)
    lc_hextab                                0x08003410   Data          20  _printf_hex_int_ll_ptr.o(.constdata)
    .constdata                               0x08003424   Section       17  __printf_flags_ss_wp.o(.constdata)
    maptable                                 0x08003424   Data          17  __printf_flags_ss_wp.o(.constdata)
    .data                                    0x20000000   Section       20  stm32f10x_rcc.o(.data)
    APBAHBPrescTable                         0x20000000   Data          16  stm32f10x_rcc.o(.data)
    ADCPrescTable                            0x20000010   Data           4  stm32f10x_rcc.o(.data)
    .data                                    0x20000014   Section        2  serial.o(.data)
    .data                                    0x20000018   Section       18  i2c.o(.data)
    size_h                                   0x20000019   Data           1  i2c.o(.data)
    size_l                                   0x2000001a   Data           1  i2c.o(.data)
    address                                  0x2000001c   Data           4  i2c.o(.data)
    size_h                                   0x20000020   Data           1  i2c.o(.data)
    size_l                                   0x20000021   Data           1  i2c.o(.data)
    address                                  0x20000024   Data           4  i2c.o(.data)
    count_idle                               0x20000028   Data           2  i2c.o(.data)
    .data                                    0x2000002c   Section      624  main.o(.data)
    .data                                    0x2000029c   Section        8  os_cpu_c.o(.data)
    .data                                    0x200002a4   Section       68  os_core.o(.data)
    .data                                    0x200002e8   Section       41  os_multi_core.o(.data)
    .bss                                     0x20000314   Section      152  i2c.o(.bss)
    .bss                                     0x200003ac   Section     1024  main.o(.bss)
    .bss                                     0x200007ac   Section     1024  os_cpu_c.o(.bss)
    .bss                                     0x20000bac   Section     3656  os_core.o(.bss)
    .bss                                     0x200019f4   Section     2560  os_multi_core.o(.bss)
    .bss                                     0x200023f4   Section       96  libspace.o(.bss)
    HEAP                                     0x20002458   Section      512  startup_stm32f10x_md.o(HEAP)
    Heap_Mem                                 0x20002458   Data         512  startup_stm32f10x_md.o(HEAP)
    STACK                                    0x20002658   Section     1024  startup_stm32f10x_md.o(STACK)
    Stack_Mem                                0x20002658   Data        1024  startup_stm32f10x_md.o(STACK)
    __initial_sp                             0x20002a58   Data           0  startup_stm32f10x_md.o(STACK)

    Global Symbols

    Symbol Name                              Value     Ov Type        Size  Object(Section)

    BuildAttributes$$THM_ISAv4$P$D$K$B$S$PE$A:L22UL41UL21$X:L11$S22US41US21$IEEE1$IW$USESV6$~STKCKD$USESV7$~SHL$OTIME$ROPI$IEEEJ$EBA8$UX$STANDARDLIB$REQ8$PRES8$EABIv2 0x00000000   Number         0  anon$$obj.o ABSOLUTE
    __ARM_use_no_argv                        0x00000000   Number         0  main.o ABSOLUTE
    _printf_flags                            0x00000000   Number         0  printf_stubs.o ABSOLUTE
    _printf_return_value                     0x00000000   Number         0  printf_stubs.o ABSOLUTE
    _printf_sizespec                         0x00000000   Number         0  printf_stubs.o ABSOLUTE
    _printf_widthprec                        0x00000000   Number         0  printf_stubs.o ABSOLUTE
    __ARM_exceptions_init                     - Undefined Weak Reference
    __alloca_initialize                       - Undefined Weak Reference
    __arm_preinit_                            - Undefined Weak Reference
    __cpp_initialize__aeabi_                  - Undefined Weak Reference
    __cxa_finalize                            - Undefined Weak Reference
    __sigvec_lookup                           - Undefined Weak Reference
    _atexit_init                              - Undefined Weak Reference
    _call_atexit_fns                          - Undefined Weak Reference
    _clock_init                               - Undefined Weak Reference
    _fp_trap_init                             - Undefined Weak Reference
    _fp_trap_shutdown                         - Undefined Weak Reference
    _get_lc_collate                           - Undefined Weak Reference
    _get_lc_monetary                          - Undefined Weak Reference
    _get_lc_time                              - Undefined Weak Reference
    _getenv_init                              - Undefined Weak Reference
    _handle_redirection                       - Undefined Weak Reference
    _init_alloc                               - Undefined Weak Reference
    _init_user_alloc                          - Undefined Weak Reference
    _initio                                   - Undefined Weak Reference
    _printf_mbtowc                            - Undefined Weak Reference
    _printf_wc                                - Undefined Weak Reference
    _rand_init                                - Undefined Weak Reference
    _signal_finish                            - Undefined Weak Reference
    _signal_init                              - Undefined Weak Reference
    _terminate_alloc                          - Undefined Weak Reference
    _terminate_user_alloc                     - Undefined Weak Reference
    _terminateio                              - Undefined Weak Reference
    __Vectors_Size                           0x000000ec   Number         0  startup_stm32f10x_md.o ABSOLUTE
    __Vectors                                0x08000000   Data           4  startup_stm32f10x_md.o(RESET)
    __Vectors_End                            0x080000ec   Data           0  startup_stm32f10x_md.o(RESET)
    __main                                   0x080000ed   Thumb Code     8  __main.o(!!!main)
    __scatterload                            0x080000f5   Thumb Code     0  __scatter.o(!!!scatter)
    __scatterload_rt2                        0x080000f5   Thumb Code    44  __scatter.o(!!!scatter)
    __scatterload_rt2_thumb_only             0x080000f5   Thumb Code     0  __scatter.o(!!!scatter)
    __scatterload_null                       0x08000103   Thumb Code     0  __scatter.o(!!!scatter)
    __decompress                             0x08000129   Thumb Code    90  __dczerorl2.o(!!dczerorl2)
    __decompress1                            0x08000129   Thumb Code     0  __dczerorl2.o(!!dczerorl2)
    __scatterload_zeroinit                   0x08000185   Thumb Code    28  __scatter_zi.o(!!handler_zi)
    _printf_d                                0x080001a1   Thumb Code     0  _printf_d.o(.ARM.Collect$$_printf_percent$$00000009)
    _printf_percent                          0x080001a1   Thumb Code     0  _printf_percent.o(.ARM.Collect$$_printf_percent$$00000000)
    _printf_x                                0x080001a7   Thumb Code     0  _printf_x.o(.ARM.Collect$$_printf_percent$$0000000C)
    _printf_percent_end                      0x080001ad   Thumb Code     0  _printf_percent_end.o(.ARM.Collect$$_printf_percent$$00000017)
    __rt_lib_init                            0x080001b1   Thumb Code     0  libinit.o(.ARM.Collect$$libinit$$00000000)
    __rt_lib_init_alloca_1                   0x080001b3   Thumb Code     0  libinit2.o(.ARM.Collect$$libinit$$0000002E)
    __rt_lib_init_argv_1                     0x080001b3   Thumb Code     0  libinit2.o(.ARM.Collect$$libinit$$0000002C)
    __rt_lib_init_atexit_1                   0x080001b3   Thumb Code     0  libinit2.o(.ARM.Collect$$libinit$$0000001B)
    __rt_lib_init_clock_1                    0x080001b3   Thumb Code     0  libinit2.o(.ARM.Collect$$libinit$$00000021)
    __rt_lib_init_cpp_1                      0x080001b3   Thumb Code     0  libinit2.o(.ARM.Collect$$libinit$$00000032)
    __rt_lib_init_exceptions_1               0x080001b3   Thumb Code     0  libinit2.o(.ARM.Collect$$libinit$$00000030)
    __rt_lib_init_fp_1                       0x080001b3   Thumb Code     0  libinit2.o(.ARM.Collect$$libinit$$00000002)
    __rt_lib_init_fp_trap_1                  0x080001b3   Thumb Code     0  libinit2.o(.ARM.Collect$$libinit$$0000001F)
    __rt_lib_init_getenv_1                   0x080001b3   Thumb Code     0  libinit2.o(.ARM.Collect$$libinit$$00000023)
    __rt_lib_init_heap_1                     0x080001b3   Thumb Code     0  libinit2.o(.ARM.Collect$$libinit$$0000000A)
    __rt_lib_init_lc_collate_1               0x080001b3   Thumb Code     0  libinit2.o(.ARM.Collect$$libinit$$00000011)
    __rt_lib_init_lc_ctype_1                 0x080001b3   Thumb Code     0  libinit2.o(.ARM.Collect$$libinit$$00000013)
    __rt_lib_init_lc_monetary_1              0x080001b3   Thumb Code     0  libinit2.o(.ARM.Collect$$libinit$$00000015)
    __rt_lib_init_lc_numeric_1               0x080001b3   Thumb Code     0  libinit2.o(.ARM.Collect$$libinit$$00000017)
    __rt_lib_init_lc_time_1                  0x080001b3   Thumb Code     0  libinit2.o(.ARM.Collect$$libinit$$00000019)
    __rt_lib_init_preinit_1                  0x080001b3   Thumb Code     0  libinit2.o(.ARM.Collect$$libinit$$00000004)
    __rt_lib_init_rand_1                     0x080001b3   Thumb Code     0  libinit2.o(.ARM.Collect$$libinit$$0000000E)
    __rt_lib_init_return                     0x080001b3   Thumb Code     0  libinit2.o(.ARM.Collect$$libinit$$00000033)
    __rt_lib_init_signal_1                   0x080001b3   Thumb Code     0  libinit2.o(.ARM.Collect$$libinit$$0000001D)
    __rt_lib_init_stdio_1                    0x080001b3   Thumb Code     0  libinit2.o(.ARM.Collect$$libinit$$00000025)
    __rt_lib_init_user_alloc_1               0x080001b3   Thumb Code     0  libinit2.o(.ARM.Collect$$libinit$$0000000C)
    __rt_lib_shutdown                        0x080001b5   Thumb Code     0  libshutdown.o(.ARM.Collect$$libshutdown$$00000000)
    __rt_lib_shutdown_cpp_1                  0x080001b7   Thumb Code     0  libshutdown2.o(.ARM.Collect$$libshutdown$$00000002)
    __rt_lib_shutdown_fp_trap_1              0x080001b7   Thumb Code     0  libshutdown2.o(.ARM.Collect$$libshutdown$$00000007)
    __rt_lib_shutdown_heap_1                 0x080001b7   Thumb Code     0  libshutdown2.o(.ARM.Collect$$libshutdown$$0000000F)
    __rt_lib_shutdown_return                 0x080001b7   Thumb Code     0  libshutdown2.o(.ARM.Collect$$libshutdown$$00000010)
    __rt_lib_shutdown_signal_1               0x080001b7   Thumb Code     0  libshutdown2.o(.ARM.Collect$$libshutdown$$0000000A)
    __rt_lib_shutdown_stdio_1                0x080001b7   Thumb Code     0  libshutdown2.o(.ARM.Collect$$libshutdown$$00000004)
    __rt_lib_shutdown_user_alloc_1           0x080001b7   Thumb Code     0  libshutdown2.o(.ARM.Collect$$libshutdown$$0000000C)
    __rt_entry                               0x080001b9   Thumb Code     0  __rtentry.o(.ARM.Collect$$rtentry$$00000000)
    __rt_entry_presh_1                       0x080001b9   Thumb Code     0  __rtentry2.o(.ARM.Collect$$rtentry$$00000002)
    __rt_entry_sh                            0x080001b9   Thumb Code     0  __rtentry4.o(.ARM.Collect$$rtentry$$00000004)
    __rt_entry_li                            0x080001bf   Thumb Code     0  __rtentry2.o(.ARM.Collect$$rtentry$$0000000A)
    __rt_entry_postsh_1                      0x080001bf   Thumb Code     0  __rtentry2.o(.ARM.Collect$$rtentry$$00000009)
    __rt_entry_main                          0x080001c3   Thumb Code     0  __rtentry2.o(.ARM.Collect$$rtentry$$0000000D)
    __rt_entry_postli_1                      0x080001c3   Thumb Code     0  __rtentry2.o(.ARM.Collect$$rtentry$$0000000C)
    __rt_exit                                0x080001cb   Thumb Code     0  rtexit.o(.ARM.Collect$$rtexit$$00000000)
    __rt_exit_ls                             0x080001cd   Thumb Code     0  rtexit2.o(.ARM.Collect$$rtexit$$00000003)
    __rt_exit_prels_1                        0x080001cd   Thumb Code     0  rtexit2.o(.ARM.Collect$$rtexit$$00000002)
    __rt_exit_exit                           0x080001d1   Thumb Code     0  rtexit2.o(.ARM.Collect$$rtexit$$00000004)
    Reset_Handler                            0x080001d9   Thumb Code     8  startup_stm32f10x_md.o(.text)
    ADC1_2_IRQHandler                        0x080001f3   Thumb Code     0  startup_stm32f10x_md.o(.text)
    CAN1_RX1_IRQHandler                      0x080001f3   Thumb Code     0  startup_stm32f10x_md.o(.text)
    CAN1_SCE_IRQHandler                      0x080001f3   Thumb Code     0  startup_stm32f10x_md.o(.text)
    DMA1_Channel1_IRQHandler                 0x080001f3   Thumb Code     0  startup_stm32f10x_md.o(.text)
    DMA1_Channel2_IRQHandler                 0x080001f3   Thumb Code     0  startup_stm32f10x_md.o(.text)
    DMA1_Channel3_IRQHandler                 0x080001f3   Thumb Code     0  startup_stm32f10x_md.o(.text)
    DMA1_Channel4_IRQHandler                 0x080001f3   Thumb Code     0  startup_stm32f10x_md.o(.text)
    DMA1_Channel5_IRQHandler                 0x080001f3   Thumb Code     0  startup_stm32f10x_md.o(.text)
    DMA1_Channel6_IRQHandler                 0x080001f3   Thumb Code     0  startup_stm32f10x_md.o(.text)
    DMA1_Channel7_IRQHandler                 0x080001f3   Thumb Code     0  startup_stm32f10x_md.o(.text)
    EXTI0_IRQHandler                         0x080001f3   Thumb Code     0  startup_stm32f10x_md.o(.text)
    EXTI1_IRQHandler                         0x080001f3   Thumb Code     0  startup_stm32f10x_md.o(.text)
    EXTI2_IRQHandler                         0x080001f3   Thumb Code     0  startup_stm32f10x_md.o(.text)
    EXTI3_IRQHandler                         0x080001f3   Thumb Code     0  startup_stm32f10x_md.o(.text)
    EXTI4_IRQHandler                         0x080001f3   Thumb Code     0  startup_stm32f10x_md.o(.text)
    EXTI9_5_IRQHandler                       0x080001f3   Thumb Code     0  startup_stm32f10x_md.o(.text)
    FLASH_IRQHandler                         0x080001f3   Thumb Code     0  startup_stm32f10x_md.o(.text)
    I2C1_ER_IRQHandler                       0x080001f3   Thumb Code     0  startup_stm32f10x_md.o(.text)
    I2C1_EV_IRQHandler                       0x080001f3   Thumb Code     0  startup_stm32f10x_md.o(.text)
    PVD_IRQHandler                           0x080001f3   Thumb Code     0  startup_stm32f10x_md.o(.text)
    RCC_IRQHandler                           0x080001f3   Thumb Code     0  startup_stm32f10x_md.o(.text)
    RTCAlarm_IRQHandler                      0x080001f3   Thumb Code     0  startup_stm32f10x_md.o(.text)
    RTC_IRQHandler                           0x080001f3   Thumb Code     0  startup_stm32f10x_md.o(.text)
    SPI1_IRQHandler                          0x080001f3   Thumb Code     0  startup_stm32f10x_md.o(.text)
    SPI2_IRQHandler                          0x080001f3   Thumb Code     0  startup_stm32f10x_md.o(.text)
    TAMPER_IRQHandler                        0x080001f3   Thumb Code     0  startup_stm32f10x_md.o(.text)
    TIM1_BRK_IRQHandler                      0x080001f3   Thumb Code     0  startup_stm32f10x_md.o(.text)
    TIM1_CC_IRQHandler                       0x080001f3   Thumb Code     0  startup_stm32f10x_md.o(.text)
    TIM1_TRG_COM_IRQHandler                  0x080001f3   Thumb Code     0  startup_stm32f10x_md.o(.text)
    TIM1_UP_IRQHandler                       0x080001f3   Thumb Code     0  startup_stm32f10x_md.o(.text)
    TIM2_IRQHandler                          0x080001f3   Thumb Code     0  startup_stm32f10x_md.o(.text)
    TIM3_IRQHandler                          0x080001f3   Thumb Code     0  startup_stm32f10x_md.o(.text)
    TIM4_IRQHandler                          0x080001f3   Thumb Code     0  startup_stm32f10x_md.o(.text)
    USART2_IRQHandler                        0x080001f3   Thumb Code     0  startup_stm32f10x_md.o(.text)
    USART3_IRQHandler                        0x080001f3   Thumb Code     0  startup_stm32f10x_md.o(.text)
    USBWakeUp_IRQHandler                     0x080001f3   Thumb Code     0  startup_stm32f10x_md.o(.text)
    USB_HP_CAN1_TX_IRQHandler                0x080001f3   Thumb Code     0  startup_stm32f10x_md.o(.text)
    USB_LP_CAN1_RX0_IRQHandler               0x080001f3   Thumb Code     0  startup_stm32f10x_md.o(.text)
    WWDG_IRQHandler                          0x080001f3   Thumb Code     0  startup_stm32f10x_md.o(.text)
    __user_initial_stackheap                 0x080001f5   Thumb Code     0  startup_stm32f10x_md.o(.text)
    OS_CPU_SR_Save                           0x08000219   Thumb Code     0  os_cpu_a.o(.text)
    OS_CPU_SR_Restore                        0x08000235   Thumb Code     0  os_cpu_a.o(.text)
    OSStartHighRdy                           0x08000247   Thumb Code     0  os_cpu_a.o(.text)
    OSCtxSw                                  0x0800029f   Thumb Code     0  os_cpu_a.o(.text)
    OSIntCtxSw                               0x0800029f   Thumb Code     0  os_cpu_a.o(.text)
    PendSV_Handler                           0x080002a9   Thumb Code     0  os_cpu_a.o(.text)
    SystemInit1                              0x080002f3   Thumb Code     0  os_cpu_a.o(.text)
    __2sprintf                               0x080003c1   Thumb Code    38  __2sprintf.o(.text)
    _printf_int_dec                          0x080003ed   Thumb Code   104  _printf_dec.o(.text)
    _printf_longlong_hex                     0x08000465   Thumb Code    86  _printf_hex_int_ll_ptr.o(.text)
    _printf_int_hex                          0x080004bb   Thumb Code    28  _printf_hex_int_ll_ptr.o(.text)
    _printf_ll_hex                           0x080004d7   Thumb Code    12  _printf_hex_int_ll_ptr.o(.text)
    _printf_hex_ptr                          0x080004e3   Thumb Code    18  _printf_hex_int_ll_ptr.o(.text)
    __printf                                 0x080004f9   Thumb Code   388  __printf_flags_ss_wp.o(.text)
    __use_two_region_memory                  0x08000681   Thumb Code     2  heapauxi.o(.text)
    __rt_heap_escrow$2region                 0x08000683   Thumb Code     2  heapauxi.o(.text)
    __rt_heap_expand$2region                 0x08000685   Thumb Code     2  heapauxi.o(.text)
    _printf_int_common                       0x08000687   Thumb Code   178  _printf_intcommon.o(.text)
    _printf_char_common                      0x08000743   Thumb Code    32  _printf_char_common.o(.text)
    _sputc                                   0x08000769   Thumb Code    10  _sputc.o(.text)
    __user_setup_stackheap                   0x08000773   Thumb Code    74  sys_stackheap_outer.o(.text)
    exit                                     0x080007bd   Thumb Code    18  exit.o(.text)
    __user_libspace                          0x080007d1   Thumb Code     8  libspace.o(.text)
    __user_perproc_libspace                  0x080007d1   Thumb Code     0  libspace.o(.text)
    __user_perthread_libspace                0x080007d1   Thumb Code     0  libspace.o(.text)
    _sys_exit                                0x080007d9   Thumb Code     8  sys_exit.o(.text)
    __I$use$semihosting                      0x080007e5   Thumb Code     0  use_no_semi.o(.text)
    __use_no_semihosting_swi                 0x080007e5   Thumb Code     2  use_no_semi.o(.text)
    App_TCBInitHook                          0x080007e7   Thumb Code     2  app_hooks.o(i.App_TCBInitHook)
    __semihosting_library_function           0x080007e7   Thumb Code     0  indicate_semi.o(.text)
    App_TaskCreateHook                       0x080007e9   Thumb Code     2  app_hooks.o(i.App_TaskCreateHook)
    App_TaskDelHook                          0x080007eb   Thumb Code     2  app_hooks.o(i.App_TaskDelHook)
    App_TaskIdleHook                         0x080007ed   Thumb Code     2  app_hooks.o(i.App_TaskIdleHook)
    App_TaskReturnHook                       0x080007ef   Thumb Code     2  app_hooks.o(i.App_TaskReturnHook)
    App_TaskSwHook                           0x080007f1   Thumb Code     2  app_hooks.o(i.App_TaskSwHook)
    App_TimeTickHook                         0x080007f3   Thumb Code     2  app_hooks.o(i.App_TimeTickHook)
    BusFault_Handler                         0x080007f5   Thumb Code     4  stm32f10x_it.o(i.BusFault_Handler)
    Clear_Flag                               0x080007f9   Thumb Code    20  i2c.o(i.Clear_Flag)
    DebugMon_Handler                         0x08000815   Thumb Code     2  stm32f10x_it.o(i.DebugMon_Handler)
    EXTI15_10_IRQHandler                     0x08000819   Thumb Code    40  gpio.o(i.EXTI15_10_IRQHandler)
    EXTI_ClearITPendingBit                   0x0800084d   Thumb Code     6  stm32f10x_exti.o(i.EXTI_ClearITPendingBit)
    EXTI_GetITStatus                         0x08000859   Thumb Code    34  stm32f10x_exti.o(i.EXTI_GetITStatus)
    EXTI_Init                                0x08000881   Thumb Code   142  stm32f10x_exti.o(i.EXTI_Init)
    GPIO_EXTILineConfig                      0x08000915   Thumb Code    60  stm32f10x_gpio.o(i.GPIO_EXTILineConfig)
    GPIO_EXTI_Init                           0x08000955   Thumb Code   106  gpio.o(i.GPIO_EXTI_Init)
    GPIO_Init                                0x080009c5   Thumb Code   278  stm32f10x_gpio.o(i.GPIO_Init)
    GPIO_ResetBits                           0x08000adb   Thumb Code     4  stm32f10x_gpio.o(i.GPIO_ResetBits)
    Get_CPU_Usage_RXNE_Handler               0x08000adf   Thumb Code     2  i2c.o(i.Get_CPU_Usage_RXNE_Handler)
    Get_CPU_Usage_TXE_Handler                0x08000ae1   Thumb Code    88  i2c.o(i.Get_CPU_Usage_TXE_Handler)
    Get_Stack_Data_RXNE_Handler              0x08000b49   Thumb Code    76  i2c.o(i.Get_Stack_Data_RXNE_Handler)
    Get_Stack_Data_TXE_Handler               0x08000ba1   Thumb Code    78  i2c.o(i.Get_Stack_Data_TXE_Handler)
    Get_Variable_Data_RXNE_Handler           0x08000bf9   Thumb Code     2  i2c.o(i.Get_Variable_Data_RXNE_Handler)
    Get_Variable_Data_TXE_Handler            0x08000bfd   Thumb Code   116  i2c.o(i.Get_Variable_Data_TXE_Handler)
    HardFault_Handler                        0x08000c7d   Thumb Code     4  stm32f10x_it.o(i.HardFault_Handler)
    I2C2_ER_IRQHandler                       0x08000c81   Thumb Code   102  i2c.o(i.I2C2_ER_IRQHandler)
    I2C2_EV_IRQHandler                       0x08000cf5   Thumb Code   310  i2c.o(i.I2C2_EV_IRQHandler)
    I2C2_Master_Init                         0x08000e3d   Thumb Code   106  i2c.o(i.I2C2_Master_Init)
    I2C2_Slave_Init                          0x08000eb5   Thumb Code   198  i2c.o(i.I2C2_Slave_Init)
    I2C2_Write                               0x08000f91   Thumb Code   206  i2c.o(i.I2C2_Write)
    I2C_AcknowledgeConfig                    0x08001071   Thumb Code    24  stm32f10x_i2c.o(i.I2C_AcknowledgeConfig)
    I2C_CheckEvent                           0x08001089   Thumb Code    42  stm32f10x_i2c.o(i.I2C_CheckEvent)
    I2C_ClearITPendingBit                    0x080010b3   Thumb Code    12  stm32f10x_i2c.o(i.I2C_ClearITPendingBit)
    I2C_Cmd                                  0x080010bf   Thumb Code    24  stm32f10x_i2c.o(i.I2C_Cmd)
    I2C_Flag_Init                            0x080010d7   Thumb Code    26  i2c.o(i.I2C_Flag_Init)
    I2C_GenerateSTART                        0x080010f1   Thumb Code    24  stm32f10x_i2c.o(i.I2C_GenerateSTART)
    I2C_GenerateSTOP                         0x08001109   Thumb Code    24  stm32f10x_i2c.o(i.I2C_GenerateSTOP)
    I2C_GetITStatus                          0x08001121   Thumb Code    38  stm32f10x_i2c.o(i.I2C_GetITStatus)
    I2C_ITConfig                             0x08001147   Thumb Code    18  stm32f10x_i2c.o(i.I2C_ITConfig)
    I2C_Init                                 0x08001159   Thumb Code   222  stm32f10x_i2c.o(i.I2C_Init)
    I2C_ReceiveData                          0x08001245   Thumb Code     8  stm32f10x_i2c.o(i.I2C_ReceiveData)
    I2C_Send7bitAddress                      0x0800124d   Thumb Code    18  stm32f10x_i2c.o(i.I2C_Send7bitAddress)
    I2C_SendData                             0x0800125f   Thumb Code     4  stm32f10x_i2c.o(i.I2C_SendData)
    Is_Busy_RXNE_Handler                     0x08001263   Thumb Code     2  i2c.o(i.Is_Busy_RXNE_Handler)
    Is_Busy_TXE_Handler                      0x08001265   Thumb Code    64  i2c.o(i.Is_Busy_TXE_Handler)
    MemManage_Handler                        0x080012ad   Thumb Code     4  stm32f10x_it.o(i.MemManage_Handler)
    NMI_Handler                              0x080012b1   Thumb Code     2  stm32f10x_it.o(i.NMI_Handler)
    NVIC_Init                                0x080012b5   Thumb Code   100  misc.o(i.NVIC_Init)
    NVIC_PriorityGroupConfig                 0x08001325   Thumb Code    10  misc.o(i.NVIC_PriorityGroupConfig)
    OSEnterQueue                             0x08001339   Thumb Code    26  os_multi_core.o(i.OSEnterQueue)
    OSInit                                   0x08001355   Thumb Code    58  os_core.o(i.OSInit)
    OSInitHookBegin                          0x08001395   Thumb Code    42  os_cpu_c.o(i.OSInitHookBegin)
    OSInitHookEnd                            0x080013d1   Thumb Code     2  os_cpu_c.o(i.OSInitHookEnd)
    OSInitQueue                              0x080013d3   Thumb Code    26  os_multi_core.o(i.OSInitQueue)
    OSIntEnter                               0x080013ed   Thumb Code    28  os_core.o(i.OSIntEnter)
    OSIntExit                                0x08001411   Thumb Code   122  os_core.o(i.OSIntExit)
    OSMultiHardwareInit                      0x080014ad   Thumb Code    30  os_multi_core.o(i.OSMultiHardwareInit)
    OSMultiSemInit                           0x080014d1   Thumb Code    44  os_multi_core.o(i.OSMultiSemInit)
    OSSemCreate                              0x0800150d   Thumb Code    82  os_sem.o(i.OSSemCreate)
    OSSemPost                                0x0800156d   Thumb Code   112  os_sem.o(i.OSSemPost)
    OSStart                                  0x080015dd   Thumb Code    48  os_core.o(i.OSStart)
    OSTCBInitHook                            0x08001625   Thumb Code    12  os_cpu_c.o(i.OSTCBInitHook)
    OSTaskCreate                             0x08001631   Thumb Code   198  os_task.o(i.OSTaskCreate)
    OSTaskCreateExt                          0x08001705   Thumb Code   216  os_task.o(i.OSTaskCreateExt)
    OSTaskCreateHook                         0x080017e9   Thumb Code    12  os_cpu_c.o(i.OSTaskCreateHook)
    OSTaskDel                                0x080017f5   Thumb Code   346  os_task.o(i.OSTaskDel)
    OSTaskDelHook                            0x0800197d   Thumb Code    12  os_cpu_c.o(i.OSTaskDelHook)
    OSTaskIdleHook                           0x08001989   Thumb Code     8  os_cpu_c.o(i.OSTaskIdleHook)
    OSTaskNameSet                            0x08001991   Thumb Code   138  os_task.o(i.OSTaskNameSet)
    OSTaskReturnHook                         0x08001a29   Thumb Code    12  os_cpu_c.o(i.OSTaskReturnHook)
    OSTaskStkInit                            0x08001a35   Thumb Code   170  os_cpu_c.o(i.OSTaskStkInit)
    OSTaskSwHook                             0x08001ae5   Thumb Code     8  os_cpu_c.o(i.OSTaskSwHook)
    OSTimeDly                                0x08001aed   Thumb Code   110  os_time.o(i.OSTimeDly)
    OSTimeTick                               0x08001b71   Thumb Code   450  os_core.o(i.OSTimeTick)
    OSTimeTickHook                           0x08001d5d   Thumb Code     8  os_cpu_c.o(i.OSTimeTickHook)
    OS_Dummy                                 0x08001d65   Thumb Code     2  os_core.o(i.OS_Dummy)
    OS_EventTaskRdy                          0x08001d69   Thumb Code   132  os_core.o(i.OS_EventTaskRdy)
    OS_EventTaskRemove                       0x08001dfd   Thumb Code    46  os_core.o(i.OS_EventTaskRemove)
    OS_EventTaskRemoveMulti                  0x08001e2b   Thumb Code    58  os_core.o(i.OS_EventTaskRemoveMulti)
    OS_EventWaitListInit                     0x08001e65   Thumb Code    28  os_core.o(i.OS_EventWaitListInit)
    OS_FlagInit                              0x08001e81   Thumb Code    74  os_flag.o(i.OS_FlagInit)
    OS_FlagUnlink                            0x08001ed9   Thumb Code    36  os_flag.o(i.OS_FlagUnlink)
    OS_GetCpuUsage                           0x08001efd   Thumb Code    54  os_multi_core.o(i.OS_GetCpuUsage)
    OS_MemClr                                0x080020e1   Thumb Code    18  os_core.o(i.OS_MemClr)
    OS_MemInit                               0x080020f5   Thumb Code    74  os_mem.o(i.OS_MemInit)
    OS_QInit                                 0x0800214d   Thumb Code    72  os_q.o(i.OS_QInit)
    OS_Read2                                 0x0800219d   Thumb Code   362  os_multi_core.o(i.OS_Read2)
    OS_Sched                                 0x08002315   Thumb Code    98  os_core.o(i.OS_Sched)
    OS_TCBInit                               0x080023c1   Thumb Code   352  os_core.o(i.OS_TCBInit)
    OS_TaskIdle                              0x0800253d   Thumb Code    42  os_core.o(i.OS_TaskIdle)
    OS_TaskReturn                            0x0800256d   Thumb Code    18  os_task.o(i.OS_TaskReturn)
    OS_TaskStkClr                            0x08002585   Thumb Code    26  os_task.o(i.OS_TaskStkClr)
    OS_Write                                 0x0800259f   Thumb Code    28  os_multi_core.o(i.OS_Write)
    PWM_Init                                 0x080025bd   Thumb Code   146  pwm.o(i.PWM_Init)
    PWM_Led                                  0x08002655   Thumb Code    74  main.o(i.PWM_Led)
    PWM_SetCompare1                          0x080026a5   Thumb Code    16  pwm.o(i.PWM_SetCompare1)
    RCC_APB1PeriphClockCmd                   0x080026b5   Thumb Code    26  stm32f10x_rcc.o(i.RCC_APB1PeriphClockCmd)
    RCC_APB1PeriphResetCmd                   0x080026d5   Thumb Code    26  stm32f10x_rcc.o(i.RCC_APB1PeriphResetCmd)
    RCC_APB2PeriphClockCmd                   0x080026f5   Thumb Code    26  stm32f10x_rcc.o(i.RCC_APB2PeriphClockCmd)
    RCC_GetClocksFreq                        0x08002715   Thumb Code   192  stm32f10x_rcc.o(i.RCC_GetClocksFreq)
    SVC_Handler                              0x080027e9   Thumb Code     2  stm32f10x_it.o(i.SVC_Handler)
    Send_Stack_Data_RXNE_Handler             0x080027ed   Thumb Code   112  i2c.o(i.Send_Stack_Data_RXNE_Handler)
    Send_Stack_Data_TXE_Handler              0x08002871   Thumb Code     2  i2c.o(i.Send_Stack_Data_TXE_Handler)
    Send_Variable_Data_RXNE_Handler          0x08002875   Thumb Code   156  i2c.o(i.Send_Variable_Data_RXNE_Handler)
    Send_Variable_Data_TXE_Handler           0x08002925   Thumb Code     2  i2c.o(i.Send_Variable_Data_TXE_Handler)
    Serial_Init                              0x08002929   Thumb Code   174  serial.o(i.Serial_Init)
    Serial_SendByte                          0x080029e1   Thumb Code    28  serial.o(i.Serial_SendByte)
    Serial_SendString                        0x08002a01   Thumb Code    26  serial.o(i.Serial_SendString)
    Serial_Send_Count                        0x08002a1d   Thumb Code   274  main.o(i.Serial_Send_Count)
    Slave_GPIO_Init                          0x08002d01   Thumb Code    50  gpio.o(i.Slave_GPIO_Init)
    SysTick_Handler                          0x08002d39   Thumb Code    38  os_cpu_c.o(i.SysTick_Handler)
    SystemInit                               0x08002d61   Thumb Code    78  system_stm32f10x.o(i.SystemInit)
    TIM_Cmd                                  0x08002dc1   Thumb Code    24  stm32f10x_tim.o(i.TIM_Cmd)
    TIM_InternalClockConfig                  0x08002dd9   Thumb Code    12  stm32f10x_tim.o(i.TIM_InternalClockConfig)
    TIM_OC1Init                              0x08002de5   Thumb Code   132  stm32f10x_tim.o(i.TIM_OC1Init)
    TIM_OCStructInit                         0x08002e7d   Thumb Code    20  stm32f10x_tim.o(i.TIM_OCStructInit)
    TIM_SetCompare1                          0x08002e91   Thumb Code     4  stm32f10x_tim.o(i.TIM_SetCompare1)
    TIM_TimeBaseInit                         0x08002e95   Thumb Code   122  stm32f10x_tim.o(i.TIM_TimeBaseInit)
    Task_Switch_Request_RXNE_Handler         0x08002f39   Thumb Code    82  i2c.o(i.Task_Switch_Request_RXNE_Handler)
    Task_Switch_Request_TXE_Handler          0x08002f9d   Thumb Code    80  i2c.o(i.Task_Switch_Request_TXE_Handler)
    USART1_IRQHandler                        0x08002ff9   Thumb Code    44  serial.o(i.USART1_IRQHandler)
    USART_ClearITPendingBit                  0x08003031   Thumb Code    30  stm32f10x_usart.o(i.USART_ClearITPendingBit)
    USART_Cmd                                0x0800304f   Thumb Code    24  stm32f10x_usart.o(i.USART_Cmd)
    USART_GetFlagStatus                      0x08003067   Thumb Code    26  stm32f10x_usart.o(i.USART_GetFlagStatus)
    USART_GetITStatus                        0x08003081   Thumb Code    84  stm32f10x_usart.o(i.USART_GetITStatus)
    USART_ITConfig                           0x080030d5   Thumb Code    74  stm32f10x_usart.o(i.USART_ITConfig)
    USART_Init                               0x08003121   Thumb Code   210  stm32f10x_usart.o(i.USART_Init)
    USART_ReceiveData                        0x080031f9   Thumb Code    10  stm32f10x_usart.o(i.USART_ReceiveData)
    USART_SendData                           0x08003203   Thumb Code     8  stm32f10x_usart.o(i.USART_SendData)
    UsageFault_Handler                       0x0800320b   Thumb Code     4  stm32f10x_it.o(i.UsageFault_Handler)
    _is_digit                                0x0800320f   Thumb Code    14  __printf_wp.o(i._is_digit)
    main                                     0x0800321d   Thumb Code   166  main.o(i.main)
    OSUnMapTbl                               0x080032fc   Data         256  os_core.o(.constdata)
    Region$$Table$$Base                      0x08003438   Number         0  anon$$obj.o(Region$$Table)
    Region$$Table$$Limit                     0x08003458   Number         0  anon$$obj.o(Region$$Table)
    Serial_RxData                            0x20000014   Data           1  serial.o(.data)
    Serial_RxFlag                            0x20000015   Data           1  serial.o(.data)
    i2c_state                                0x20000018   Data           1  i2c.o(.data)
    ID                                       0x2000002c   Data           4  main.o(.data)
    str                                      0x20000030   Data         512  main.o(.data)
    tempData                                 0x20000230   Data           9  main.o(.data)
    id                                       0x2000023c   Data           4  main.o(.data)
    Stack3                                   0x20000240   Data          88  main.o(.data)
    Stack_len                                0x20000298   Data           4  main.o(.data)
    OS_CPU_ExceptStkBase                     0x2000029c   Data           4  os_cpu_c.o(.data)
    OS_KA_BASEPRI_Boundary                   0x200002a0   Data           4  os_cpu_c.o(.data)
    OSCtxSwCtr                               0x200002a4   Data           4  os_core.o(.data)
    OSEventFreeList                          0x200002a8   Data           4  os_core.o(.data)
    OSFlagFreeList                           0x200002ac   Data           4  os_core.o(.data)
    OSIntNesting                             0x200002b0   Data           1  os_core.o(.data)
    OSLockNesting                            0x200002b1   Data           1  os_core.o(.data)
    OSPrioCur                                0x200002b2   Data           1  os_core.o(.data)
    OSPrioHighRdy                            0x200002b3   Data           1  os_core.o(.data)
    OSRdyGrp                                 0x200002b4   Data           1  os_core.o(.data)
    OSRdyTbl                                 0x200002b5   Data           8  os_core.o(.data)
    OSRunning                                0x200002bd   Data           1  os_core.o(.data)
    OSTaskCtr                                0x200002be   Data           1  os_core.o(.data)
    OSIdleCtr                                0x200002c0   Data           4  os_core.o(.data)
    OSTCBCur                                 0x200002c4   Data           4  os_core.o(.data)
    OSTCBFreeList                            0x200002c8   Data           4  os_core.o(.data)
    OSTCBHighRdy                             0x200002cc   Data           4  os_core.o(.data)
    OSTCBList                                0x200002d0   Data           4  os_core.o(.data)
    OSTickStepState                          0x200002d4   Data           1  os_core.o(.data)
    OSMemFreeList                            0x200002d8   Data           4  os_core.o(.data)
    OSQFreeList                              0x200002dc   Data           4  os_core.o(.data)
    OSTaskRegNextAvailID                     0x200002e0   Data           1  os_core.o(.data)
    OSTime                                   0x200002e4   Data           4  os_core.o(.data)
    OSCoreID                                 0x200002e8   Data           1  os_multi_core.o(.data)
    GetStackSem                              0x200002ec   Data           4  os_multi_core.o(.data)
    SendDataSem                              0x200002f0   Data           4  os_multi_core.o(.data)
    TaskSuspendSem                           0x200002f4   Data           4  os_multi_core.o(.data)
    DataTransferSem                          0x200002f8   Data           4  os_multi_core.o(.data)
    os_queue                                 0x200002fc   Data           8  os_multi_core.o(.data)
    OSDevAddrs                               0x20000304   Data           2  os_multi_core.o(.data)
    OSDevNums                                0x20000306   Data           1  os_multi_core.o(.data)
    OSMinCountPrio                           0x20000307   Data           1  os_multi_core.o(.data)
    OSMinCount                               0x20000308   Data           2  os_multi_core.o(.data)
    total_count                              0x2000030c   Data           4  os_multi_core.o(.data)
    OSSuspendTaskPrio                        0x20000310   Data           1  os_multi_core.o(.data)
    iflag                                    0x20000314   Data          24  i2c.o(.bss)
    sendstack                                0x2000032c   Data         128  i2c.o(.bss)
    Task_PWM_Led_STK                         0x200003ac   Data         512  main.o(.bss)
    Task_Serial_STK                          0x200005ac   Data         512  main.o(.bss)
    OS_CPU_ExceptStk                         0x200007ac   Data        1024  os_cpu_c.o(.bss)
    OSEventTbl                               0x20000bac   Data         240  os_core.o(.bss)
    OSFlagTbl                                0x20000c9c   Data          80  os_core.o(.bss)
    OSTaskIdleStk                            0x20000cec   Data         512  os_core.o(.bss)
    OSTCBPrioTbl                             0x20000eec   Data         256  os_core.o(.bss)
    OSTCBTbl                                 0x20000fec   Data        2352  os_core.o(.bss)
    OSMemTbl                                 0x2000191c   Data         120  os_core.o(.bss)
    OSQTbl                                   0x20001994   Data          96  os_core.o(.bss)
    Task_Switch_Buffer                       0x200019f4   Data         512  os_multi_core.o(.bss)
    Data_Transfer_Buffer                     0x20001bf4   Data         512  os_multi_core.o(.bss)
    Task_Multi_Core_Sched_STK                0x20001df4   Data         512  os_multi_core.o(.bss)
    Task_Multi_Core_Suspend_STK              0x20001ff4   Data         512  os_multi_core.o(.bss)
    Task_Multi_Core_Data_Transfer_STK        0x200021f4   Data         512  os_multi_core.o(.bss)
    __libspace_start                         0x200023f4   Data          96  libspace.o(.bss)
    __temporary_stack_top$libspace           0x20002454   Data           0  libspace.o(.bss)



==============================================================================

Memory Map of the image

  Image Entry point : 0x080000ed

  Load Region LR_IROM1 (Base: 0x08000000, Size: 0x0000376c, Max: 0x00010000, ABSOLUTE, COMPRESSED[0x000034c8])

    Execution Region ER_IROM1 (Exec base: 0x08000000, Load base: 0x08000000, Size: 0x00003458, Max: 0x00010000, ABSOLUTE)

    Exec Addr    Load Addr    Size         Type   Attr      Idx    E Section Name        Object

    0x08000000   0x08000000   0x000000ec   Data   RO            3    RESET               startup_stm32f10x_md.o
    0x080000ec   0x080000ec   0x00000008   Code   RO         4888  * !!!main             c_w.l(__main.o)
    0x080000f4   0x080000f4   0x00000034   Code   RO         5163    !!!scatter          c_w.l(__scatter.o)
    0x08000128   0x08000128   0x0000005a   Code   RO         5161    !!dczerorl2         c_w.l(__dczerorl2.o)
    0x08000182   0x08000182   0x00000002   PAD
    0x08000184   0x08000184   0x0000001c   Code   RO         5165    !!handler_zi        c_w.l(__scatter_zi.o)
    0x080001a0   0x080001a0   0x00000000   Code   RO         4883    .ARM.Collect$$_printf_percent$$00000000  c_w.l(_printf_percent.o)
    0x080001a0   0x080001a0   0x00000006   Code   RO         4882    .ARM.Collect$$_printf_percent$$00000009  c_w.l(_printf_d.o)
    0x080001a6   0x080001a6   0x00000006   Code   RO         4881    .ARM.Collect$$_printf_percent$$0000000C  c_w.l(_printf_x.o)
    0x080001ac   0x080001ac   0x00000004   Code   RO         4925    .ARM.Collect$$_printf_percent$$00000017  c_w.l(_printf_percent_end.o)
    0x080001b0   0x080001b0   0x00000002   Code   RO         5021    .ARM.Collect$$libinit$$00000000  c_w.l(libinit.o)
    0x080001b2   0x080001b2   0x00000000   Code   RO         5038    .ARM.Collect$$libinit$$00000002  c_w.l(libinit2.o)
    0x080001b2   0x080001b2   0x00000000   Code   RO         5040    .ARM.Collect$$libinit$$00000004  c_w.l(libinit2.o)
    0x080001b2   0x080001b2   0x00000000   Code   RO         5043    .ARM.Collect$$libinit$$0000000A  c_w.l(libinit2.o)
    0x080001b2   0x080001b2   0x00000000   Code   RO         5045    .ARM.Collect$$libinit$$0000000C  c_w.l(libinit2.o)
    0x080001b2   0x080001b2   0x00000000   Code   RO         5047    .ARM.Collect$$libinit$$0000000E  c_w.l(libinit2.o)
    0x080001b2   0x080001b2   0x00000000   Code   RO         5050    .ARM.Collect$$libinit$$00000011  c_w.l(libinit2.o)
    0x080001b2   0x080001b2   0x00000000   Code   RO         5052    .ARM.Collect$$libinit$$00000013  c_w.l(libinit2.o)
    0x080001b2   0x080001b2   0x00000000   Code   RO         5054    .ARM.Collect$$libinit$$00000015  c_w.l(libinit2.o)
    0x080001b2   0x080001b2   0x00000000   Code   RO         5056    .ARM.Collect$$libinit$$00000017  c_w.l(libinit2.o)
    0x080001b2   0x080001b2   0x00000000   Code   RO         5058    .ARM.Collect$$libinit$$00000019  c_w.l(libinit2.o)
    0x080001b2   0x080001b2   0x00000000   Code   RO         5060    .ARM.Collect$$libinit$$0000001B  c_w.l(libinit2.o)
    0x080001b2   0x080001b2   0x00000000   Code   RO         5062    .ARM.Collect$$libinit$$0000001D  c_w.l(libinit2.o)
    0x080001b2   0x080001b2   0x00000000   Code   RO         5064    .ARM.Collect$$libinit$$0000001F  c_w.l(libinit2.o)
    0x080001b2   0x080001b2   0x00000000   Code   RO         5066    .ARM.Collect$$libinit$$00000021  c_w.l(libinit2.o)
    0x080001b2   0x080001b2   0x00000000   Code   RO         5068    .ARM.Collect$$libinit$$00000023  c_w.l(libinit2.o)
    0x080001b2   0x080001b2   0x00000000   Code   RO         5070    .ARM.Collect$$libinit$$00000025  c_w.l(libinit2.o)
    0x080001b2   0x080001b2   0x00000000   Code   RO         5074    .ARM.Collect$$libinit$$0000002C  c_w.l(libinit2.o)
    0x080001b2   0x080001b2   0x00000000   Code   RO         5076    .ARM.Collect$$libinit$$0000002E  c_w.l(libinit2.o)
    0x080001b2   0x080001b2   0x00000000   Code   RO         5078    .ARM.Collect$$libinit$$00000030  c_w.l(libinit2.o)
    0x080001b2   0x080001b2   0x00000000   Code   RO         5080    .ARM.Collect$$libinit$$00000032  c_w.l(libinit2.o)
    0x080001b2   0x080001b2   0x00000002   Code   RO         5081    .ARM.Collect$$libinit$$00000033  c_w.l(libinit2.o)
    0x080001b4   0x080001b4   0x00000002   Code   RO         5101    .ARM.Collect$$libshutdown$$00000000  c_w.l(libshutdown.o)
    0x080001b6   0x080001b6   0x00000000   Code   RO         5114    .ARM.Collect$$libshutdown$$00000002  c_w.l(libshutdown2.o)
    0x080001b6   0x080001b6   0x00000000   Code   RO         5116    .ARM.Collect$$libshutdown$$00000004  c_w.l(libshutdown2.o)
    0x080001b6   0x080001b6   0x00000000   Code   RO         5119    .ARM.Collect$$libshutdown$$00000007  c_w.l(libshutdown2.o)
    0x080001b6   0x080001b6   0x00000000   Code   RO         5122    .ARM.Collect$$libshutdown$$0000000A  c_w.l(libshutdown2.o)
    0x080001b6   0x080001b6   0x00000000   Code   RO         5124    .ARM.Collect$$libshutdown$$0000000C  c_w.l(libshutdown2.o)
    0x080001b6   0x080001b6   0x00000000   Code   RO         5127    .ARM.Collect$$libshutdown$$0000000F  c_w.l(libshutdown2.o)
    0x080001b6   0x080001b6   0x00000002   Code   RO         5128    .ARM.Collect$$libshutdown$$00000010  c_w.l(libshutdown2.o)
    0x080001b8   0x080001b8   0x00000000   Code   RO         4890    .ARM.Collect$$rtentry$$00000000  c_w.l(__rtentry.o)
    0x080001b8   0x080001b8   0x00000000   Code   RO         4946    .ARM.Collect$$rtentry$$00000002  c_w.l(__rtentry2.o)
    0x080001b8   0x080001b8   0x00000006   Code   RO         4958    .ARM.Collect$$rtentry$$00000004  c_w.l(__rtentry4.o)
    0x080001be   0x080001be   0x00000000   Code   RO         4948    .ARM.Collect$$rtentry$$00000009  c_w.l(__rtentry2.o)
    0x080001be   0x080001be   0x00000004   Code   RO         4949    .ARM.Collect$$rtentry$$0000000A  c_w.l(__rtentry2.o)
    0x080001c2   0x080001c2   0x00000000   Code   RO         4951    .ARM.Collect$$rtentry$$0000000C  c_w.l(__rtentry2.o)
    0x080001c2   0x080001c2   0x00000008   Code   RO         4952    .ARM.Collect$$rtentry$$0000000D  c_w.l(__rtentry2.o)
    0x080001ca   0x080001ca   0x00000002   Code   RO         5030    .ARM.Collect$$rtexit$$00000000  c_w.l(rtexit.o)
    0x080001cc   0x080001cc   0x00000000   Code   RO         5083    .ARM.Collect$$rtexit$$00000002  c_w.l(rtexit2.o)
    0x080001cc   0x080001cc   0x00000004   Code   RO         5084    .ARM.Collect$$rtexit$$00000003  c_w.l(rtexit2.o)
    0x080001d0   0x080001d0   0x00000006   Code   RO         5085    .ARM.Collect$$rtexit$$00000004  c_w.l(rtexit2.o)
    0x080001d6   0x080001d6   0x00000002   PAD
    0x080001d8   0x080001d8   0x00000040   Code   RO            4    .text               startup_stm32f10x_md.o
    0x08000218   0x08000218   0x000001a8   Code   RO         3871    .text               os_cpu_a.o
    0x080003c0   0x080003c0   0x0000002c   Code   RO         4830    .text               c_w.l(__2sprintf.o)
    0x080003ec   0x080003ec   0x00000078   Code   RO         4838    .text               c_w.l(_printf_dec.o)
    0x08000464   0x08000464   0x00000094   Code   RO         4858    .text               c_w.l(_printf_hex_int_ll_ptr.o)
    0x080004f8   0x080004f8   0x00000188   Code   RO         4878    .text               c_w.l(__printf_flags_ss_wp.o)
    0x08000680   0x08000680   0x00000006   Code   RO         4886    .text               c_w.l(heapauxi.o)
    0x08000686   0x08000686   0x000000b2   Code   RO         4895    .text               c_w.l(_printf_intcommon.o)
    0x08000738   0x08000738   0x00000030   Code   RO         4899    .text               c_w.l(_printf_char_common.o)
    0x08000768   0x08000768   0x0000000a   Code   RO         4901    .text               c_w.l(_sputc.o)
    0x08000772   0x08000772   0x0000004a   Code   RO         4975    .text               c_w.l(sys_stackheap_outer.o)
    0x080007bc   0x080007bc   0x00000012   Code   RO         5014    .text               c_w.l(exit.o)
    0x080007ce   0x080007ce   0x00000002   PAD
    0x080007d0   0x080007d0   0x00000008   Code   RO         5027    .text               c_w.l(libspace.o)
    0x080007d8   0x080007d8   0x0000000c   Code   RO         5093    .text               c_w.l(sys_exit.o)
    0x080007e4   0x080007e4   0x00000002   Code   RO         5104    .text               c_w.l(use_no_semi.o)
    0x080007e6   0x080007e6   0x00000000   Code   RO         5106    .text               c_w.l(indicate_semi.o)
    0x080007e6   0x080007e6   0x00000002   Code   RO         3817    i.App_TCBInitHook   app_hooks.o
    0x080007e8   0x080007e8   0x00000002   Code   RO         3818    i.App_TaskCreateHook  app_hooks.o
    0x080007ea   0x080007ea   0x00000002   Code   RO         3819    i.App_TaskDelHook   app_hooks.o
    0x080007ec   0x080007ec   0x00000002   Code   RO         3820    i.App_TaskIdleHook  app_hooks.o
    0x080007ee   0x080007ee   0x00000002   Code   RO         3821    i.App_TaskReturnHook  app_hooks.o
    0x080007f0   0x080007f0   0x00000002   Code   RO         3823    i.App_TaskSwHook    app_hooks.o
    0x080007f2   0x080007f2   0x00000002   Code   RO         3824    i.App_TimeTickHook  app_hooks.o
    0x080007f4   0x080007f4   0x00000004   Code   RO         3766    i.BusFault_Handler  stm32f10x_it.o
    0x080007f8   0x080007f8   0x0000001c   Code   RO         3497    i.Clear_Flag        i2c.o
    0x08000814   0x08000814   0x00000002   Code   RO         3767    i.DebugMon_Handler  stm32f10x_it.o
    0x08000816   0x08000816   0x00000002   PAD
    0x08000818   0x08000818   0x00000034   Code   RO         3670    i.EXTI15_10_IRQHandler  gpio.o
    0x0800084c   0x0800084c   0x0000000c   Code   RO          985    i.EXTI_ClearITPendingBit  stm32f10x_exti.o
    0x08000858   0x08000858   0x00000028   Code   RO          989    i.EXTI_GetITStatus  stm32f10x_exti.o
    0x08000880   0x08000880   0x00000094   Code   RO          990    i.EXTI_Init         stm32f10x_exti.o
    0x08000914   0x08000914   0x00000040   Code   RO         1344    i.GPIO_EXTILineConfig  stm32f10x_gpio.o
    0x08000954   0x08000954   0x00000070   Code   RO         3671    i.GPIO_EXTI_Init    gpio.o
    0x080009c4   0x080009c4   0x00000116   Code   RO         1347    i.GPIO_Init         stm32f10x_gpio.o
    0x08000ada   0x08000ada   0x00000004   Code   RO         1354    i.GPIO_ResetBits    stm32f10x_gpio.o
    0x08000ade   0x08000ade   0x00000002   Code   RO         3498    i.Get_CPU_Usage_RXNE_Handler  i2c.o
    0x08000ae0   0x08000ae0   0x00000068   Code   RO         3499    i.Get_CPU_Usage_TXE_Handler  i2c.o
    0x08000b48   0x08000b48   0x00000058   Code   RO         3500    i.Get_Stack_Data_RXNE_Handler  i2c.o
    0x08000ba0   0x08000ba0   0x00000058   Code   RO         3501    i.Get_Stack_Data_TXE_Handler  i2c.o
    0x08000bf8   0x08000bf8   0x00000002   Code   RO         3502    i.Get_Variable_Data_RXNE_Handler  i2c.o
    0x08000bfa   0x08000bfa   0x00000002   PAD
    0x08000bfc   0x08000bfc   0x00000080   Code   RO         3503    i.Get_Variable_Data_TXE_Handler  i2c.o
    0x08000c7c   0x08000c7c   0x00000004   Code   RO         3768    i.HardFault_Handler  stm32f10x_it.o
    0x08000c80   0x08000c80   0x00000074   Code   RO         3504    i.I2C2_ER_IRQHandler  i2c.o
    0x08000cf4   0x08000cf4   0x00000148   Code   RO         3505    i.I2C2_EV_IRQHandler  i2c.o
    0x08000e3c   0x08000e3c   0x00000078   Code   RO         3506    i.I2C2_Master_Init  i2c.o
    0x08000eb4   0x08000eb4   0x000000dc   Code   RO         3508    i.I2C2_Slave_Init   i2c.o
    0x08000f90   0x08000f90   0x000000e0   Code   RO         3509    i.I2C2_Write        i2c.o
    0x08001070   0x08001070   0x00000018   Code   RO         1459    i.I2C_AcknowledgeConfig  stm32f10x_i2c.o
    0x08001088   0x08001088   0x0000002a   Code   RO         1461    i.I2C_CheckEvent    stm32f10x_i2c.o
    0x080010b2   0x080010b2   0x0000000c   Code   RO         1463    i.I2C_ClearITPendingBit  stm32f10x_i2c.o
    0x080010be   0x080010be   0x00000018   Code   RO         1464    i.I2C_Cmd           stm32f10x_i2c.o
    0x080010d6   0x080010d6   0x0000001a   Code   RO         3510    i.I2C_Flag_Init     i2c.o
    0x080010f0   0x080010f0   0x00000018   Code   RO         1471    i.I2C_GenerateSTART  stm32f10x_i2c.o
    0x08001108   0x08001108   0x00000018   Code   RO         1472    i.I2C_GenerateSTOP  stm32f10x_i2c.o
    0x08001120   0x08001120   0x00000026   Code   RO         1474    i.I2C_GetITStatus   stm32f10x_i2c.o
    0x08001146   0x08001146   0x00000012   Code   RO         1477    i.I2C_ITConfig      stm32f10x_i2c.o
    0x08001158   0x08001158   0x000000ec   Code   RO         1478    i.I2C_Init          stm32f10x_i2c.o
    0x08001244   0x08001244   0x00000008   Code   RO         1483    i.I2C_ReceiveData   stm32f10x_i2c.o
    0x0800124c   0x0800124c   0x00000012   Code   RO         1485    i.I2C_Send7bitAddress  stm32f10x_i2c.o
    0x0800125e   0x0800125e   0x00000004   Code   RO         1486    i.I2C_SendData      stm32f10x_i2c.o
    0x08001262   0x08001262   0x00000002   Code   RO         3511    i.Is_Busy_RXNE_Handler  i2c.o
    0x08001264   0x08001264   0x00000048   Code   RO         3512    i.Is_Busy_TXE_Handler  i2c.o
    0x080012ac   0x080012ac   0x00000004   Code   RO         3769    i.MemManage_Handler  stm32f10x_it.o
    0x080012b0   0x080012b0   0x00000002   Code   RO         3770    i.NMI_Handler       stm32f10x_it.o
    0x080012b2   0x080012b2   0x00000002   PAD
    0x080012b4   0x080012b4   0x00000070   Code   RO          137    i.NVIC_Init         misc.o
    0x08001324   0x08001324   0x00000014   Code   RO          138    i.NVIC_PriorityGroupConfig  misc.o
    0x08001338   0x08001338   0x0000001a   Code   RO         4671    i.OSEnterQueue      os_multi_core.o
    0x08001352   0x08001352   0x00000002   PAD
    0x08001354   0x08001354   0x00000040   Code   RO         3966    i.OSInit            os_core.o
    0x08001394   0x08001394   0x0000003c   Code   RO         3874    i.OSInitHookBegin   os_cpu_c.o
    0x080013d0   0x080013d0   0x00000002   Code   RO         3875    i.OSInitHookEnd     os_cpu_c.o
    0x080013d2   0x080013d2   0x0000001a   Code   RO         4672    i.OSInitQueue       os_multi_core.o
    0x080013ec   0x080013ec   0x00000024   Code   RO         3967    i.OSIntEnter        os_core.o
    0x08001410   0x08001410   0x0000009c   Code   RO         3968    i.OSIntExit         os_core.o
    0x080014ac   0x080014ac   0x00000024   Code   RO         4673    i.OSMultiHardwareInit  os_multi_core.o
    0x080014d0   0x080014d0   0x0000003c   Code   RO         4674    i.OSMultiSemInit    os_multi_core.o
    0x0800150c   0x0800150c   0x00000060   Code   RO         4471    i.OSSemCreate       os_sem.o
    0x0800156c   0x0800156c   0x00000070   Code   RO         4475    i.OSSemPost         os_sem.o
    0x080015dc   0x080015dc   0x00000048   Code   RO         3971    i.OSStart           os_core.o
    0x08001624   0x08001624   0x0000000c   Code   RO         3876    i.OSTCBInitHook     os_cpu_c.o
    0x08001630   0x08001630   0x000000d4   Code   RO         4525    i.OSTaskCreate      os_task.o
    0x08001704   0x08001704   0x000000e4   Code   RO         4526    i.OSTaskCreateExt   os_task.o
    0x080017e8   0x080017e8   0x0000000c   Code   RO         3877    i.OSTaskCreateHook  os_cpu_c.o
    0x080017f4   0x080017f4   0x00000188   Code   RO         4527    i.OSTaskDel         os_task.o
    0x0800197c   0x0800197c   0x0000000c   Code   RO         3878    i.OSTaskDelHook     os_cpu_c.o
    0x08001988   0x08001988   0x00000008   Code   RO         3879    i.OSTaskIdleHook    os_cpu_c.o
    0x08001990   0x08001990   0x00000098   Code   RO         4530    i.OSTaskNameSet     os_task.o
    0x08001a28   0x08001a28   0x0000000c   Code   RO         3880    i.OSTaskReturnHook  os_cpu_c.o
    0x08001a34   0x08001a34   0x000000b0   Code   RO         3882    i.OSTaskStkInit     os_cpu_c.o
    0x08001ae4   0x08001ae4   0x00000008   Code   RO         3883    i.OSTaskSwHook      os_cpu_c.o
    0x08001aec   0x08001aec   0x00000084   Code   RO         4626    i.OSTimeDly         os_time.o
    0x08001b70   0x08001b70   0x000001ec   Code   RO         3972    i.OSTimeTick        os_core.o
    0x08001d5c   0x08001d5c   0x00000008   Code   RO         3884    i.OSTimeTickHook    os_cpu_c.o
    0x08001d64   0x08001d64   0x00000002   Code   RO         3974    i.OS_Dummy          os_core.o
    0x08001d66   0x08001d66   0x00000002   PAD
    0x08001d68   0x08001d68   0x00000094   Code   RO         3975    i.OS_EventTaskRdy   os_core.o
    0x08001dfc   0x08001dfc   0x0000002e   Code   RO         3976    i.OS_EventTaskRemove  os_core.o
    0x08001e2a   0x08001e2a   0x0000003a   Code   RO         3977    i.OS_EventTaskRemoveMulti  os_core.o
    0x08001e64   0x08001e64   0x0000001c   Code   RO         3980    i.OS_EventWaitListInit  os_core.o
    0x08001e80   0x08001e80   0x00000058   Code   RO         4177    i.OS_FlagInit       os_flag.o
    0x08001ed8   0x08001ed8   0x00000024   Code   RO         4179    i.OS_FlagUnlink     os_flag.o
    0x08001efc   0x08001efc   0x00000036   Code   RO         4678    i.OS_GetCpuUsage    os_multi_core.o
    0x08001f32   0x08001f32   0x00000002   PAD
    0x08001f34   0x08001f34   0x00000060   Code   RO         3981    i.OS_InitEventList  os_core.o
    0x08001f94   0x08001f94   0x00000044   Code   RO         3982    i.OS_InitMisc       os_core.o
    0x08001fd8   0x08001fd8   0x00000044   Code   RO         3983    i.OS_InitRdyList    os_core.o
    0x0800201c   0x0800201c   0x00000074   Code   RO         3984    i.OS_InitTCBList    os_core.o
    0x08002090   0x08002090   0x00000050   Code   RO         3985    i.OS_InitTaskIdle   os_core.o
    0x080020e0   0x080020e0   0x00000012   Code   RO         3986    i.OS_MemClr         os_core.o
    0x080020f2   0x080020f2   0x00000002   PAD
    0x080020f4   0x080020f4   0x00000058   Code   RO         4309    i.OS_MemInit        os_mem.o
    0x0800214c   0x0800214c   0x00000050   Code   RO         4408    i.OS_QInit          os_q.o
    0x0800219c   0x0800219c   0x00000178   Code   RO         4688    i.OS_Read2          os_multi_core.o
    0x08002314   0x08002314   0x00000080   Code   RO         3988    i.OS_Sched          os_core.o
    0x08002394   0x08002394   0x0000002c   Code   RO         3989    i.OS_SchedNew       os_core.o
    0x080023c0   0x080023c0   0x0000017c   Code   RO         3991    i.OS_TCBInit        os_core.o
    0x0800253c   0x0800253c   0x00000030   Code   RO         3992    i.OS_TaskIdle       os_core.o
    0x0800256c   0x0800256c   0x00000018   Code   RO         4538    i.OS_TaskReturn     os_task.o
    0x08002584   0x08002584   0x0000001a   Code   RO         4539    i.OS_TaskStkClr     os_task.o
    0x0800259e   0x0800259e   0x0000001c   Code   RO         4692    i.OS_Write          os_multi_core.o
    0x080025ba   0x080025ba   0x00000002   PAD
    0x080025bc   0x080025bc   0x00000098   Code   RO         3397    i.PWM_Init          pwm.o
    0x08002654   0x08002654   0x00000050   Code   RO         3703    i.PWM_Led           main.o
    0x080026a4   0x080026a4   0x00000010   Code   RO         3398    i.PWM_SetCompare1   pwm.o
    0x080026b4   0x080026b4   0x00000020   Code   RO         1775    i.RCC_APB1PeriphClockCmd  stm32f10x_rcc.o
    0x080026d4   0x080026d4   0x00000020   Code   RO         1776    i.RCC_APB1PeriphResetCmd  stm32f10x_rcc.o
    0x080026f4   0x080026f4   0x00000020   Code   RO         1777    i.RCC_APB2PeriphClockCmd  stm32f10x_rcc.o
    0x08002714   0x08002714   0x000000d4   Code   RO         1785    i.RCC_GetClocksFreq  stm32f10x_rcc.o
    0x080027e8   0x080027e8   0x00000002   Code   RO         3771    i.SVC_Handler       stm32f10x_it.o
    0x080027ea   0x080027ea   0x00000002   PAD
    0x080027ec   0x080027ec   0x00000084   Code   RO         3513    i.Send_Stack_Data_RXNE_Handler  i2c.o
    0x08002870   0x08002870   0x00000002   Code   RO         3514    i.Send_Stack_Data_TXE_Handler  i2c.o
    0x08002872   0x08002872   0x00000002   PAD
    0x08002874   0x08002874   0x000000b0   Code   RO         3515    i.Send_Variable_Data_RXNE_Handler  i2c.o
    0x08002924   0x08002924   0x00000002   Code   RO         3516    i.Send_Variable_Data_TXE_Handler  i2c.o
    0x08002926   0x08002926   0x00000002   PAD
    0x08002928   0x08002928   0x000000b8   Code   RO         3417    i.Serial_Init       serial.o
    0x080029e0   0x080029e0   0x00000020   Code   RO         3421    i.Serial_SendByte   serial.o
    0x08002a00   0x08002a00   0x0000001a   Code   RO         3423    i.Serial_SendString  serial.o
    0x08002a1a   0x08002a1a   0x00000002   PAD
    0x08002a1c   0x08002a1c   0x000001fc   Code   RO         3704    i.Serial_Send_Count  main.o
    0x08002c18   0x08002c18   0x00000008   Code   RO           24    i.SetSysClock       system_stm32f10x.o
    0x08002c20   0x08002c20   0x000000e0   Code   RO           25    i.SetSysClockTo72   system_stm32f10x.o
    0x08002d00   0x08002d00   0x00000038   Code   RO         3672    i.Slave_GPIO_Init   gpio.o
    0x08002d38   0x08002d38   0x00000026   Code   RO         3885    i.SysTick_Handler   os_cpu_c.o
    0x08002d5e   0x08002d5e   0x00000002   PAD
    0x08002d60   0x08002d60   0x00000060   Code   RO           27    i.SystemInit        system_stm32f10x.o
    0x08002dc0   0x08002dc0   0x00000018   Code   RO         2421    i.TIM_Cmd           stm32f10x_tim.o
    0x08002dd8   0x08002dd8   0x0000000c   Code   RO         2448    i.TIM_InternalClockConfig  stm32f10x_tim.o
    0x08002de4   0x08002de4   0x00000098   Code   RO         2450    i.TIM_OC1Init       stm32f10x_tim.o
    0x08002e7c   0x08002e7c   0x00000014   Code   RO         2468    i.TIM_OCStructInit  stm32f10x_tim.o
    0x08002e90   0x08002e90   0x00000004   Code   RO         2482    i.TIM_SetCompare1   stm32f10x_tim.o
    0x08002e94   0x08002e94   0x000000a4   Code   RO         2492    i.TIM_TimeBaseInit  stm32f10x_tim.o
    0x08002f38   0x08002f38   0x00000064   Code   RO         3517    i.Task_Switch_Request_RXNE_Handler  i2c.o
    0x08002f9c   0x08002f9c   0x0000005c   Code   RO         3518    i.Task_Switch_Request_TXE_Handler  i2c.o
    0x08002ff8   0x08002ff8   0x00000038   Code   RO         3424    i.USART1_IRQHandler  serial.o
    0x08003030   0x08003030   0x0000001e   Code   RO         2957    i.USART_ClearITPendingBit  stm32f10x_usart.o
    0x0800304e   0x0800304e   0x00000018   Code   RO         2960    i.USART_Cmd         stm32f10x_usart.o
    0x08003066   0x08003066   0x0000001a   Code   RO         2963    i.USART_GetFlagStatus  stm32f10x_usart.o
    0x08003080   0x08003080   0x00000054   Code   RO         2964    i.USART_GetITStatus  stm32f10x_usart.o
    0x080030d4   0x080030d4   0x0000004a   Code   RO         2966    i.USART_ITConfig    stm32f10x_usart.o
    0x0800311e   0x0800311e   0x00000002   PAD
    0x08003120   0x08003120   0x000000d8   Code   RO         2967    i.USART_Init        stm32f10x_usart.o
    0x080031f8   0x080031f8   0x0000000a   Code   RO         2974    i.USART_ReceiveData  stm32f10x_usart.o
    0x08003202   0x08003202   0x00000008   Code   RO         2977    i.USART_SendData    stm32f10x_usart.o
    0x0800320a   0x0800320a   0x00000004   Code   RO         3772    i.UsageFault_Handler  stm32f10x_it.o
    0x0800320e   0x0800320e   0x0000000e   Code   RO         4871    i._is_digit         c_w.l(__printf_wp.o)
    0x0800321c   0x0800321c   0x000000e0   Code   RO         3706    i.main              main.o
    0x080032fc   0x080032fc   0x00000100   Data   RO         3995    .constdata          os_core.o
    0x080033fc   0x080033fc   0x00000028   Data   RO         4859    .constdata          c_w.l(_printf_hex_int_ll_ptr.o)
    0x08003424   0x08003424   0x00000011   Data   RO         4879    .constdata          c_w.l(__printf_flags_ss_wp.o)
    0x08003435   0x08003435   0x00000003   PAD
    0x08003438   0x08003438   0x00000020   Data   RO         5159    Region$$Table       anon$$obj.o


    Execution Region RW_IRAM1 (Exec base: 0x20000000, Load base: 0x08003458, Size: 0x00002a58, Max: 0x00005000, ABSOLUTE, COMPRESSED[0x00000070])

    Exec Addr    Load Addr    Size         Type   Attr      Idx    E Section Name        Object

    0x20000000   COMPRESSED   0x00000014   Data   RW         1805    .data               stm32f10x_rcc.o
    0x20000014   COMPRESSED   0x00000002   Data   RW         3426    .data               serial.o
    0x20000016   COMPRESSED   0x00000002   PAD
    0x20000018   COMPRESSED   0x00000012   Data   RW         3520    .data               i2c.o
    0x2000002a   COMPRESSED   0x00000002   PAD
    0x2000002c   COMPRESSED   0x00000270   Data   RW         3709    .data               main.o
    0x2000029c   COMPRESSED   0x00000008   Data   RW         3887    .data               os_cpu_c.o
    0x200002a4   COMPRESSED   0x00000044   Data   RW         3996    .data               os_core.o
    0x200002e8   COMPRESSED   0x00000029   Data   RW         4695    .data               os_multi_core.o
    0x20000311   COMPRESSED   0x00000003   PAD
    0x20000314        -       0x00000098   Zero   RW         3519    .bss                i2c.o
    0x200003ac        -       0x00000400   Zero   RW         3708    .bss                main.o
    0x200007ac        -       0x00000400   Zero   RW         3886    .bss                os_cpu_c.o
    0x20000bac        -       0x00000e48   Zero   RW         3994    .bss                os_core.o
    0x200019f4        -       0x00000a00   Zero   RW         4694    .bss                os_multi_core.o
    0x200023f4        -       0x00000060   Zero   RW         5028    .bss                c_w.l(libspace.o)
    0x20002454   COMPRESSED   0x00000004   PAD
    0x20002458        -       0x00000200   Zero   RW            2    HEAP                startup_stm32f10x_md.o
    0x20002658        -       0x00000400   Zero   RW            1    STACK               startup_stm32f10x_md.o


==============================================================================

Image component sizes


      Code (inc. data)   RO Data    RW Data    ZI Data      Debug   Object Name

        14          0          0          0          0       3121   app_hooks.o
         0          0          0          0          0       4516   core_cm3.o
       220         24          0          0          0       1550   gpio.o
      2052        254          0         18        152      24024   i2c.o
       812        298          0        624       1024      18323   main.o
       132         22          0          0          0     206967   misc.o
      2148        334        256         68       3656      21668   os_core.o
       424         62          0          0          0        396   os_cpu_a.o
       348         24          0          8       1024      16346   os_cpu_c.o
       124         14          0          0          0       1174   os_flag.o
        88         14          0          0          0        521   os_mem.o
       606         36          0         41       2560      15334   os_multi_core.o
        80          8          0          0          0        547   os_q.o
       208         14          0          0          0       1318   os_sem.o
      1034         92          0          0          0       5217   os_task.o
       132         22          0          0          0        616   os_time.o
       168          6          0          0          0       1129   pwm.o
       298         26          0          2          0       2462   serial.o
        64         26        236          0       1536        836   startup_stm32f10x_md.o
         0          0          0          0          0       1668   stm32f10x_adc.o
       200         18          0          0          0       4148   stm32f10x_exti.o
       346          4          0          0          0      11343   stm32f10x_gpio.o
       472         14          0          0          0      16437   stm32f10x_i2c.o
        22          0          0          0          0       2991   stm32f10x_it.o
       308         38          0         20          0      13591   stm32f10x_rcc.o
       376         62          0          0          0      24186   stm32f10x_tim.o
       472          6          0          0          0      12587   stm32f10x_usart.o
       328         28          0          0          0      53241   system_stm32f10x.o

    ----------------------------------------------------------------------
     11504       1446        524        788       9952     466257   Object Totals
         0          0         32          0          0          0   (incl. Generated)
        28          0          0          7          0          0   (incl. Padding)

    ----------------------------------------------------------------------

      Code (inc. data)   RO Data    RW Data    ZI Data      Debug   Library Member Name

        44          6          0          0          0         84   __2sprintf.o
        90          0          0          0          0          0   __dczerorl2.o
         8          0          0          0          0         68   __main.o
       392          4         17          0          0         92   __printf_flags_ss_wp.o
        14          0          0          0          0         68   __printf_wp.o
         0          0          0          0          0          0   __rtentry.o
        12          0          0          0          0          0   __rtentry2.o
         6          0          0          0          0          0   __rtentry4.o
        52          8          0          0          0          0   __scatter.o
        28          0          0          0          0          0   __scatter_zi.o
        48          6          0          0          0         96   _printf_char_common.o
         6          0          0          0          0          0   _printf_d.o
       120         16          0          0          0         92   _printf_dec.o
       148          4         40          0          0        160   _printf_hex_int_ll_ptr.o
       178          0          0          0          0         88   _printf_intcommon.o
         0          0          0          0          0          0   _printf_percent.o
         4          0          0          0          0          0   _printf_percent_end.o
         6          0          0          0          0          0   _printf_x.o
        10          0          0          0          0         68   _sputc.o
        18          0          0          0          0         80   exit.o
         6          0          0          0          0        152   heapauxi.o
         0          0          0          0          0          0   indicate_semi.o
         2          0          0          0          0          0   libinit.o
         2          0          0          0          0          0   libinit2.o
         2          0          0          0          0          0   libshutdown.o
         2          0          0          0          0          0   libshutdown2.o
         8          4          0          0         96         68   libspace.o
         2          0          0          0          0          0   rtexit.o
        10          0          0          0          0          0   rtexit2.o
        12          4          0          0          0         68   sys_exit.o
        74          0          0          0          0         80   sys_stackheap_outer.o
         2          0          0          0          0         68   use_no_semi.o

    ----------------------------------------------------------------------
      1312         52         60          0        100       1332   Library Totals
         6          0          3          0          4          0   (incl. Padding)

    ----------------------------------------------------------------------

      Code (inc. data)   RO Data    RW Data    ZI Data      Debug   Library Name

      1306         52         57          0         96       1332   c_w.l

    ----------------------------------------------------------------------
      1312         52         60          0        100       1332   Library Totals

    ----------------------------------------------------------------------

==============================================================================


      Code (inc. data)   RO Data    RW Data    ZI Data      Debug   

     12816       1498        584        788      10052     460045   Grand Totals
     12816       1498        584        112      10052     460045   ELF Image Totals (compressed)
     12816       1498        584        112          0          0   ROM Totals

==============================================================================

    Total RO  Size (Code + RO Data)                13400 (  13.09kB)
    Total RW  Size (RW Data + ZI Data)             10840 (  10.59kB)
    Total ROM Size (Code + RO Data + RW Data)      13512 (  13.20kB)

==============================================================================

