Component: ARM Compiler 5.06 update 6 (build 750) Tool: armlink [4d35ed]

==============================================================================

Section Cross References

    startup_stm32f10x_md.o(STACK) refers (Special) to heapauxi.o(.text) for __use_two_region_memory
    startup_stm32f10x_md.o(HEAP) refers (Special) to heapauxi.o(.text) for __use_two_region_memory
    startup_stm32f10x_md.o(RESET) refers (Special) to heapauxi.o(.text) for __use_two_region_memory
    startup_stm32f10x_md.o(RESET) refers to startup_stm32f10x_md.o(STACK) for __initial_sp
    startup_stm32f10x_md.o(RESET) refers to startup_stm32f10x_md.o(.text) for Reset_Handler
    startup_stm32f10x_md.o(RESET) refers to stm32f10x_it.o(i.NMI_Handler) for NMI_Handler
    startup_stm32f10x_md.o(RESET) refers to stm32f10x_it.o(i.HardFault_Handler) for HardFault_Handler
    startup_stm32f10x_md.o(RESET) refers to stm32f10x_it.o(i.MemManage_Handler) for MemManage_Handler
    startup_stm32f10x_md.o(RESET) refers to stm32f10x_it.o(i.BusFault_Handler) for BusFault_Handler
    startup_stm32f10x_md.o(RESET) refers to stm32f10x_it.o(i.UsageFault_Handler) for UsageFault_Handler
    startup_stm32f10x_md.o(RESET) refers to stm32f10x_it.o(i.SVC_Handler) for SVC_Handler
    startup_stm32f10x_md.o(RESET) refers to stm32f10x_it.o(i.DebugMon_Handler) for DebugMon_Handler
    startup_stm32f10x_md.o(RESET) refers to os_cpu_a.o(.text) for PendSV_Handler
    startup_stm32f10x_md.o(RESET) refers to os_cpu_c.o(i.SysTick_Handler) for SysTick_Handler
    startup_stm32f10x_md.o(RESET) refers to i2c.o(i.I2C2_EV_IRQHandler) for I2C2_EV_IRQHandler
    startup_stm32f10x_md.o(RESET) refers to i2c.o(i.I2C2_ER_IRQHandler) for I2C2_ER_IRQHandler
    startup_stm32f10x_md.o(RESET) refers to serial.o(i.USART1_IRQHandler) for USART1_IRQHandler
    startup_stm32f10x_md.o(RESET) refers to gpio.o(i.EXTI15_10_IRQHandler) for EXTI15_10_IRQHandler
    startup_stm32f10x_md.o(.text) refers (Special) to heapauxi.o(.text) for __use_two_region_memory
    startup_stm32f10x_md.o(.text) refers to system_stm32f10x.o(i.SystemInit) for SystemInit
    startup_stm32f10x_md.o(.text) refers to __main.o(!!!main) for __main
    startup_stm32f10x_md.o(.text) refers to startup_stm32f10x_md.o(HEAP) for Heap_Mem
    startup_stm32f10x_md.o(.text) refers to startup_stm32f10x_md.o(STACK) for Stack_Mem
    system_stm32f10x.o(i.SetSysClock) refers to system_stm32f10x.o(i.SetSysClockTo72) for SetSysClockTo72
    system_stm32f10x.o(i.SystemCoreClockUpdate) refers to system_stm32f10x.o(.data) for SystemCoreClock
    system_stm32f10x.o(i.SystemInit) refers to system_stm32f10x.o(i.SetSysClock) for SetSysClock
    stm32f10x_adc.o(i.ADC_DeInit) refers to stm32f10x_rcc.o(i.RCC_APB2PeriphResetCmd) for RCC_APB2PeriphResetCmd
    stm32f10x_bkp.o(i.BKP_DeInit) refers to stm32f10x_rcc.o(i.RCC_BackupResetCmd) for RCC_BackupResetCmd
    stm32f10x_can.o(i.CAN_DeInit) refers to stm32f10x_rcc.o(i.RCC_APB1PeriphResetCmd) for RCC_APB1PeriphResetCmd
    stm32f10x_can.o(i.CAN_GetITStatus) refers to stm32f10x_can.o(i.CheckITStatus) for CheckITStatus
    stm32f10x_cec.o(i.CEC_DeInit) refers to stm32f10x_rcc.o(i.RCC_APB1PeriphResetCmd) for RCC_APB1PeriphResetCmd
    stm32f10x_dac.o(i.DAC_DeInit) refers to stm32f10x_rcc.o(i.RCC_APB1PeriphResetCmd) for RCC_APB1PeriphResetCmd
    stm32f10x_flash.o(i.FLASH_EnableWriteProtection) refers to stm32f10x_flash.o(i.FLASH_WaitForLastOperation) for FLASH_WaitForLastOperation
    stm32f10x_flash.o(i.FLASH_EraseAllBank1Pages) refers to stm32f10x_flash.o(i.FLASH_WaitForLastBank1Operation) for FLASH_WaitForLastBank1Operation
    stm32f10x_flash.o(i.FLASH_EraseAllPages) refers to stm32f10x_flash.o(i.FLASH_WaitForLastOperation) for FLASH_WaitForLastOperation
    stm32f10x_flash.o(i.FLASH_EraseOptionBytes) refers to stm32f10x_flash.o(i.FLASH_GetReadOutProtectionStatus) for FLASH_GetReadOutProtectionStatus
    stm32f10x_flash.o(i.FLASH_EraseOptionBytes) refers to stm32f10x_flash.o(i.FLASH_WaitForLastOperation) for FLASH_WaitForLastOperation
    stm32f10x_flash.o(i.FLASH_ErasePage) refers to stm32f10x_flash.o(i.FLASH_WaitForLastOperation) for FLASH_WaitForLastOperation
    stm32f10x_flash.o(i.FLASH_ProgramHalfWord) refers to stm32f10x_flash.o(i.FLASH_WaitForLastOperation) for FLASH_WaitForLastOperation
    stm32f10x_flash.o(i.FLASH_ProgramOptionByteData) refers to stm32f10x_flash.o(i.FLASH_WaitForLastOperation) for FLASH_WaitForLastOperation
    stm32f10x_flash.o(i.FLASH_ProgramWord) refers to stm32f10x_flash.o(i.FLASH_WaitForLastOperation) for FLASH_WaitForLastOperation
    stm32f10x_flash.o(i.FLASH_ReadOutProtection) refers to stm32f10x_flash.o(i.FLASH_WaitForLastOperation) for FLASH_WaitForLastOperation
    stm32f10x_flash.o(i.FLASH_UserOptionByteConfig) refers to stm32f10x_flash.o(i.FLASH_WaitForLastOperation) for FLASH_WaitForLastOperation
    stm32f10x_flash.o(i.FLASH_WaitForLastBank1Operation) refers to stm32f10x_flash.o(i.FLASH_GetBank1Status) for FLASH_GetBank1Status
[...]
    i.I2C_AcknowledgeConfig                  0x0800115c   Section        0  stm32f10x_i2c.o(i.I2C_AcknowledgeConfig)
    i.I2C_CheckEvent                         0x08001174   Section        0  stm32f10x_i2c.o(i.I2C_CheckEvent)
    i.I2C_ClearITPendingBit                  0x0800119e   Section        0  stm32f10x_i2c.o(i.I2C_ClearITPendingBit)
    i.I2C_Cmd                                0x080011aa   Section        0  stm32f10x_i2c.o(i.I2C_Cmd)
    i.I2C_Flag_Init                          0x080011c2   Section        0  i2c.o(i.I2C_Flag_Init)
    i.I2C_GenerateSTART                      0x080011de   Section        0  stm32f10x_i2c.o(i.I2C_GenerateSTART)
    i.I2C_GenerateSTOP                       0x080011f6   Section        0  stm32f10x_i2c.o(i.I2C_GenerateSTOP)
    i.I2C_GetITStatus                        0x0800120e   Section        0  stm32f10x_i2c.o(i.I2C_GetITStatus)
    i.I2C_ITConfig                           0x08001234   Section        0  stm32f10x_i2c.o(i.I2C_ITConfig)
    i.I2C_Init                               0x08001248   Section        0  stm32f10x_i2c.o(i.I2C_Init)
    i.I2C_ReceiveData                        0x08001334   Section        0  stm32f10x_i2c.o(i.I2C_ReceiveData)
    i.I2C_Send7bitAddress                    0x0800133c   Section        0  stm32f10x_i2c.o(i.I2C_Send7bitAddress)
    i.I2C_SendData                           0x0800134e   Section        0  stm32f10x_i2c.o(i.I2C_SendData)
    i.Is_Busy_RXNE_Handler                   0x08001352   Section        0  i2c.o(i.Is_Busy_RXNE_Handler)
    i.Is_Busy_TXE_Handler                    0x08001354   Section        0  i2c.o(i.Is_Busy_TXE_Handler)
    i.MemManage_Handler                      0x0800139c   Section        0  stm32f10x_it.o(i.MemManage_Handler)
    i.NMI_Handler                            0x080013a0   Section        0  stm32f10x_it.o(i.NMI_Handler)
    i.NVIC_Init                              0x080013a4   Section        0  misc.o(i.NVIC_Init)
    i.NVIC_PriorityGroupConfig               0x08001414   Section        0  misc.o(i.NVIC_PriorityGroupConfig)
    i.OSInit                                 0x08001428   Section        0  os_core.o(i.OSInit)
    i.OSInitHookBegin                        0x0800146c   Section        0  os_cpu_c.o(i.OSInitHookBegin)
    i.OSInitHookEnd                          0x080014a8   Section        0  os_cpu_c.o(i.OSInitHookEnd)
    i.OSInitQueue                            0x080014aa   Section        0  os_multi_core.o(i.OSInitQueue)
    i.OSIntEnter                             0x080014c4   Section        0  os_core.o(i.OSIntEnter)
    i.OSIntExit                              0x080014e8   Section        0  os_core.o(i.OSIntExit)
    i.OSMultiHardwareInit                    0x08001584   Section        0  os_multi_core.o(i.OSMultiHardwareInit)
    i.OSMultiSemInit                         0x080015a8   Section        0  os_multi_core.o(i.OSMultiSemInit)
    i.OSMultiTaskInit                        0x080015e4   Section        0  os_multi_core.o(i.OSMultiTaskInit)
    i.OSOutQueue                             0x0800163c   Section        0  os_multi_core.o(i.OSOutQueue)
    i.OSSemCreate                            0x08001658   Section        0  os_sem.o(i.OSSemCreate)
    i.OSSemPend                              0x080016b8   Section        0  os_sem.o(i.OSSemPend)
    i.OSSemPost                              0x080017d0   Section        0  os_sem.o(i.OSSemPost)
    i.OSSemQuery                             0x08001840   Section        0  os_sem.o(i.OSSemQuery)
    i.OSStart                                0x080018a4   Section        0  os_core.o(i.OSStart)
    i.OSTCBInitHook                          0x080018ec   Section        0  os_cpu_c.o(i.OSTCBInitHook)
    i.OSTaskCreate                           0x080018f8   Section        0  os_task.o(i.OSTaskCreate)
    i.OSTaskCreateExt                        0x080019cc   Section        0  os_task.o(i.OSTaskCreateExt)
    i.OSTaskCreateHook                       0x08001ab0   Section        0  os_cpu_c.o(i.OSTaskCreateHook)
    i.OSTaskDel                              0x08001abc   Section        0  os_task.o(i.OSTaskDel)
    i.OSTaskDelHook                          0x08001c44   Section        0  os_cpu_c.o(i.OSTaskDelHook)
    i.OSTaskIdleHook                         0x08001c50   Section        0  os_cpu_c.o(i.OSTaskIdleHook)
    i.OSTaskNameSet                          0x08001c58   Section        0  os_task.o(i.OSTaskNameSet)
    i.OSTaskResume                           0x08001cf0   Section        0  os_task.o(i.OSTaskResume)
    i.OSTaskReturnHook                       0x08001dc4   Section        0  os_cpu_c.o(i.OSTaskReturnHook)
    i.OSTaskStkInit                          0x08001dd0   Section        0  os_cpu_c.o(i.OSTaskStkInit)
    i.OSTaskSuspend                          0x08001e80   Section        0  os_task.o(i.OSTaskSuspend)
    i.OSTaskSwHook                           0x08001f50   Section        0  os_cpu_c.o(i.OSTaskSwHook)
    i.OSTimeDly                              0x08001f58   Section        0  os_time.o(i.OSTimeDly)
    i.OSTimeTick                             0x08001fdc   Section        0  os_core.o(i.OSTimeTick)
    i.OSTimeTickHook                         0x080021c8   Section        0  os_cpu_c.o(i.OSTimeTickHook)
    i.OS_Data_Transfer_Switch_Callback       0x080021d0   Section        0  main.o(i.OS_Data_Transfer_Switch_Callback)
    i.OS_Dummy                               0x080022c0   Section        0  os_core.o(i.OS_Dummy)
    i.OS_EventTaskRdy                        0x080022c4   Section        0  os_core.o(i.OS_EventTaskRdy)
    i.OS_EventTaskRemove                     0x08002358   Section        0  os_core.o(i.OS_EventTaskRemove)
    i.OS_EventTaskRemoveMulti                0x08002386   Section        0  os_core.o(i.OS_EventTaskRemoveMulti)
    i.OS_EventTaskWait                       0x080023c0   Section        0  os_core.o(i.OS_EventTaskWait)
    i.OS_EventWaitListInit                   0x0800243c   Section        0  os_core.o(i.OS_EventWaitListInit)
    i.OS_FlagInit                            0x08002458   Section        0  os_flag.o(i.OS_FlagInit)
    i.OS_FlagUnlink                          0x080024b0   Section        0  os_flag.o(i.OS_FlagUnlink)
    i.OS_GetCpuUsage                         0x080024d4   Section        0  os_multi_core.o(i.OS_GetCpuUsage)
    i.OS_GetStackData                        0x0800250a   Section        0  os_multi_core.o(i.OS_GetStackData)
    i.OS_GetVariableData                     0x08002546   Section        0  os_multi_core.o(i.OS_GetVariableData)
    i.OS_InitEventList                       0x080025ac   Section        0  os_core.o(i.OS_InitEventList)
    OS_InitEventList                         0x080025ad   Thumb Code    82  os_core.o(i.OS_InitEventList)
    i.OS_InitMisc                            0x0800260c   Section        0  os_core.o(i.OS_InitMisc)
    OS_InitMisc                              0x0800260d   Thumb Code    36  os_core.o(i.OS_InitMisc)
    i.OS_InitRdyList                         0x08002650   Section        0  os_core.o(i.OS_InitRdyList)
    OS_InitRdyList                           0x08002651   Thumb Code    44  os_core.o(i.OS_InitRdyList)
    i.OS_InitTCBList                         0x08002694   Section        0  os_core.o(i.OS_InitTCBList)
    OS_InitTCBList                           0x08002695   Thumb Code    94  os_core.o(i.OS_InitTCBList)
    i.OS_InitTaskIdle                        0x08002708   Section        0  os_core.o(i.OS_InitTaskIdle)
    OS_InitTaskIdle                          0x08002709   Thumb Code    50  os_core.o(i.OS_InitTaskIdle)
    i.OS_IsBusy                              0x08002758   Section        0  os_multi_core.o(i.OS_IsBusy)
    i.OS_MemClr                              0x0800278e   Section        0  os_core.o(i.OS_MemClr)
    i.OS_MemInit                             0x080027a0   Section        0  os_mem.o(i.OS_MemInit)
    i.OS_MultiCoreTaskInit                   0x080027f8   Section        0  os_multi_core.o(i.OS_MultiCoreTaskInit)
    i.OS_Multi_Core_Data_Transfer            0x08002838   Section        0  os_multi_core.o(i.OS_Multi_Core_Data_Transfer)
    i.OS_Multi_Core_Sched                    0x080029e8   Section        0  os_multi_core.o(i.OS_Multi_Core_Sched)
    i.OS_Multi_Core_Task_Suspend             0x08002c98   Section        0  os_multi_core.o(i.OS_Multi_Core_Task_Suspend)
    i.OS_MultipleTaskSW                      0x08002cf8   Section        0  os_multi_core.o(i.OS_MultipleTaskSW)
    i.OS_QInit                               0x08002d40   Section        0  os_q.o(i.OS_QInit)
    i.OS_Read2                               0x08002d90   Section        0  os_multi_core.o(i.OS_Read2)
    i.OS_Sched                               0x08002f08   Section        0  os_core.o(i.OS_Sched)
    i.OS_SchedNew                            0x08002f88   Section        0  os_core.o(i.OS_SchedNew)
    OS_SchedNew                              0x08002f89   Thumb Code    26  os_core.o(i.OS_SchedNew)
    i.OS_SendData                            0x08002fb4   Section        0  os_multi_core.o(i.OS_SendData)
    i.OS_SendDataFinished                    0x0800309c   Section        0  os_multi_core.o(i.OS_SendDataFinished)
    i.OS_SendStackData                       0x080030b8   Section        0  os_multi_core.o(i.OS_SendStackData)
    i.OS_SendVariableData                    0x080030fc   Section        0  os_multi_core.o(i.OS_SendVariableData)
    i.OS_TCBInit                             0x08003150   Section        0  os_core.o(i.OS_TCBInit)
    i.OS_TaskIdle                            0x080032cc   Section        0  os_core.o(i.OS_TaskIdle)
    i.OS_TaskReturn                          0x080032fc   Section        0  os_task.o(i.OS_TaskReturn)
    i.OS_TaskStkClr                          0x08003314   Section        0  os_task.o(i.OS_TaskStkClr)
    i.OS_TaskSwitchRequest                   0x0800332e   Section        0  os_multi_core.o(i.OS_TaskSwitchRequest)
    i.OS_Write                               0x08003364   Section        0  os_multi_core.o(i.OS_Write)
    i.OS_Write2                              0x08003380   Section        0  os_multi_core.o(i.OS_Write2)
    i.PWM_Init                               0x0800349c   Section        0  pwm.o(i.PWM_Init)
    i.PWM_Led                                0x08003534   Section        0  main.o(i.PWM_Led)
    i.PWM_SetCompare1                        0x08003584   Section        0  pwm.o(i.PWM_SetCompare1)
    i.RCC_APB1PeriphClockCmd                 0x08003594   Section        0  stm32f10x_rcc.o(i.RCC_APB1PeriphClockCmd)
    i.RCC_APB1PeriphResetCmd                 0x080035b4   Section        0  stm32f10x_rcc.o(i.RCC_APB1PeriphResetCmd)
    i.RCC_APB2PeriphClockCmd                 0x080035d4   Section        0  stm32f10x_rcc.o(i.RCC_APB2PeriphClockCmd)
    i.RCC_GetClocksFreq                      0x080035f4   Section        0  stm32f10x_rcc.o(i.RCC_GetClocksFreq)
    i.SVC_Handler                            0x080036c8   Section        0  stm32f10x_it.o(i.SVC_Handler)
    i.Send_Data_Finished_RXNE_Handler        0x080036cc   Section        0  i2c.o(i.Send_Data_Finished_RXNE_Handler)
    i.Send_Data_Finished_TXE_Handler         0x080036d8   Section        0  i2c.o(i.Send_Data_Finished_TXE_Handler)
    i.Send_Shared_Memory_data                0x080036dc   Section        0  main.o(i.Send_Shared_Memory_data)
    i.Send_Stack_Data_RXNE_Handler           0x08003738   Section        0  i2c.o(i.Send_Stack_Data_RXNE_Handler)
    i.Send_Stack_Data_TXE_Handler            0x080037bc   Section        0  i2c.o(i.Send_Stack_Data_TXE_Handler)
    i.Send_Variable_Data_RXNE_Handler        0x080037c0   Section        0  i2c.o(i.Send_Variable_Data_RXNE_Handler)
    i.Send_Variable_Data_TXE_Handler         0x08003870   Section        0  i2c.o(i.Send_Variable_Data_TXE_Handler)
    i.Serial_Init                            0x08003874   Section        0  serial.o(i.Serial_Init)
    i.Serial_SendByte                        0x0800392c   Section        0  serial.o(i.Serial_SendByte)
    i.Serial_SendString                      0x0800394c   Section        0  serial.o(i.Serial_SendString)
    i.SetSysClock                            0x08003966   Section        0  system_stm32f10x.o(i.SetSysClock)
    SetSysClock                              0x08003967   Thumb Code     8  system_stm32f10x.o(i.SetSysClock)
    i.SetSysClockTo72                        0x08003970   Section        0  system_stm32f10x.o(i.SetSysClockTo72)
    SetSysClockTo72                          0x08003971   Thumb Code   214  system_stm32f10x.o(i.SetSysClockTo72)
    i.Slave_GPIO_Init                        0x08003a50   Section        0  gpio.o(i.Slave_GPIO_Init)
    i.Slave_SendData                         0x08003a88   Section        0  gpio.o(i.Slave_SendData)
    i.SysTick_Handler                        0x08003ac8   Section        0  os_cpu_c.o(i.SysTick_Handler)
    i.SystemInit                             0x08003af0   Section        0  system_stm32f10x.o(i.SystemInit)
    i.TIM_Cmd                                0x08003b50   Section        0  stm32f10x_tim.o(i.TIM_Cmd)
    i.TIM_InternalClockConfig                0x08003b68   Section        0  stm32f10x_tim.o(i.TIM_InternalClockConfig)
    i.TIM_OC1Init                            0x08003b74   Section        0  stm32f10x_tim.o(i.TIM_OC1Init)
    i.TIM_OCStructInit                       0x08003c0c   Section        0  stm32f10x_tim.o(i.TIM_OCStructInit)
    i.TIM_SetCompare1                        0x08003c20   Section        0  stm32f10x_tim.o(i.TIM_SetCompare1)
    i.TIM_TimeBaseInit                       0x08003c24   Section        0  stm32f10x_tim.o(i.TIM_TimeBaseInit)
    i.Task_Switch_Request_RXNE_Handler       0x08003cc8   Section        0  i2c.o(i.Task_Switch_Request_RXNE_Handler)
    i.Task_Switch_Request_TXE_Handler        0x08003d2c   Section        0  i2c.o(i.Task_Switch_Request_TXE_Handler)
    i.USART1_IRQHandler                      0x08003d88   Section        0  serial.o(i.USART1_IRQHandler)
    i.USART_ClearITPendingBit                0x08003dc0   Section        0  stm32f10x_usart.o(i.USART_ClearITPendingBit)
    i.USART_Cmd                              0x08003dde   Section        0  stm32f10x_usart.o(i.USART_Cmd)
    i.USART_GetFlagStatus                    0x08003df6   Section        0  stm32f10x_usart.o(i.USART_GetFlagStatus)
    i.USART_GetITStatus                      0x08003e10   Section        0  stm32f10x_usart.o(i.USART_GetITStatus)
    i.USART_ITConfig                         0x08003e64   Section        0  stm32f10x_usart.o(i.USART_ITConfig)
    i.USART_Init                             0x08003eb0   Section        0  stm32f10x_usart.o(i.USART_Init)
    i.USART_ReceiveData                      0x08003f88   Section        0  stm32f10x_usart.o(i.USART_ReceiveData)
    i.USART_SendData                         0x08003f92   Section        0  stm32f10x_usart.o(i.USART_SendData)
    i.UsageFault_Handler                     0x08003f9a   Section        0  stm32f10x_it.o(i.UsageFault_Handler)
    i._is_digit                              0x08003f9e   Section        0  __printf_wp.o(i._is_digit)
    i.main                                   0x08003fac   Section        0  main.o(i.main)
    .constdata                               0x08004054   Section      256  os_core.o(.constdata)
    .constdata                               0x08004154   Section       40  _printf_hex_int_ll_ptr.o(.constdata)
    uc_hextab                                0x08004154   Data          20  _printf_hex_int_ll_ptr.o(.constdata)
    lc_hextab                                0x08004168   Data          20  _printf_hex_int_ll_ptr.o(.constdata)
    .constdata                               0x0800417c   Section       17  __printf_flags_ss_wp.o(.constdata)
    maptable                                 0x0800417c   Data          17  __printf_flags_ss_wp.o(.constdata)
    .data                                    0x20000000   Section       20  stm32f10x_rcc.o(.data)
    APBAHBPrescTable                         0x20000000   Data          16  stm32f10x_rcc.o(.data)
    ADCPrescTable                            0x20000010   Data           4  stm32f10x_rcc.o(.data)
    .data                                    0x20000014   Section        2  serial.o(.data)
    .data                                    0x20000018   Section       18  i2c.o(.data)
    size_h                                   0x20000019   Data           1  i2c.o(.data)
    size_l                                   0x2000001a   Data           1  i2c.o(.data)
    address                                  0x2000001c   Data           4  i2c.o(.data)
    size_h                                   0x20000020   Data           1  i2c.o(.data)
    size_l                                   0x20000021   Data           1  i2c.o(.data)
    address                                  0x20000024   Data           4  i2c.o(.data)
    count_idle                               0x20000028   Data           2  i2c.o(.data)
    .data                                    0x2000002c   Section      541  main.o(.data)
    .data                                    0x2000024c   Section        8  os_cpu_c.o(.data)
    .data                                    0x20000254   Section       68  os_core.o(.data)
    .data                                    0x20000298   Section       33  os_multi_core.o(.data)
    .bss                                     0x200002bc   Section      180  i2c.o(.bss)
    .bss                                     0x20000370   Section     1536  main.o(.bss)
    .bss                                     0x20000970   Section     1024  os_cpu_c.o(.bss)
    .bss                                     0x20000d70   Section     3656  os_core.o(.bss)
    .bss                                     0x20001bb8   Section     2592  os_multi_core.o(.bss)
    .bss                                     0x200025d8   Section       96  libspace.o(.bss)
    HEAP                                     0x20002638   Section      512  startup_stm32f10x_md.o(HEAP)
    Heap_Mem                                 0x20002638   Data         512  startup_stm32f10x_md.o(HEAP)
    STACK                                    0x20002838   Section     1024  startup_stm32f10x_md.o(STACK)
    Stack_Mem                                0x20002838   Data        1024  startup_stm32f10x_md.o(STACK)
    __initial_sp                             0x20002c38   Data           0  startup_stm32f10x_md.o(STACK)

    Global Symbols

    Symbol Name                              Value     Ov Type        Size  Object(Section)

    BuildAttributes$$THM_ISAv4$P$D$K$B$S$PE$A:L22UL41UL21$X:L11$S22US41US21$IEEE1$IW$USESV6$~STKCKD$USESV7$~SHL$OTIME$ROPI$IEEEJ$EBA8$UX$STANDARDLIB$REQ8$PRES8$EABIv2 0x00000000   Number         0  anon$$obj.o ABSOLUTE
    __ARM_use_no_argv                        0x00000000   Number         0  main.o ABSOLUTE
    _printf_flags                            0x00000000   Number         0  printf_stubs.o ABSOLUTE
    _printf_return_value                     0x00000000   Number         0  printf_stubs.o ABSOLUTE
    _printf_sizespec                         0x00000000   Number         0  printf_stubs.o ABSOLUTE
    _printf_widthprec                        0x00000000   Number         0  printf_stubs.o ABSOLUTE
    __ARM_exceptions_init                     - Undefined Weak Reference
    __alloca_initialize                       - Undefined Weak Reference
    __arm_preinit_                            - Undefined Weak Reference
    __cpp_initialize__aeabi_                  - Undefined Weak Reference
    __cxa_finalize                            - Undefined Weak Reference
    __sigvec_lookup                           - Undefined Weak Reference
    _atexit_init                              - Undefined Weak Reference
    _call_atexit_fns                          - Undefined Weak Reference
    _clock_init                               - Undefined Weak Reference
    _fp_trap_init                             - Undefined Weak Reference
    _fp_trap_shutdown                         - Undefined Weak Reference
    _get_lc_collate                           - Undefined Weak Reference
    _get_lc_monetary                          - Undefined Weak Reference
    _get_lc_time                              - Undefined Weak Reference
    _getenv_init                              - Undefined Weak Reference
    _handle_redirection                       - Undefined Weak Reference
    _init_alloc                               - Undefined Weak Reference
    _init_user_alloc                          - Undefined Weak Reference
    _initio                                   - Undefined Weak Reference
    _printf_mbtowc                            - Undefined Weak Reference
    _printf_wc                                - Undefined Weak Reference
    _rand_init                                - Undefined Weak Reference
    _signal_finish                            - Undefined Weak Reference
    _signal_init                              - Undefined Weak Reference
    _terminate_alloc                          - Undefined Weak Reference
    _terminate_user_alloc                     - Undefined Weak Reference
    _terminateio                              - Undefined Weak Reference
    __Vectors_Size                           0x000000ec   Number         0  startup_stm32f10x_md.o ABSOLUTE
    __Vectors                                0x08000000   Data           4  startup_stm32f10x_md.o(RESET)
    __Vectors_End                            0x080000ec   Data           0  startup_stm32f10x_md.o(RESET)
    __main                                   0x080000ed   Thumb Code     8  __main.o(!!!main)
    __scatterload                            0x080000f5   Thumb Code     0  __scatter.o(!!!scatter)
    __scatterload_rt2                        0x080000f5   Thumb Code    44  __scatter.o(!!!scatter)
    __scatterload_rt2_thumb_only             0x080000f5   Thumb Code     0  __scatter.o(!!!scatter)
    __scatterload_null                       0x08000103   Thumb Code     0  __scatter.o(!!!scatter)
    __decompress                             0x08000129   Thumb Code    58  __dczerorl.o(!!dczerorl)
    __decompress0                            0x08000129   Thumb Code     0  __dczerorl.o(!!dczerorl)
    __scatterload_zeroinit                   0x08000165   Thumb Code    28  __scatter_zi.o(!!handler_zi)
    _printf_percent                          0x08000181   Thumb Code     0  _printf_percent.o(.ARM.Collect$$_printf_percent$$00000000)
    _printf_u                                0x08000181   Thumb Code     0  _printf_u.o(.ARM.Collect$$_printf_percent$$0000000A)
    _printf_x                                0x08000187   Thumb Code     0  _printf_x.o(.ARM.Collect$$_printf_percent$$0000000C)
    _printf_percent_end                      0x0800018d   Thumb Code     0  _printf_percent_end.o(.ARM.Collect$$_printf_percent$$00000017)
    __rt_lib_init                            0x08000191   Thumb Code     0  libinit.o(.ARM.Collect$$libinit$$00000000)
    __rt_lib_init_alloca_1                   0x08000193   Thumb Code     0  libinit2.o(.ARM.Collect$$libinit$$0000002E)
    __rt_lib_init_argv_1                     0x08000193   Thumb Code     0  libinit2.o(.ARM.Collect$$libinit$$0000002C)
    __rt_lib_init_atexit_1                   0x08000193   Thumb Code     0  libinit2.o(.ARM.Collect$$libinit$$0000001B)
    __rt_lib_init_clock_1                    0x08000193   Thumb Code     0  libinit2.o(.ARM.Collect$$libinit$$00000021)
    __rt_lib_init_cpp_1                      0x08000193   Thumb Code     0  libinit2.o(.ARM.Collect$$libinit$$00000032)
    __rt_lib_init_exceptions_1               0x08000193   Thumb Code     0  libinit2.o(.ARM.Collect$$libinit$$00000030)
    __rt_lib_init_fp_1                       0x08000193   Thumb Code     0  libinit2.o(.ARM.Collect$$libinit$$00000002)
    __rt_lib_init_fp_trap_1                  0x08000193   Thumb Code     0  libinit2.o(.ARM.Collect$$libinit$$0000001F)
    __rt_lib_init_getenv_1                   0x08000193   Thumb Code     0  libinit2.o(.ARM.Collect$$libinit$$00000023)
    __rt_lib_init_heap_1                     0x08000193   Thumb Code     0  libinit2.o(.ARM.Collect$$libinit$$0000000A)
    __rt_lib_init_lc_collate_1               0x08000193   Thumb Code     0  libinit2.o(.ARM.Collect$$libinit$$00000011)
    __rt_lib_init_lc_ctype_1                 0x08000193   Thumb Code     0  libinit2.o(.ARM.Collect$$libinit$$00000013)
    __rt_lib_init_lc_monetary_1              0x08000193   Thumb Code     0  libinit2.o(.ARM.Collect$$libinit$$00000015)
    __rt_lib_init_lc_numeric_1               0x08000193   Thumb Code     0  libinit2.o(.ARM.Collect$$libinit$$00000017)
    __rt_lib_init_lc_time_1                  0x08000193   Thumb Code     0  libinit2.o(.ARM.Collect$$libinit$$00000019)
    __rt_lib_init_preinit_1                  0x08000193   Thumb Code     0  libinit2.o(.ARM.Collect$$libinit$$00000004)
    __rt_lib_init_rand_1                     0x08000193   Thumb Code     0  libinit2.o(.ARM.Collect$$libinit$$0000000E)
    __rt_lib_init_return                     0x08000193   Thumb Code     0  libinit2.o(.ARM.Collect$$libinit$$00000033)
    __rt_lib_init_signal_1                   0x08000193   Thumb Code     0  libinit2.o(.ARM.Collect$$libinit$$0000001D)
    __rt_lib_init_stdio_1                    0x08000193   Thumb Code     0  libinit2.o(.ARM.Collect$$libinit$$00000025)
    __rt_lib_init_user_alloc_1               0x08000193   Thumb Code     0  libinit2.o(.ARM.Collect$$libinit$$0000000C)
    __rt_lib_shutdown                        0x08000195   Thumb Code     0  libshutdown.o(.ARM.Collect$$libshutdown$$00000000)
    __rt_lib_shutdown_cpp_1                  0x08000197   Thumb Code     0  libshutdown2.o(.ARM.Collect$$libshutdown$$00000002)
    __rt_lib_shutdown_fp_trap_1              0x08000197   Thumb Code     0  libshutdown2.o(.ARM.Collect$$libshutdown$$00000007)
    __rt_lib_shutdown_heap_1                 0x08000197   Thumb Code     0  libshutdown2.o(.ARM.Collect$$libshutdown$$0000000F)
    __rt_lib_shutdown_return                 0x08000197   Thumb Code     0  libshutdown2.o(.ARM.Collect$$libshutdown$$00000010)
    __rt_lib_shutdown_signal_1               0x08000197   Thumb Code     0  libshutdown2.o(.ARM.Collect$$libshutdown$$0000000A)
    __rt_lib_shutdown_stdio_1                0x08000197   Thumb Code     0  libshutdown2.o(.ARM.Collect$$libshutdown$$00000004)
    __rt_lib_shutdown_user_alloc_1           0x08000197   Thumb Code     0  libshutdown2.o(.ARM.Collect$$libshutdown$$0000000C)
    __rt_entry                               0x08000199   Thumb Code     0  __rtentry.o(.ARM.Collect$$rtentry$$00000000)
    __rt_entry_presh_1                       0x08000199   Thumb Code     0  __rtentry2.o(.ARM.Collect$$rtentry$$00000002)
    __rt_entry_sh                            0x08000199   Thumb Code     0  __rtentry4.o(.ARM.Collect$$rtentry$$00000004)
    __rt_entry_li                            0x0800019f   Thumb Code     0  __rtentry2.o(.ARM.Collect$$rtentry$$0000000A)
    __rt_entry_postsh_1                      0x0800019f   Thumb Code     0  __rtentry2.o(.ARM.Collect$$rtentry$$00000009)
    __rt_entry_main                          0x080001a3   Thumb Code     0  __rtentry2.o(.ARM.Collect$$rtentry$$0000000D)
    __rt_entry_postli_1                      0x080001a3   Thumb Code     0  __rtentry2.o(.ARM.Collect$$rtentry$$0000000C)
    __rt_exit                                0x080001ab   Thumb Code     0  rtexit.o(.ARM.Collect$$rtexit$$00000000)
    __rt_exit_ls                             0x080001ad   Thumb Code     0  rtexit2.o(.ARM.Collect$$rtexit$$00000003)
    __rt_exit_prels_1                        0x080001ad   Thumb Code     0  rtexit2.o(.ARM.Collect$$rtexit$$00000002)
    __rt_exit_exit                           0x080001b1   Thumb Code     0  rtexit2.o(.ARM.Collect$$rtexit$$00000004)
    Reset_Handler                            0x080001b9   Thumb Code     8  startup_stm32f10x_md.o(.text)
    ADC1_2_IRQHandler                        0x080001d3   Thumb Code     0  startup_stm32f10x_md.o(.text)
    CAN1_RX1_IRQHandler                      0x080001d3   Thumb Code     0  startup_stm32f10x_md.o(.text)
    CAN1_SCE_IRQHandler                      0x080001d3   Thumb Code     0  startup_stm32f10x_md.o(.text)
    DMA1_Channel1_IRQHandler                 0x080001d3   Thumb Code     0  startup_stm32f10x_md.o(.text)
    DMA1_Channel2_IRQHandler                 0x080001d3   Thumb Code     0  startup_stm32f10x_md.o(.text)
    DMA1_Channel3_IRQHandler                 0x080001d3   Thumb Code     0  startup_stm32f10x_md.o(.text)
    DMA1_Channel4_IRQHandler                 0x080001d3   Thumb Code     0  startup_stm32f10x_md.o(.text)
    DMA1_Channel5_IRQHandler                 0x080001d3   Thumb Code     0  startup_stm32f10x_md.o(.text)
    DMA1_Channel6_IRQHandler                 0x080001d3   Thumb Code     0  startup_stm32f10x_md.o(.text)
    DMA1_Channel7_IRQHandler                 0x080001d3   Thumb Code     0  startup_stm32f10x_md.o(.text)
    EXTI0_IRQHandler                         0x080001d3   Thumb Code     0  startup_stm32f10x_md.o(.text)
    EXTI1_IRQHandler                         0x080001d3   Thumb Code     0  startup_stm32f10x_md.o(.text)
    EXTI2_IRQHandler                         0x080001d3   Thumb Code     0  startup_stm32f10x_md.o(.text)
    EXTI3_IRQHandler                         0x080001d3   Thumb Code     0  startup_stm32f10x_md.o(.text)
    EXTI4_IRQHandler                         0x080001d3   Thumb Code     0  startup_stm32f10x_md.o(.text)
    EXTI9_5_IRQHandler                       0x080001d3   Thumb Code     0  startup_stm32f10x_md.o(.text)
    FLASH_IRQHandler                         0x080001d3   Thumb Code     0  startup_stm32f10x_md.o(.text)
    I2C1_ER_IRQHandler                       0x080001d3   Thumb Code     0  startup_stm32f10x_md.o(.text)
    I2C1_EV_IRQHandler                       0x080001d3   Thumb Code     0  startup_stm32f10x_md.o(.text)
    PVD_IRQHandler                           0x080001d3   Thumb Code     0  startup_stm32f10x_md.o(.text)
    RCC_IRQHandler                           0x080001d3   Thumb Code     0  startup_stm32f10x_md.o(.text)
    RTCAlarm_IRQHandler                      0x080001d3   Thumb Code     0  startup_stm32f10x_md.o(.text)
    RTC_IRQHandler                           0x080001d3   Thumb Code     0  startup_stm32f10x_md.o(.text)
    SPI1_IRQHandler                          0x080001d3   Thumb Code     0  startup_stm32f10x_md.o(.text)
    SPI2_IRQHandler                          0x080001d3   Thumb Code     0  startup_stm32f10x_md.o(.text)
    TAMPER_IRQHandler                        0x080001d3   Thumb Code     0  startup_stm32f10x_md.o(.text)
    TIM1_BRK_IRQHandler                      0x080001d3   Thumb Code     0  startup_stm32f10x_md.o(.text)
    TIM1_CC_IRQHandler                       0x080001d3   Thumb Code     0  startup_stm32f10x_md.o(.text)
    TIM1_TRG_COM_IRQHandler                  0x080001d3   Thumb Code     0  startup_stm32f10x_md.o(.text)
    TIM1_UP_IRQHandler                       0x080001d3   Thumb Code     0  startup_stm32f10x_md.o(.text)
    TIM2_IRQHandler                          0x080001d3   Thumb Code     0  startup_stm32f10x_md.o(.text)
    TIM3_IRQHandler                          0x080001d3   Thumb Code     0  startup_stm32f10x_md.o(.text)
    TIM4_IRQHandler                          0x080001d3   Thumb Code     0  startup_stm32f10x_md.o(.text)
    USART2_IRQHandler                        0x080001d3   Thumb Code     0  startup_stm32f10x_md.o(.text)
    USART3_IRQHandler                        0x080001d3   Thumb Code     0  startup_stm32f10x_md.o(.text)
    USBWakeUp_IRQHandler                     0x080001d3   Thumb Code     0  startup_stm32f10x_md.o(.text)
    USB_HP_CAN1_TX_IRQHandler                0x080001d3   Thumb Code     0  startup_stm32f10x_md.o(.text)
    USB_LP_CAN1_RX0_IRQHandler               0x080001d3   Thumb Code     0  startup_stm32f10x_md.o(.text)
    WWDG_IRQHandler                          0x080001d3   Thumb Code     0  startup_stm32f10x_md.o(.text)
    __user_initial_stackheap                 0x080001d5   Thumb Code     0  startup_stm32f10x_md.o(.text)
    OS_CPU_SR_Save                           0x080001f9   Thumb Code     0  os_cpu_a.o(.text)
    OS_CPU_SR_Restore                        0x08000215   Thumb Code     0  os_cpu_a.o(.text)
    OSStartHighRdy                           0x08000227   Thumb Code     0  os_cpu_a.o(.text)
    OSCtxSw                                  0x0800027f   Thumb Code     0  os_cpu_a.o(.text)
    OSIntCtxSw                               0x0800027f   Thumb Code     0  os_cpu_a.o(.text)
    PendSV_Handler                           0x08000289   Thumb Code     0  os_cpu_a.o(.text)
    SystemInit1                              0x080002d3   Thumb Code     0  os_cpu_a.o(.text)
    __2sprintf                               0x080003a1   Thumb Code    38  __2sprintf.o(.text)
    _printf_int_dec                          0x080003cd   Thumb Code   104  _printf_dec.o(.text)
    _printf_longlong_hex                     0x08000445   Thumb Code    86  _printf_hex_int_ll_ptr.o(.text)
    _printf_int_hex                          0x0800049b   Thumb Code    28  _printf_hex_int_ll_ptr.o(.text)
    _printf_ll_hex                           0x080004b7   Thumb Code    12  _printf_hex_int_ll_ptr.o(.text)
    _printf_hex_ptr                          0x080004c3   Thumb Code    18  _printf_hex_int_ll_ptr.o(.text)
    __printf                                 0x080004d9   Thumb Code   388  __printf_flags_ss_wp.o(.text)
    __aeabi_memcpy                           0x08000661   Thumb Code     0  rt_memcpy_v6.o(.text)
    __rt_memcpy                              0x08000661   Thumb Code   138  rt_memcpy_v6.o(.text)
    _memcpy_lastbytes                        0x080006c7   Thumb Code     0  rt_memcpy_v6.o(.text)
    __use_two_region_memory                  0x080006eb   Thumb Code     2  heapauxi.o(.text)
    __rt_heap_escrow$2region                 0x080006ed   Thumb Code     2  heapauxi.o(.text)
    __rt_heap_expand$2region                 0x080006ef   Thumb Code     2  heapauxi.o(.text)
    _printf_int_common                       0x080006f1   Thumb Code   178  _printf_intcommon.o(.text)
    _printf_char_common                      0x080007af   Thumb Code    32  _printf_char_common.o(.text)
    _sputc                                   0x080007d5   Thumb Code    10  _sputc.o(.text)
    __aeabi_memcpy4                          0x080007df   Thumb Code     0  rt_memcpy_w.o(.text)
    __aeabi_memcpy8                          0x080007df   Thumb Code     0  rt_memcpy_w.o(.text)
    __rt_memcpy_w                            0x080007df   Thumb Code   100  rt_memcpy_w.o(.text)
    _memcpy_lastbytes_aligned                0x08000827   Thumb Code     0  rt_memcpy_w.o(.text)
    __user_setup_stackheap                   0x08000843   Thumb Code    74  sys_stackheap_outer.o(.text)
    exit                                     0x0800088d   Thumb Code    18  exit.o(.text)
    __user_libspace                          0x080008a1   Thumb Code     8  libspace.o(.text)
    __user_perproc_libspace                  0x080008a1   Thumb Code     0  libspace.o(.text)
    __user_perthread_libspace                0x080008a1   Thumb Code     0  libspace.o(.text)
    _sys_exit                                0x080008a9   Thumb Code     8  sys_exit.o(.text)
    __I$use$semihosting                      0x080008b5   Thumb Code     0  use_no_semi.o(.text)
    __use_no_semihosting_swi                 0x080008b5   Thumb Code     2  use_no_semi.o(.text)
    App_TCBInitHook                          0x080008b7   Thumb Code     2  app_hooks.o(i.App_TCBInitHook)
    __semihosting_library_function           0x080008b7   Thumb Code     0  indicate_semi.o(.text)
    App_TaskCreateHook                       0x080008b9   Thumb Code     2  app_hooks.o(i.App_TaskCreateHook)
    App_TaskDelHook                          0x080008bb   Thumb Code     2  app_hooks.o(i.App_TaskDelHook)
    App_TaskIdleHook                         0x080008bd   Thumb Code     2  app_hooks.o(i.App_TaskIdleHook)
    App_TaskReturnHook                       0x080008bf   Thumb Code     2  app_hooks.o(i.App_TaskReturnHook)
    App_TaskSwHook                           0x080008c1   Thumb Code     2  app_hooks.o(i.App_TaskSwHook)
    App_TimeTickHook                         0x080008c3   Thumb Code     2  app_hooks.o(i.App_TimeTickHook)
    BusFault_Handler                         0x080008c5   Thumb Code     4  stm32f10x_it.o(i.BusFault_Handler)
    Clear_Flag                               0x080008c9   Thumb Code    20  i2c.o(i.Clear_Flag)
    DebugMon_Handler                         0x080008e5   Thumb Code     2  stm32f10x_it.o(i.DebugMon_Handler)
    EXTI15_10_IRQHandler                     0x080008e9   Thumb Code    36  gpio.o(i.EXTI15_10_IRQHandler)
    EXTI_ClearITPendingBit                   0x08000915   Thumb Code     6  stm32f10x_exti.o(i.EXTI_ClearITPendingBit)
    EXTI_GetITStatus                         0x08000921   Thumb Code    34  stm32f10x_exti.o(i.EXTI_GetITStatus)
    EXTI_Init                                0x08000949   Thumb Code   142  stm32f10x_exti.o(i.EXTI_Init)
    GPIO_EXTILineConfig                      0x080009dd   Thumb Code    60  stm32f10x_gpio.o(i.GPIO_EXTILineConfig)
    GPIO_EXTI_Init                           0x08000a1d   Thumb Code   106  gpio.o(i.GPIO_EXTI_Init)
    GPIO_Init                                0x08000a8d   Thumb Code   278  stm32f10x_gpio.o(i.GPIO_Init)
    GPIO_ResetBits                           0x08000ba3   Thumb Code     4  stm32f10x_gpio.o(i.GPIO_ResetBits)
    GPIO_SetBits                             0x08000ba7   Thumb Code     4  stm32f10x_gpio.o(i.GPIO_SetBits)
    Get_CPU_Usage_RXNE_Handler               0x08000bab   Thumb Code     2  i2c.o(i.Get_CPU_Usage_RXNE_Handler)
    Get_CPU_Usage_TXE_Handler                0x08000bad   Thumb Code    88  i2c.o(i.Get_CPU_Usage_TXE_Handler)
    Get_Stack_Data_RXNE_Handler              0x08000c15   Thumb Code    76  i2c.o(i.Get_Stack_Data_RXNE_Handler)
    Get_Stack_Data_TXE_Handler               0x08000c6d   Thumb Code    78  i2c.o(i.Get_Stack_Data_TXE_Handler)
    Get_Variable_Data_RXNE_Handler           0x08000cc5   Thumb Code    12  i2c.o(i.Get_Variable_Data_RXNE_Handler)
    Get_Variable_Data_TXE_Handler            0x08000cd9   Thumb Code   116  i2c.o(i.Get_Variable_Data_TXE_Handler)
    HardFault_Handler                        0x08000d59   Thumb Code     4  stm32f10x_it.o(i.HardFault_Handler)
    I2C2_ER_IRQHandler                       0x08000d5d   Thumb Code   102  i2c.o(i.I2C2_ER_IRQHandler)
    I2C2_EV_IRQHandler                       0x08000dd1   Thumb Code   328  i2c.o(i.I2C2_EV_IRQHandler)
    I2C2_Master_Init                         0x08000f29   Thumb Code   106  i2c.o(i.I2C2_Master_Init)
    I2C2_Slave_Init                          0x08000fa1   Thumb Code   198  i2c.o(i.I2C2_Slave_Init)
    I2C2_Write                               0x0800107d   Thumb Code   206  i2c.o(i.I2C2_Write)
    I2C_AcknowledgeConfig                    0x0800115d   Thumb Code    24  stm32f10x_i2c.o(i.I2C_AcknowledgeConfig)
    I2C_CheckEvent                           0x08001175   Thumb Code    42  stm32f10x_i2c.o(i.I2C_CheckEvent)
    I2C_ClearITPendingBit                    0x0800119f   Thumb Code    12  stm32f10x_i2c.o(i.I2C_ClearITPendingBit)
    I2C_Cmd                                  0x080011ab   Thumb Code    24  stm32f10x_i2c.o(i.I2C_Cmd)
    I2C_Flag_Init                            0x080011c3   Thumb Code    28  i2c.o(i.I2C_Flag_Init)
    I2C_GenerateSTART                        0x080011df   Thumb Code    24  stm32f10x_i2c.o(i.I2C_GenerateSTART)
    I2C_GenerateSTOP                         0x080011f7   Thumb Code    24  stm32f10x_i2c.o(i.I2C_GenerateSTOP)
    I2C_GetITStatus                          0x0800120f   Thumb Code    38  stm32f10x_i2c.o(i.I2C_GetITStatus)
    I2C_ITConfig                             0x08001235   Thumb Code    18  stm32f10x_i2c.o(i.I2C_ITConfig)
    I2C_Init                                 0x08001249   Thumb Code   222  stm32f10x_i2c.o(i.I2C_Init)
    I2C_ReceiveData                          0x08001335   Thumb Code     8  stm32f10x_i2c.o(i.I2C_ReceiveData)
    I2C_Send7bitAddress                      0x0800133d   Thumb Code    18  stm32f10x_i2c.o(i.I2C_Send7bitAddress)
    I2C_SendData                             0x0800134f   Thumb Code     4  stm32f10x_i2c.o(i.I2C_SendData)
    Is_Busy_RXNE_Handler                     0x08001353   Thumb Code     2  i2c.o(i.Is_Busy_RXNE_Handler)
    Is_Busy_TXE_Handler                      0x08001355   Thumb Code    64  i2c.o(i.Is_Busy_TXE_Handler)
    MemManage_Handler                        0x0800139d   Thumb Code     4  stm32f10x_it.o(i.MemManage_Handler)
    NMI_Handler                              0x080013a1   Thumb Code     2  stm32f10x_it.o(i.NMI_Handler)
    NVIC_Init                                0x080013a5   Thumb Code   100  misc.o(i.NVIC_Init)
    NVIC_PriorityGroupConfig                 0x08001415   Thumb Code    10  misc.o(i.NVIC_PriorityGroupConfig)
    OSInit                                   0x08001429   Thumb Code    62  os_core.o(i.OSInit)
    OSInitHookBegin                          0x0800146d   Thumb Code    42  os_cpu_c.o(i.OSInitHookBegin)
    OSInitHookEnd                            0x080014a9   Thumb Code     2  os_cpu_c.o(i.OSInitHookEnd)
    OSInitQueue                              0x080014ab   Thumb Code    26  os_multi_core.o(i.OSInitQueue)
    OSIntEnter                               0x080014c5   Thumb Code    28  os_core.o(i.OSIntEnter)
    OSIntExit                                0x080014e9   Thumb Code   122  os_core.o(i.OSIntExit)
    OSMultiHardwareInit                      0x08001585   Thumb Code    30  os_multi_core.o(i.OSMultiHardwareInit)
    OSMultiSemInit                           0x080015a9   Thumb Code    44  os_multi_core.o(i.OSMultiSemInit)
    OSMultiTaskInit                          0x080015e5   Thumb Code    64  os_multi_core.o(i.OSMultiTaskInit)
    OSOutQueue                               0x0800163d   Thumb Code    28  os_multi_core.o(i.OSOutQueue)
    OSSemCreate                              0x08001659   Thumb Code    82  os_sem.o(i.OSSemCreate)
    OSSemPend                                0x080016b9   Thumb Code   266  os_sem.o(i.OSSemPend)
    OSSemPost                                0x080017d1   Thumb Code   112  os_sem.o(i.OSSemPost)
    OSSemQuery                               0x08001841   Thumb Code    98  os_sem.o(i.OSSemQuery)
    OSStart                                  0x080018a5   Thumb Code    48  os_core.o(i.OSStart)
    OSTCBInitHook                            0x080018ed   Thumb Code    12  os_cpu_c.o(i.OSTCBInitHook)
    OSTaskCreate                             0x080018f9   Thumb Code   198  os_task.o(i.OSTaskCreate)
    OSTaskCreateExt                          0x080019cd   Thumb Code   216  os_task.o(i.OSTaskCreateExt)
    OSTaskCreateHook                         0x08001ab1   Thumb Code    12  os_cpu_c.o(i.OSTaskCreateHook)
    OSTaskDel                                0x08001abd   Thumb Code   346  os_task.o(i.OSTaskDel)
    OSTaskDelHook                            0x08001c45   Thumb Code    12  os_cpu_c.o(i.OSTaskDelHook)
    OSTaskIdleHook                           0x08001c51   Thumb Code     8  os_cpu_c.o(i.OSTaskIdleHook)
    OSTaskNameSet                            0x08001c59   Thumb Code   138  os_task.o(i.OSTaskNameSet)
    OSTaskResume                             0x08001cf1   Thumb Code   196  os_task.o(i.OSTaskResume)
    OSTaskReturnHook                         0x08001dc5   Thumb Code    12  os_cpu_c.o(i.OSTaskReturnHook)
    OSTaskStkInit                            0x08001dd1   Thumb Code   170  os_cpu_c.o(i.OSTaskStkInit)
    OSTaskSuspend                            0x08001e81   Thumb Code   190  os_task.o(i.OSTaskSuspend)
    OSTaskSwHook                             0x08001f51   Thumb Code     8  os_cpu_c.o(i.OSTaskSwHook)
    OSTimeDly                                0x08001f59   Thumb Code   110  os_time.o(i.OSTimeDly)
    OSTimeTick                               0x08001fdd   Thumb Code   450  os_core.o(i.OSTimeTick)
    OSTimeTickHook                           0x080021c9   Thumb Code     8  os_cpu_c.o(i.OSTimeTickHook)
    OS_Data_Transfer_Switch_Callback         0x080021d1   Thumb Code   104  main.o(i.OS_Data_Transfer_Switch_Callback)
    OS_Dummy                                 0x080022c1   Thumb Code     2  os_core.o(i.OS_Dummy)
    OS_EventTaskRdy                          0x080022c5   Thumb Code   132  os_core.o(i.OS_EventTaskRdy)
    OS_EventTaskRemove                       0x08002359   Thumb Code    46  os_core.o(i.OS_EventTaskRemove)
    OS_EventTaskRemoveMulti                  0x08002387   Thumb Code    58  os_core.o(i.OS_EventTaskRemoveMulti)
    OS_EventTaskWait                         0x080023c1   Thumb Code   112  os_core.o(i.OS_EventTaskWait)
    OS_EventWaitListInit                     0x0800243d   Thumb Code    28  os_core.o(i.OS_EventWaitListInit)
    OS_FlagInit                              0x08002459   Thumb Code    74  os_flag.o(i.OS_FlagInit)
    OS_FlagUnlink                            0x080024b1   Thumb Code    36  os_flag.o(i.OS_FlagUnlink)
    OS_GetCpuUsage                           0x080024d5   Thumb Code    54  os_multi_core.o(i.OS_GetCpuUsage)
    OS_GetStackData                          0x0800250b   Thumb Code    60  os_multi_core.o(i.OS_GetStackData)
    OS_GetVariableData                       0x08002547   Thumb Code   102  os_multi_core.o(i.OS_GetVariableData)
    OS_IsBusy                                0x08002759   Thumb Code    54  os_multi_core.o(i.OS_IsBusy)
    OS_MemClr                                0x0800278f   Thumb Code    18  os_core.o(i.OS_MemClr)
    OS_MemInit                               0x080027a1   Thumb Code    74  os_mem.o(i.OS_MemInit)
    OS_MultiCoreTaskInit                     0x080027f9   Thumb Code    54  os_multi_core.o(i.OS_MultiCoreTaskInit)
    OS_Multi_Core_Data_Transfer              0x08002839   Thumb Code   336  os_multi_core.o(i.OS_Multi_Core_Data_Transfer)
    OS_Multi_Core_Sched                      0x080029e9   Thumb Code   652  os_multi_core.o(i.OS_Multi_Core_Sched)
    OS_Multi_Core_Task_Suspend               0x08002c99   Thumb Code    80  os_multi_core.o(i.OS_Multi_Core_Task_Suspend)
    OS_MultipleTaskSW                        0x08002cf9   Thumb Code    66  os_multi_core.o(i.OS_MultipleTaskSW)
    OS_QInit                                 0x08002d41   Thumb Code    72  os_q.o(i.OS_QInit)
    OS_Read2                                 0x08002d91   Thumb Code   362  os_multi_core.o(i.OS_Read2)
    OS_Sched                                 0x08002f09   Thumb Code    98  os_core.o(i.OS_Sched)
    OS_SendData                              0x08002fb5   Thumb Code   198  os_multi_core.o(i.OS_SendData)
    OS_SendDataFinished                      0x0800309d   Thumb Code    28  os_multi_core.o(i.OS_SendDataFinished)
    OS_SendStackData                         0x080030b9   Thumb Code    68  os_multi_core.o(i.OS_SendStackData)
    OS_SendVariableData                      0x080030fd   Thumb Code    84  os_multi_core.o(i.OS_SendVariableData)
    OS_TCBInit                               0x08003151   Thumb Code   352  os_core.o(i.OS_TCBInit)
    OS_TaskIdle                              0x080032cd   Thumb Code    42  os_core.o(i.OS_TaskIdle)
    OS_TaskReturn                            0x080032fd   Thumb Code    18  os_task.o(i.OS_TaskReturn)
    OS_TaskStkClr                            0x08003315   Thumb Code    26  os_task.o(i.OS_TaskStkClr)
    OS_TaskSwitchRequest                     0x0800332f   Thumb Code    54  os_multi_core.o(i.OS_TaskSwitchRequest)
    OS_Write                                 0x08003365   Thumb Code    28  os_multi_core.o(i.OS_Write)
    OS_Write2                                0x08003381   Thumb Code   268  os_multi_core.o(i.OS_Write2)
    PWM_Init                                 0x0800349d   Thumb Code   146  pwm.o(i.PWM_Init)
    PWM_Led                                  0x08003535   Thumb Code    74  main.o(i.PWM_Led)
    PWM_SetCompare1                          0x08003585   Thumb Code    16  pwm.o(i.PWM_SetCompare1)
    RCC_APB1PeriphClockCmd                   0x08003595   Thumb Code    26  stm32f10x_rcc.o(i.RCC_APB1PeriphClockCmd)
    RCC_APB1PeriphResetCmd                   0x080035b5   Thumb Code    26  stm32f10x_rcc.o(i.RCC_APB1PeriphResetCmd)
    RCC_APB2PeriphClockCmd                   0x080035d5   Thumb Code    26  stm32f10x_rcc.o(i.RCC_APB2PeriphClockCmd)
    RCC_GetClocksFreq                        0x080035f5   Thumb Code   192  stm32f10x_rcc.o(i.RCC_GetClocksFreq)
    SVC_Handler                              0x080036c9   Thumb Code     2  stm32f10x_it.o(i.SVC_Handler)
    Send_Data_Finished_RXNE_Handler          0x080036cd   Thumb Code     8  i2c.o(i.Send_Data_Finished_RXNE_Handler)
    Send_Data_Finished_TXE_Handler           0x080036d9   Thumb Code     2  i2c.o(i.Send_Data_Finished_TXE_Handler)
    Send_Shared_Memory_data                  0x080036dd   Thumb Code    54  main.o(i.Send_Shared_Memory_data)
    Send_Stack_Data_RXNE_Handler             0x08003739   Thumb Code   112  i2c.o(i.Send_Stack_Data_RXNE_Handler)
    Send_Stack_Data_TXE_Handler              0x080037bd   Thumb Code     2  i2c.o(i.Send_Stack_Data_TXE_Handler)
    Send_Variable_Data_RXNE_Handler          0x080037c1   Thumb Code   156  i2c.o(i.Send_Variable_Data_RXNE_Handler)
    Send_Variable_Data_TXE_Handler           0x08003871   Thumb Code     2  i2c.o(i.Send_Variable_Data_TXE_Handler)
    Serial_Init                              0x08003875   Thumb Code   174  serial.o(i.Serial_Init)
    Serial_SendByte                          0x0800392d   Thumb Code    28  serial.o(i.Serial_SendByte)
    Serial_SendString                        0x0800394d   Thumb Code    26  serial.o(i.Serial_SendString)
    Slave_GPIO_Init                          0x08003a51   Thumb Code    50  gpio.o(i.Slave_GPIO_Init)
    Slave_SendData                           0x08003a89   Thumb Code    44  gpio.o(i.Slave_SendData)
    SysTick_Handler                          0x08003ac9   Thumb Code    38  os_cpu_c.o(i.SysTick_Handler)
    SystemInit                               0x08003af1   Thumb Code    78  system_stm32f10x.o(i.SystemInit)
    TIM_Cmd                                  0x08003b51   Thumb Code    24  stm32f10x_tim.o(i.TIM_Cmd)
    TIM_InternalClockConfig                  0x08003b69   Thumb Code    12  stm32f10x_tim.o(i.TIM_InternalClockConfig)
    TIM_OC1Init                              0x08003b75   Thumb Code   132  stm32f10x_tim.o(i.TIM_OC1Init)
    TIM_OCStructInit                         0x08003c0d   Thumb Code    20  stm32f10x_tim.o(i.TIM_OCStructInit)
    TIM_SetCompare1                          0x08003c21   Thumb Code     4  stm32f10x_tim.o(i.TIM_SetCompare1)
    TIM_TimeBaseInit                         0x08003c25   Thumb Code   122  stm32f10x_tim.o(i.TIM_TimeBaseInit)
    Task_Switch_Request_RXNE_Handler         0x08003cc9   Thumb Code    82  i2c.o(i.Task_Switch_Request_RXNE_Handler)
    Task_Switch_Request_TXE_Handler          0x08003d2d   Thumb Code    80  i2c.o(i.Task_Switch_Request_TXE_Handler)
    USART1_IRQHandler                        0x08003d89   Thumb Code    44  serial.o(i.USART1_IRQHandler)
    USART_ClearITPendingBit                  0x08003dc1   Thumb Code    30  stm32f10x_usart.o(i.USART_ClearITPendingBit)
    USART_Cmd                                0x08003ddf   Thumb Code    24  stm32f10x_usart.o(i.USART_Cmd)
    USART_GetFlagStatus                      0x08003df7   Thumb Code    26  stm32f10x_usart.o(i.USART_GetFlagStatus)
    USART_GetITStatus                        0x08003e11   Thumb Code    84  stm32f10x_usart.o(i.USART_GetITStatus)
    USART_ITConfig                           0x08003e65   Thumb Code    74  stm32f10x_usart.o(i.USART_ITConfig)
    USART_Init                               0x08003eb1   Thumb Code   210  stm32f10x_usart.o(i.USART_Init)
    USART_ReceiveData                        0x08003f89   Thumb Code    10  stm32f10x_usart.o(i.USART_ReceiveData)
    USART_SendData                           0x08003f93   Thumb Code     8  stm32f10x_usart.o(i.USART_SendData)
    UsageFault_Handler                       0x08003f9b   Thumb Code     4  stm32f10x_it.o(i.UsageFault_Handler)
    _is_digit                                0x08003f9f   Thumb Code    14  __printf_wp.o(i._is_digit)
    main                                     0x08003fad   Thumb Code   136  main.o(i.main)
    OSUnMapTbl                               0x08004054   Data         256  os_core.o(.constdata)
    Region$$Table$$Base                      0x08004190   Number         0  anon$$obj.o(Region$$Table)
    Region$$Table$$Limit                     0x080041b0   Number         0  anon$$obj.o(Region$$Table)
    Serial_RxData                            0x20000014   Data           1  serial.o(.data)
    Serial_RxFlag                            0x20000015   Data           1  serial.o(.data)
    i2c_state                                0x20000018   Data           1  i2c.o(.data)
    ID                                       0x2000002c   Data           4  main.o(.data)
    str                                      0x20000030   Data         512  main.o(.data)
    tempData                                 0x20000230   Data           9  main.o(.data)
    id                                       0x2000023c   Data           4  main.o(.data)
    Data                                     0x20000240   Data           9  main.o(.data)
    OS_CPU_ExceptStkBase                     0x2000024c   Data           4  os_cpu_c.o(.data)
    OS_KA_BASEPRI_Boundary                   0x20000250   Data           4  os_cpu_c.o(.data)
    OSCtxSwCtr                               0x20000254   Data           4  os_core.o(.data)
    OSEventFreeList                          0x20000258   Data           4  os_core.o(.data)
    OSFlagFreeList                           0x2000025c   Data           4  os_core.o(.data)
    OSIntNesting                             0x20000260   Data           1  os_core.o(.data)
    OSLockNesting                            0x20000261   Data           1  os_core.o(.data)
    OSPrioCur                                0x20000262   Data           1  os_core.o(.data)
    OSPrioHighRdy                            0x20000263   Data           1  os_core.o(.data)
    OSRdyGrp                                 0x20000264   Data           1  os_core.o(.data)
    OSRdyTbl                                 0x20000265   Data           8  os_core.o(.data)
    OSRunning                                0x2000026d   Data           1  os_core.o(.data)
    OSTaskCtr                                0x2000026e   Data           1  os_core.o(.data)
    OSIdleCtr                                0x20000270   Data           4  os_core.o(.data)
    OSTCBCur                                 0x20000274   Data           4  os_core.o(.data)
    OSTCBFreeList                            0x20000278   Data           4  os_core.o(.data)
    OSTCBHighRdy                             0x2000027c   Data           4  os_core.o(.data)
    OSTCBList                                0x20000280   Data           4  os_core.o(.data)
    OSTickStepState                          0x20000284   Data           1  os_core.o(.data)
    OSMemFreeList                            0x20000288   Data           4  os_core.o(.data)
    OSQFreeList                              0x2000028c   Data           4  os_core.o(.data)
    OSTaskRegNextAvailID                     0x20000290   Data           1  os_core.o(.data)
    OSTime                                   0x20000294   Data           4  os_core.o(.data)
    OSCoreID                                 0x20000298   Data           1  os_multi_core.o(.data)
    GetStackSem                              0x2000029c   Data           4  os_multi_core.o(.data)
    SendDataSem                              0x200002a0   Data           4  os_multi_core.o(.data)
    TaskSuspendSem                           0x200002a4   Data           4  os_multi_core.o(.data)
    DataTransferSem                          0x200002a8   Data           4  os_multi_core.o(.data)
    OSDevAddrs                               0x200002ac   Data           2  os_multi_core.o(.data)
    OSDevNums                                0x200002ae   Data           1  os_multi_core.o(.data)
    OSMinCountPrio                           0x200002af   Data           1  os_multi_core.o(.data)
    OSMinCount                               0x200002b0   Data           2  os_multi_core.o(.data)
    total_count                              0x200002b4   Data           4  os_multi_core.o(.data)
    OSSuspendTaskPrio                        0x200002b8   Data           1  os_multi_core.o(.data)
    iflag                                    0x200002bc   Data          32  i2c.o(.bss)
    sendstack                                0x200002dc   Data         128  i2c.o(.bss)
    s                                        0x2000035c   Data          20  i2c.o(.bss)
    Task_PWM_Led_STK                         0x20000370   Data         512  main.o(.bss)
    Task_Serial_STK                          0x20000570   Data         512  main.o(.bss)
    T                                        0x20000770   Data         512  main.o(.bss)
    OS_CPU_ExceptStk                         0x20000970   Data        1024  os_cpu_c.o(.bss)
    OSEventTbl                               0x20000d70   Data         240  os_core.o(.bss)
    OSFlagTbl                                0x20000e60   Data          80  os_core.o(.bss)
    OSTaskIdleStk                            0x20000eb0   Data         512  os_core.o(.bss)
    OSTCBPrioTbl                             0x200010b0   Data         256  os_core.o(.bss)
    OSTCBTbl                                 0x200011b0   Data        2352  os_core.o(.bss)
    OSMemTbl                                 0x20001ae0   Data         120  os_core.o(.bss)
    OSQTbl                                   0x20001b58   Data          96  os_core.o(.bss)
    os_queue                                 0x20001bb8   Data          32  os_multi_core.o(.bss)
    Task_Switch_Buffer                       0x20001bd8   Data         512  os_multi_core.o(.bss)
    Data_Transfer_Buffer                     0x20001dd8   Data         512  os_multi_core.o(.bss)
    Task_Multi_Core_Sched_STK                0x20001fd8   Data         512  os_multi_core.o(.bss)
    Task_Multi_Core_Suspend_STK              0x200021d8   Data         512  os_multi_core.o(.bss)
    Task_Multi_Core_Data_Transfer_STK        0x200023d8   Data         512  os_multi_core.o(.bss)
    __libspace_start                         0x200025d8   Data          96  libspace.o(.bss)
    __temporary_stack_top$libspace           0x20002638   Data           0  libspace.o(.bss)



==============================================================================

Memory Map of the image

  Image Entry point : 0x080000ed

  Load Region LR_IROM1 (Base: 0x08000000, Size: 0x0000446c, Max: 0x00010000, ABSOLUTE, COMPRESSED[0x000041f0])

    Execution Region ER_IROM1 (Exec base: 0x08000000, Load base: 0x08000000, Size: 0x000041b0, Max: 0x00010000, ABSOLUTE)

    Exec Addr    Load Addr    Size         Type   Attr      Idx    E Section Name        Object

    0x08000000   0x08000000   0x000000ec   Data   RO            3    RESET               startup_stm32f10x_md.o
    0x080000ec   0x080000ec   0x00000008   Code   RO         4933  * !!!main             c_w.l(__main.o)
    0x080000f4   0x080000f4   0x00000034   Code   RO         5207    !!!scatter          c_w.l(__scatter.o)
    0x08000128   0x08000128   0x0000003a   Code   RO         5205    !!dczerorl          c_w.l(__dczerorl.o)
    0x08000162   0x08000162   0x00000002   PAD
    0x08000164   0x08000164   0x0000001c   Code   RO         5209    !!handler_zi        c_w.l(__scatter_zi.o)
    0x08000180   0x08000180   0x00000000   Code   RO         4928    .ARM.Collect$$_printf_percent$$00000000  c_w.l(_printf_percent.o)
    0x08000180   0x08000180   0x00000006   Code   RO         4927    .ARM.Collect$$_printf_percent$$0000000A  c_w.l(_printf_u.o)
    0x08000186   0x08000186   0x00000006   Code   RO         4925    .ARM.Collect$$_printf_percent$$0000000C  c_w.l(_printf_x.o)
    0x0800018c   0x0800018c   0x00000004   Code   RO         4969    .ARM.Collect$$_printf_percent$$00000017  c_w.l(_printf_percent_end.o)
    0x08000190   0x08000190   0x00000002   Code   RO         5065    .ARM.Collect$$libinit$$00000000  c_w.l(libinit.o)
    0x08000192   0x08000192   0x00000000   Code   RO         5082    .ARM.Collect$$libinit$$00000002  c_w.l(libinit2.o)
    0x08000192   0x08000192   0x00000000   Code   RO         5084    .ARM.Collect$$libinit$$00000004  c_w.l(libinit2.o)
    0x08000192   0x08000192   0x00000000   Code   RO         5087    .ARM.Collect$$libinit$$0000000A  c_w.l(libinit2.o)
    0x08000192   0x08000192   0x00000000   Code   RO         5089    .ARM.Collect$$libinit$$0000000C  c_w.l(libinit2.o)
    0x08000192   0x08000192   0x00000000   Code   RO         5091    .ARM.Collect$$libinit$$0000000E  c_w.l(libinit2.o)
    0x08000192   0x08000192   0x00000000   Code   RO         5094    .ARM.Collect$$libinit$$00000011  c_w.l(libinit2.o)
    0x08000192   0x08000192   0x00000000   Code   RO         5096    .ARM.Collect$$libinit$$00000013  c_w.l(libinit2.o)
    0x08000192   0x08000192   0x00000000   Code   RO         5098    .ARM.Collect$$libinit$$00000015  c_w.l(libinit2.o)
    0x08000192   0x08000192   0x00000000   Code   RO         5100    .ARM.Collect$$libinit$$00000017  c_w.l(libinit2.o)
    0x08000192   0x08000192   0x00000000   Code   RO         5102    .ARM.Collect$$libinit$$00000019  c_w.l(libinit2.o)
    0x08000192   0x08000192   0x00000000   Code   RO         5104    .ARM.Collect$$libinit$$0000001B  c_w.l(libinit2.o)
    0x08000192   0x08000192   0x00000000   Code   RO         5106    .ARM.Collect$$libinit$$0000001D  c_w.l(libinit2.o)
    0x08000192   0x08000192   0x00000000   Code   RO         5108    .ARM.Collect$$libinit$$0000001F  c_w.l(libinit2.o)
    0x08000192   0x08000192   0x00000000   Code   RO         5110    .ARM.Collect$$libinit$$00000021  c_w.l(libinit2.o)
    0x08000192   0x08000192   0x00000000   Code   RO         5112    .ARM.Collect$$libinit$$00000023  c_w.l(libinit2.o)
    0x08000192   0x08000192   0x00000000   Code   RO         5114    .ARM.Collect$$libinit$$00000025  c_w.l(libinit2.o)
    0x08000192   0x08000192   0x00000000   Code   RO         5118    .ARM.Collect$$libinit$$0000002C  c_w.l(libinit2.o)
    0x08000192   0x08000192   0x00000000   Code   RO         5120    .ARM.Collect$$libinit$$0000002E  c_w.l(libinit2.o)
    0x08000192   0x08000192   0x00000000   Code   RO         5122    .ARM.Collect$$libinit$$00000030  c_w.l(libinit2.o)
    0x08000192   0x08000192   0x00000000   Code   RO         5124    .ARM.Collect$$libinit$$00000032  c_w.l(libinit2.o)
    0x08000192   0x08000192   0x00000002   Code   RO         5125    .ARM.Collect$$libinit$$00000033  c_w.l(libinit2.o)
    0x08000194   0x08000194   0x00000002   Code   RO         5145    .ARM.Collect$$libshutdown$$00000000  c_w.l(libshutdown.o)
    0x08000196   0x08000196   0x00000000   Code   RO         5158    .ARM.Collect$$libshutdown$$00000002  c_w.l(libshutdown2.o)
    0x08000196   0x08000196   0x00000000   Code   RO         5160    .ARM.Collect$$libshutdown$$00000004  c_w.l(libshutdown2.o)
    0x08000196   0x08000196   0x00000000   Code   RO         5163    .ARM.Collect$$libshutdown$$00000007  c_w.l(libshutdown2.o)
    0x08000196   0x08000196   0x00000000   Code   RO         5166    .ARM.Collect$$libshutdown$$0000000A  c_w.l(libshutdown2.o)
    0x08000196   0x08000196   0x00000000   Code   RO         5168    .ARM.Collect$$libshutdown$$0000000C  c_w.l(libshutdown2.o)
    0x08000196   0x08000196   0x00000000   Code   RO         5171    .ARM.Collect$$libshutdown$$0000000F  c_w.l(libshutdown2.o)
    0x08000196   0x08000196   0x00000002   Code   RO         5172    .ARM.Collect$$libshutdown$$00000010  c_w.l(libshutdown2.o)
    0x08000198   0x08000198   0x00000000   Code   RO         4935    .ARM.Collect$$rtentry$$00000000  c_w.l(__rtentry.o)
    0x08000198   0x08000198   0x00000000   Code   RO         4990    .ARM.Collect$$rtentry$$00000002  c_w.l(__rtentry2.o)
    0x08000198   0x08000198   0x00000006   Code   RO         5002    .ARM.Collect$$rtentry$$00000004  c_w.l(__rtentry4.o)
    0x0800019e   0x0800019e   0x00000000   Code   RO         4992    .ARM.Collect$$rtentry$$00000009  c_w.l(__rtentry2.o)
    0x0800019e   0x0800019e   0x00000004   Code   RO         4993    .ARM.Collect$$rtentry$$0000000A  c_w.l(__rtentry2.o)
    0x080001a2   0x080001a2   0x00000000   Code   RO         4995    .ARM.Collect$$rtentry$$0000000C  c_w.l(__rtentry2.o)
    0x080001a2   0x080001a2   0x00000008   Code   RO         4996    .ARM.Collect$$rtentry$$0000000D  c_w.l(__rtentry2.o)
    0x080001aa   0x080001aa   0x00000002   Code   RO         5074    .ARM.Collect$$rtexit$$00000000  c_w.l(rtexit.o)
    0x080001ac   0x080001ac   0x00000000   Code   RO         5127    .ARM.Collect$$rtexit$$00000002  c_w.l(rtexit2.o)
    0x080001ac   0x080001ac   0x00000004   Code   RO         5128    .ARM.Collect$$rtexit$$00000003  c_w.l(rtexit2.o)
    0x080001b0   0x080001b0   0x00000006   Code   RO         5129    .ARM.Collect$$rtexit$$00000004  c_w.l(rtexit2.o)
    0x080001b6   0x080001b6   0x00000002   PAD
    0x080001b8   0x080001b8   0x00000040   Code   RO            4    .text               startup_stm32f10x_md.o
    0x080001f8   0x080001f8   0x000001a8   Code   RO         3903    .text               os_cpu_a.o
    0x080003a0   0x080003a0   0x0000002c   Code   RO         4874    .text               c_w.l(__2sprintf.o)
    0x080003cc   0x080003cc   0x00000078   Code   RO         4882    .text               c_w.l(_printf_dec.o)
    0x08000444   0x08000444   0x00000094   Code   RO         4902    .text               c_w.l(_printf_hex_int_ll_ptr.o)
    0x080004d8   0x080004d8   0x00000188   Code   RO         4922    .text               c_w.l(__printf_flags_ss_wp.o)
    0x08000660   0x08000660   0x0000008a   Code   RO         4929    .text               c_w.l(rt_memcpy_v6.o)
    0x080006ea   0x080006ea   0x00000006   Code   RO         4931    .text               c_w.l(heapauxi.o)
    0x080006f0   0x080006f0   0x000000b2   Code   RO         4940    .text               c_w.l(_printf_intcommon.o)
    0x080007a2   0x080007a2   0x00000002   PAD
    0x080007a4   0x080007a4   0x00000030   Code   RO         4944    .text               c_w.l(_printf_char_common.o)
    0x080007d4   0x080007d4   0x0000000a   Code   RO         4946    .text               c_w.l(_sputc.o)
    0x080007de   0x080007de   0x00000064   Code   RO         4979    .text               c_w.l(rt_memcpy_w.o)
    0x08000842   0x08000842   0x0000004a   Code   RO         5019    .text               c_w.l(sys_stackheap_outer.o)
    0x0800088c   0x0800088c   0x00000012   Code   RO         5058    .text               c_w.l(exit.o)
    0x0800089e   0x0800089e   0x00000002   PAD
    0x080008a0   0x080008a0   0x00000008   Code   RO         5071    .text               c_w.l(libspace.o)
    0x080008a8   0x080008a8   0x0000000c   Code   RO         5137    .text               c_w.l(sys_exit.o)
    0x080008b4   0x080008b4   0x00000002   Code   RO         5148    .text               c_w.l(use_no_semi.o)
    0x080008b6   0x080008b6   0x00000000   Code   RO         5150    .text               c_w.l(indicate_semi.o)
    0x080008b6   0x080008b6   0x00000002   Code   RO         3849    i.App_TCBInitHook   app_hooks.o
    0x080008b8   0x080008b8   0x00000002   Code   RO         3850    i.App_TaskCreateHook  app_hooks.o
    0x080008ba   0x080008ba   0x00000002   Code   RO         3851    i.App_TaskDelHook   app_hooks.o
    0x080008bc   0x080008bc   0x00000002   Code   RO         3852    i.App_TaskIdleHook  app_hooks.o
    0x080008be   0x080008be   0x00000002   Code   RO         3853    i.App_TaskReturnHook  app_hooks.o
    0x080008c0   0x080008c0   0x00000002   Code   RO         3855    i.App_TaskSwHook    app_hooks.o
    0x080008c2   0x080008c2   0x00000002   Code   RO         3856    i.App_TimeTickHook  app_hooks.o
    0x080008c4   0x080008c4   0x00000004   Code   RO         3798    i.BusFault_Handler  stm32f10x_it.o
    0x080008c8   0x080008c8   0x0000001c   Code   RO         3497    i.Clear_Flag        i2c.o
    0x080008e4   0x080008e4   0x00000002   Code   RO         3799    i.DebugMon_Handler  stm32f10x_it.o
    0x080008e6   0x080008e6   0x00000002   PAD
    0x080008e8   0x080008e8   0x0000002c   Code   RO         3682    i.EXTI15_10_IRQHandler  gpio.o
    0x08000914   0x08000914   0x0000000c   Code   RO          985    i.EXTI_ClearITPendingBit  stm32f10x_exti.o
    0x08000920   0x08000920   0x00000028   Code   RO          989    i.EXTI_GetITStatus  stm32f10x_exti.o
    0x08000948   0x08000948   0x00000094   Code   RO          990    i.EXTI_Init         stm32f10x_exti.o
    0x080009dc   0x080009dc   0x00000040   Code   RO         1344    i.GPIO_EXTILineConfig  stm32f10x_gpio.o
    0x08000a1c   0x08000a1c   0x00000070   Code   RO         3683    i.GPIO_EXTI_Init    gpio.o
    0x08000a8c   0x08000a8c   0x00000116   Code   RO         1347    i.GPIO_Init         stm32f10x_gpio.o
    0x08000ba2   0x08000ba2   0x00000004   Code   RO         1354    i.GPIO_ResetBits    stm32f10x_gpio.o
    0x08000ba6   0x08000ba6   0x00000004   Code   RO         1355    i.GPIO_SetBits      stm32f10x_gpio.o
    0x08000baa   0x08000baa   0x00000002   Code   RO         3498    i.Get_CPU_Usage_RXNE_Handler  i2c.o
    0x08000bac   0x08000bac   0x00000068   Code   RO         3499    i.Get_CPU_Usage_TXE_Handler  i2c.o
    0x08000c14   0x08000c14   0x00000058   Code   RO         3500    i.Get_Stack_Data_RXNE_Handler  i2c.o
    0x08000c6c   0x08000c6c   0x00000058   Code   RO         3501    i.Get_Stack_Data_TXE_Handler  i2c.o
    0x08000cc4   0x08000cc4   0x00000014   Code   RO         3502    i.Get_Variable_Data_RXNE_Handler  i2c.o
    0x08000cd8   0x08000cd8   0x00000080   Code   RO         3503    i.Get_Variable_Data_TXE_Handler  i2c.o
    0x08000d58   0x08000d58   0x00000004   Code   RO         3800    i.HardFault_Handler  stm32f10x_it.o
    0x08000d5c   0x08000d5c   0x00000074   Code   RO         3504    i.I2C2_ER_IRQHandler  i2c.o
    0x08000dd0   0x08000dd0   0x00000158   Code   RO         3505    i.I2C2_EV_IRQHandler  i2c.o
    0x08000f28   0x08000f28   0x00000078   Code   RO         3506    i.I2C2_Master_Init  i2c.o
    0x08000fa0   0x08000fa0   0x000000dc   Code   RO         3508    i.I2C2_Slave_Init   i2c.o
    0x0800107c   0x0800107c   0x000000e0   Code   RO         3509    i.I2C2_Write        i2c.o
    0x0800115c   0x0800115c   0x00000018   Code   RO         1459    i.I2C_AcknowledgeConfig  stm32f10x_i2c.o
    0x08001174   0x08001174   0x0000002a   Code   RO         1461    i.I2C_CheckEvent    stm32f10x_i2c.o
    0x0800119e   0x0800119e   0x0000000c   Code   RO         1463    i.I2C_ClearITPendingBit  stm32f10x_i2c.o
    0x080011aa   0x080011aa   0x00000018   Code   RO         1464    i.I2C_Cmd           stm32f10x_i2c.o
    0x080011c2   0x080011c2   0x0000001c   Code   RO         3510    i.I2C_Flag_Init     i2c.o
    0x080011de   0x080011de   0x00000018   Code   RO         1471    i.I2C_GenerateSTART  stm32f10x_i2c.o
    0x080011f6   0x080011f6   0x00000018   Code   RO         1472    i.I2C_GenerateSTOP  stm32f10x_i2c.o
    0x0800120e   0x0800120e   0x00000026   Code   RO         1474    i.I2C_GetITStatus   stm32f10x_i2c.o
    0x08001234   0x08001234   0x00000012   Code   RO         1477    i.I2C_ITConfig      stm32f10x_i2c.o
    0x08001246   0x08001246   0x00000002   PAD
    0x08001248   0x08001248   0x000000ec   Code   RO         1478    i.I2C_Init          stm32f10x_i2c.o
    0x08001334   0x08001334   0x00000008   Code   RO         1483    i.I2C_ReceiveData   stm32f10x_i2c.o
    0x0800133c   0x0800133c   0x00000012   Code   RO         1485    i.I2C_Send7bitAddress  stm32f10x_i2c.o
    0x0800134e   0x0800134e   0x00000004   Code   RO         1486    i.I2C_SendData      stm32f10x_i2c.o
    0x08001352   0x08001352   0x00000002   Code   RO         3511    i.Is_Busy_RXNE_Handler  i2c.o
    0x08001354   0x08001354   0x00000048   Code   RO         3512    i.Is_Busy_TXE_Handler  i2c.o
    0x0800139c   0x0800139c   0x00000004   Code   RO         3801    i.MemManage_Handler  stm32f10x_it.o
    0x080013a0   0x080013a0   0x00000002   Code   RO         3802    i.NMI_Handler       stm32f10x_it.o
    0x080013a2   0x080013a2   0x00000002   PAD
    0x080013a4   0x080013a4   0x00000070   Code   RO          137    i.NVIC_Init         misc.o
    0x08001414   0x08001414   0x00000014   Code   RO          138    i.NVIC_PriorityGroupConfig  misc.o
    0x08001428   0x08001428   0x00000044   Code   RO         3998    i.OSInit            os_core.o
    0x0800146c   0x0800146c   0x0000003c   Code   RO         3906    i.OSInitHookBegin   os_cpu_c.o
    0x080014a8   0x080014a8   0x00000002   Code   RO         3907    i.OSInitHookEnd     os_cpu_c.o
    0x080014aa   0x080014aa   0x0000001a   Code   RO         4704    i.OSInitQueue       os_multi_core.o
    0x080014c4   0x080014c4   0x00000024   Code   RO         3999    i.OSIntEnter        os_core.o
    0x080014e8   0x080014e8   0x0000009c   Code   RO         4000    i.OSIntExit         os_core.o
    0x08001584   0x08001584   0x00000024   Code   RO         4705    i.OSMultiHardwareInit  os_multi_core.o
    0x080015a8   0x080015a8   0x0000003c   Code   RO         4706    i.OSMultiSemInit    os_multi_core.o
    0x080015e4   0x080015e4   0x00000058   Code   RO         4707    i.OSMultiTaskInit   os_multi_core.o
    0x0800163c   0x0800163c   0x0000001c   Code   RO         4708    i.OSOutQueue        os_multi_core.o
    0x08001658   0x08001658   0x00000060   Code   RO         4503    i.OSSemCreate       os_sem.o
    0x080016b8   0x080016b8   0x00000118   Code   RO         4505    i.OSSemPend         os_sem.o
    0x080017d0   0x080017d0   0x00000070   Code   RO         4507    i.OSSemPost         os_sem.o
    0x08001840   0x08001840   0x00000062   Code   RO         4508    i.OSSemQuery        os_sem.o
    0x080018a2   0x080018a2   0x00000002   PAD
    0x080018a4   0x080018a4   0x00000048   Code   RO         4003    i.OSStart           os_core.o
    0x080018ec   0x080018ec   0x0000000c   Code   RO         3908    i.OSTCBInitHook     os_cpu_c.o
    0x080018f8   0x080018f8   0x000000d4   Code   RO         4557    i.OSTaskCreate      os_task.o
    0x080019cc   0x080019cc   0x000000e4   Code   RO         4558    i.OSTaskCreateExt   os_task.o
    0x08001ab0   0x08001ab0   0x0000000c   Code   RO         3909    i.OSTaskCreateHook  os_cpu_c.o
    0x08001abc   0x08001abc   0x00000188   Code   RO         4559    i.OSTaskDel         os_task.o
    0x08001c44   0x08001c44   0x0000000c   Code   RO         3910    i.OSTaskDelHook     os_cpu_c.o
    0x08001c50   0x08001c50   0x00000008   Code   RO         3911    i.OSTaskIdleHook    os_cpu_c.o
    0x08001c58   0x08001c58   0x00000098   Code   RO         4562    i.OSTaskNameSet     os_task.o
    0x08001cf0   0x08001cf0   0x000000d4   Code   RO         4567    i.OSTaskResume      os_task.o
    0x08001dc4   0x08001dc4   0x0000000c   Code   RO         3912    i.OSTaskReturnHook  os_cpu_c.o
    0x08001dd0   0x08001dd0   0x000000b0   Code   RO         3914    i.OSTaskStkInit     os_cpu_c.o
    0x08001e80   0x08001e80   0x000000d0   Code   RO         4569    i.OSTaskSuspend     os_task.o
    0x08001f50   0x08001f50   0x00000008   Code   RO         3915    i.OSTaskSwHook      os_cpu_c.o
    0x08001f58   0x08001f58   0x00000084   Code   RO         4658    i.OSTimeDly         os_time.o
    0x08001fdc   0x08001fdc   0x000001ec   Code   RO         4004    i.OSTimeTick        os_core.o
    0x080021c8   0x080021c8   0x00000008   Code   RO         3916    i.OSTimeTickHook    os_cpu_c.o
    0x080021d0   0x080021d0   0x000000f0   Code   RO         3723    i.OS_Data_Transfer_Switch_Callback  main.o
    0x080022c0   0x080022c0   0x00000002   Code   RO         4006    i.OS_Dummy          os_core.o
    0x080022c2   0x080022c2   0x00000002   PAD
    0x080022c4   0x080022c4   0x00000094   Code   RO         4007    i.OS_EventTaskRdy   os_core.o
    0x08002358   0x08002358   0x0000002e   Code   RO         4008    i.OS_EventTaskRemove  os_core.o
    0x08002386   0x08002386   0x0000003a   Code   RO         4009    i.OS_EventTaskRemoveMulti  os_core.o
    0x080023c0   0x080023c0   0x0000007c   Code   RO         4010    i.OS_EventTaskWait  os_core.o
    0x0800243c   0x0800243c   0x0000001c   Code   RO         4012    i.OS_EventWaitListInit  os_core.o
    0x08002458   0x08002458   0x00000058   Code   RO         4209    i.OS_FlagInit       os_flag.o
    0x080024b0   0x080024b0   0x00000024   Code   RO         4211    i.OS_FlagUnlink     os_flag.o
    0x080024d4   0x080024d4   0x00000036   Code   RO         4710    i.OS_GetCpuUsage    os_multi_core.o
    0x0800250a   0x0800250a   0x0000003c   Code   RO         4711    i.OS_GetStackData   os_multi_core.o
    0x08002546   0x08002546   0x00000066   Code   RO         4712    i.OS_GetVariableData  os_multi_core.o
    0x080025ac   0x080025ac   0x00000060   Code   RO         4013    i.OS_InitEventList  os_core.o
    0x0800260c   0x0800260c   0x00000044   Code   RO         4014    i.OS_InitMisc       os_core.o
    0x08002650   0x08002650   0x00000044   Code   RO         4015    i.OS_InitRdyList    os_core.o
    0x08002694   0x08002694   0x00000074   Code   RO         4016    i.OS_InitTCBList    os_core.o
    0x08002708   0x08002708   0x00000050   Code   RO         4017    i.OS_InitTaskIdle   os_core.o
    0x08002758   0x08002758   0x00000036   Code   RO         4713    i.OS_IsBusy         os_multi_core.o
    0x0800278e   0x0800278e   0x00000012   Code   RO         4018    i.OS_MemClr         os_core.o
    0x080027a0   0x080027a0   0x00000058   Code   RO         4341    i.OS_MemInit        os_mem.o
    0x080027f8   0x080027f8   0x00000040   Code   RO         4714    i.OS_MultiCoreTaskInit  os_multi_core.o
    0x08002838   0x08002838   0x000001b0   Code   RO         4715    i.OS_Multi_Core_Data_Transfer  os_multi_core.o
    0x080029e8   0x080029e8   0x000002b0   Code   RO         4716    i.OS_Multi_Core_Sched  os_multi_core.o
    0x08002c98   0x08002c98   0x00000060   Code   RO         4717    i.OS_Multi_Core_Task_Suspend  os_multi_core.o
    0x08002cf8   0x08002cf8   0x00000048   Code   RO         4718    i.OS_MultipleTaskSW  os_multi_core.o
    0x08002d40   0x08002d40   0x00000050   Code   RO         4440    i.OS_QInit          os_q.o
    0x08002d90   0x08002d90   0x00000178   Code   RO         4720    i.OS_Read2          os_multi_core.o
    0x08002f08   0x08002f08   0x00000080   Code   RO         4020    i.OS_Sched          os_core.o
    0x08002f88   0x08002f88   0x0000002c   Code   RO         4021    i.OS_SchedNew       os_core.o
    0x08002fb4   0x08002fb4   0x000000e8   Code   RO         4721    i.OS_SendData       os_multi_core.o
    0x0800309c   0x0800309c   0x0000001c   Code   RO         4722    i.OS_SendDataFinished  os_multi_core.o
    0x080030b8   0x080030b8   0x00000044   Code   RO         4723    i.OS_SendStackData  os_multi_core.o
    0x080030fc   0x080030fc   0x00000054   Code   RO         4724    i.OS_SendVariableData  os_multi_core.o
    0x08003150   0x08003150   0x0000017c   Code   RO         4023    i.OS_TCBInit        os_core.o
    0x080032cc   0x080032cc   0x00000030   Code   RO         4024    i.OS_TaskIdle       os_core.o
    0x080032fc   0x080032fc   0x00000018   Code   RO         4570    i.OS_TaskReturn     os_task.o
    0x08003314   0x08003314   0x0000001a   Code   RO         4571    i.OS_TaskStkClr     os_task.o
    0x0800332e   0x0800332e   0x00000036   Code   RO         4725    i.OS_TaskSwitchRequest  os_multi_core.o
    0x08003364   0x08003364   0x0000001c   Code   RO         4726    i.OS_Write          os_multi_core.o
    0x08003380   0x08003380   0x0000011c   Code   RO         4727    i.OS_Write2         os_multi_core.o
    0x0800349c   0x0800349c   0x00000098   Code   RO         3397    i.PWM_Init          pwm.o
    0x08003534   0x08003534   0x00000050   Code   RO         3724    i.PWM_Led           main.o
    0x08003584   0x08003584   0x00000010   Code   RO         3398    i.PWM_SetCompare1   pwm.o
    0x08003594   0x08003594   0x00000020   Code   RO         1775    i.RCC_APB1PeriphClockCmd  stm32f10x_rcc.o
    0x080035b4   0x080035b4   0x00000020   Code   RO         1776    i.RCC_APB1PeriphResetCmd  stm32f10x_rcc.o
    0x080035d4   0x080035d4   0x00000020   Code   RO         1777    i.RCC_APB2PeriphClockCmd  stm32f10x_rcc.o
    0x080035f4   0x080035f4   0x000000d4   Code   RO         1785    i.RCC_GetClocksFreq  stm32f10x_rcc.o
    0x080036c8   0x080036c8   0x00000002   Code   RO         3803    i.SVC_Handler       stm32f10x_it.o
    0x080036ca   0x080036ca   0x00000002   PAD
    0x080036cc   0x080036cc   0x0000000c   Code   RO         3513    i.Send_Data_Finished_RXNE_Handler  i2c.o
    0x080036d8   0x080036d8   0x00000002   Code   RO         3514    i.Send_Data_Finished_TXE_Handler  i2c.o
    0x080036da   0x080036da   0x00000002   PAD
    0x080036dc   0x080036dc   0x0000005c   Code   RO         3725    i.Send_Shared_Memory_data  main.o
    0x08003738   0x08003738   0x00000084   Code   RO         3515    i.Send_Stack_Data_RXNE_Handler  i2c.o
    0x080037bc   0x080037bc   0x00000002   Code   RO         3516    i.Send_Stack_Data_TXE_Handler  i2c.o
    0x080037be   0x080037be   0x00000002   PAD
    0x080037c0   0x080037c0   0x000000b0   Code   RO         3517    i.Send_Variable_Data_RXNE_Handler  i2c.o
    0x08003870   0x08003870   0x00000002   Code   RO         3518    i.Send_Variable_Data_TXE_Handler  i2c.o
    0x08003872   0x08003872   0x00000002   PAD
    0x08003874   0x08003874   0x000000b8   Code   RO         3417    i.Serial_Init       serial.o
    0x0800392c   0x0800392c   0x00000020   Code   RO         3421    i.Serial_SendByte   serial.o
    0x0800394c   0x0800394c   0x0000001a   Code   RO         3423    i.Serial_SendString  serial.o
    0x08003966   0x08003966   0x00000008   Code   RO           24    i.SetSysClock       system_stm32f10x.o
    0x0800396e   0x0800396e   0x00000002   PAD
    0x08003970   0x08003970   0x000000e0   Code   RO           25    i.SetSysClockTo72   system_stm32f10x.o
    0x08003a50   0x08003a50   0x00000038   Code   RO         3684    i.Slave_GPIO_Init   gpio.o
    0x08003a88   0x08003a88   0x00000040   Code   RO         3685    i.Slave_SendData    gpio.o
    0x08003ac8   0x08003ac8   0x00000026   Code   RO         3917    i.SysTick_Handler   os_cpu_c.o
    0x08003aee   0x08003aee   0x00000002   PAD
    0x08003af0   0x08003af0   0x00000060   Code   RO           27    i.SystemInit        system_stm32f10x.o
    0x08003b50   0x08003b50   0x00000018   Code   RO         2421    i.TIM_Cmd           stm32f10x_tim.o
    0x08003b68   0x08003b68   0x0000000c   Code   RO         2448    i.TIM_InternalClockConfig  stm32f10x_tim.o
    0x08003b74   0x08003b74   0x00000098   Code   RO         2450    i.TIM_OC1Init       stm32f10x_tim.o
    0x08003c0c   0x08003c0c   0x00000014   Code   RO         2468    i.TIM_OCStructInit  stm32f10x_tim.o
    0x08003c20   0x08003c20   0x00000004   Code   RO         2482    i.TIM_SetCompare1   stm32f10x_tim.o
    0x08003c24   0x08003c24   0x000000a4   Code   RO         2492    i.TIM_TimeBaseInit  stm32f10x_tim.o
    0x08003cc8   0x08003cc8   0x00000064   Code   RO         3519    i.Task_Switch_Request_RXNE_Handler  i2c.o
    0x08003d2c   0x08003d2c   0x0000005c   Code   RO         3520    i.Task_Switch_Request_TXE_Handler  i2c.o
    0x08003d88   0x08003d88   0x00000038   Code   RO         3424    i.USART1_IRQHandler  serial.o
    0x08003dc0   0x08003dc0   0x0000001e   Code   RO         2957    i.USART_ClearITPendingBit  stm32f10x_usart.o
    0x08003dde   0x08003dde   0x00000018   Code   RO         2960    i.USART_Cmd         stm32f10x_usart.o
    0x08003df6   0x08003df6   0x0000001a   Code   RO         2963    i.USART_GetFlagStatus  stm32f10x_usart.o
    0x08003e10   0x08003e10   0x00000054   Code   RO         2964    i.USART_GetITStatus  stm32f10x_usart.o
    0x08003e64   0x08003e64   0x0000004a   Code   RO         2966    i.USART_ITConfig    stm32f10x_usart.o
    0x08003eae   0x08003eae   0x00000002   PAD
    0x08003eb0   0x08003eb0   0x000000d8   Code   RO         2967    i.USART_Init        stm32f10x_usart.o
    0x08003f88   0x08003f88   0x0000000a   Code   RO         2974    i.USART_ReceiveData  stm32f10x_usart.o
    0x08003f92   0x08003f92   0x00000008   Code   RO         2977    i.USART_SendData    stm32f10x_usart.o
    0x08003f9a   0x08003f9a   0x00000004   Code   RO         3804    i.UsageFault_Handler  stm32f10x_it.o
    0x08003f9e   0x08003f9e   0x0000000e   Code   RO         4915    i._is_digit         c_w.l(__printf_wp.o)
    0x08003fac   0x08003fac   0x000000a8   Code   RO         3728    i.main              main.o
    0x08004054   0x08004054   0x00000100   Data   RO         4027    .constdata          os_core.o
    0x08004154   0x08004154   0x00000028   Data   RO         4903    .constdata          c_w.l(_printf_hex_int_ll_ptr.o)
    0x0800417c   0x0800417c   0x00000011   Data   RO         4923    .constdata          c_w.l(__printf_flags_ss_wp.o)
    0x0800418d   0x0800418d   0x00000003   PAD
    0x08004190   0x08004190   0x00000020   Data   RO         5203    Region$$Table       anon$$obj.o


    Execution Region RW_IRAM1 (Exec base: 0x20000000, Load base: 0x080041b0, Size: 0x00002c38, Max: 0x00005000, ABSOLUTE, COMPRESSED[0x00000040])

    Exec Addr    Load Addr    Size         Type   Attr      Idx    E Section Name        Object

    0x20000000   COMPRESSED   0x00000014   Data   RW         1805    .data               stm32f10x_rcc.o
    0x20000014   COMPRESSED   0x00000002   Data   RW         3426    .data               serial.o
    0x20000016   COMPRESSED   0x00000002   PAD
    0x20000018   COMPRESSED   0x00000012   Data   RW         3522    .data               i2c.o
    0x2000002a   COMPRESSED   0x00000002   PAD
    0x2000002c   COMPRESSED   0x0000021d   Data   RW         3731    .data               main.o
    0x20000249   COMPRESSED   0x00000003   PAD
    0x2000024c   COMPRESSED   0x00000008   Data   RW         3919    .data               os_cpu_c.o
    0x20000254   COMPRESSED   0x00000044   Data   RW         4028    .data               os_core.o
    0x20000298   COMPRESSED   0x00000021   Data   RW         4729    .data               os_multi_core.o
    0x200002b9   COMPRESSED   0x00000003   PAD
    0x200002bc        -       0x000000b4   Zero   RW         3521    .bss                i2c.o
    0x20000370        -       0x00000600   Zero   RW         3730    .bss                main.o
    0x20000970        -       0x00000400   Zero   RW         3918    .bss                os_cpu_c.o
    0x20000d70        -       0x00000e48   Zero   RW         4026    .bss                os_core.o
    0x20001bb8        -       0x00000a20   Zero   RW         4728    .bss                os_multi_core.o
    0x200025d8        -       0x00000060   Zero   RW         5072    .bss                c_w.l(libspace.o)
    0x20002638        -       0x00000200   Zero   RW            2    HEAP                startup_stm32f10x_md.o
    0x20002838        -       0x00000400   Zero   RW            1    STACK               startup_stm32f10x_md.o


==============================================================================

Image component sizes


      Code (inc. data)   RO Data    RW Data    ZI Data      Debug   Object Name

        14          0          0          0          0       3121   app_hooks.o
         0          0          0          0          0       4516   core_cm3.o
       276         40          0          0          0       2019   gpio.o
      2102        268          0         18        180      25137   i2c.o
       580        212          0        541       1536      18522   main.o
       132         22          0          0          0     206967   misc.o
      2276        346        256         68       3656      22251   os_core.o
       424         62          0          0          0        396   os_cpu_a.o
       348         24          0          8       1024      16374   os_cpu_c.o
       124         14          0          0          0       1174   os_flag.o
        88         14          0          0          0        521   os_mem.o
      3014        274          0         33       2592      27677   os_multi_core.o
        80          8          0          0          0        547   os_q.o
       586         28          0          0          0       3259   os_sem.o
      1454        126          0          0          0       6784   os_task.o
       132         22          0          0          0        616   os_time.o
       168          6          0          0          0       1129   pwm.o
       298         26          0          2          0       2462   serial.o
        64         26        236          0       1536        836   startup_stm32f10x_md.o
         0          0          0          0          0       1668   stm32f10x_adc.o
       200         18          0          0          0       4148   stm32f10x_exti.o
       350          4          0          0          0      11850   stm32f10x_gpio.o
       472         14          0          0          0      16437   stm32f10x_i2c.o
        22          0          0          0          0       2991   stm32f10x_it.o
       308         38          0         20          0      13591   stm32f10x_rcc.o
       376         62          0          0          0      24186   stm32f10x_tim.o
       472          6          0          0          0      12587   stm32f10x_usart.o
       328         28          0          0          0      53241   system_stm32f10x.o

    ----------------------------------------------------------------------
     14712       1688        524        700      10524     485007   Object Totals
         0          0         32          0          0          0   (incl. Generated)
        24          0          0         10          0          0   (incl. Padding)

    ----------------------------------------------------------------------

      Code (inc. data)   RO Data    RW Data    ZI Data      Debug   Library Member Name

        44          6          0          0          0         84   __2sprintf.o
        58          0          0          0          0          0   __dczerorl.o
         8          0          0          0          0         68   __main.o
       392          4         17          0          0         92   __printf_flags_ss_wp.o
        14          0          0          0          0         68   __printf_wp.o
         0          0          0          0          0          0   __rtentry.o
        12          0          0          0          0          0   __rtentry2.o
         6          0          0          0          0          0   __rtentry4.o
        52          8          0          0          0          0   __scatter.o
        28          0          0          0          0          0   __scatter_zi.o
        48          6          0          0          0         96   _printf_char_common.o
       120         16          0          0          0         92   _printf_dec.o
       148          4         40          0          0        160   _printf_hex_int_ll_ptr.o
       178          0          0          0          0         88   _printf_intcommon.o
         0          0          0          0          0          0   _printf_percent.o
         4          0          0          0          0          0   _printf_percent_end.o
         6          0          0          0          0          0   _printf_u.o
         6          0          0          0          0          0   _printf_x.o
        10          0          0          0          0         68   _sputc.o
        18          0          0          0          0         80   exit.o
         6          0          0          0          0        152   heapauxi.o
         0          0          0          0          0          0   indicate_semi.o
         2          0          0          0          0          0   libinit.o
         2          0          0          0          0          0   libinit2.o
         2          0          0          0          0          0   libshutdown.o
         2          0          0          0          0          0   libshutdown2.o
         8          4          0          0         96         68   libspace.o
       138          0          0          0          0         68   rt_memcpy_v6.o
       100          0          0          0          0         80   rt_memcpy_w.o
         2          0          0          0          0          0   rtexit.o
        10          0          0          0          0          0   rtexit2.o
        12          4          0          0          0         68   sys_exit.o
        74          0          0          0          0         80   sys_stackheap_outer.o
         2          0          0          0          0         68   use_no_semi.o

    ----------------------------------------------------------------------
      1520         52         60          0         96       1480   Library Totals
         8          0          3          0          0          0   (incl. Padding)

    ----------------------------------------------------------------------

      Code (inc. data)   RO Data    RW Data    ZI Data      Debug   Library Name

      1512         52         57          0         96       1480   c_w.l

    ----------------------------------------------------------------------
      1520         52         60          0         96       1480   Library Totals

    ----------------------------------------------------------------------

==============================================================================


      Code (inc. data)   RO Data    RW Data    ZI Data      Debug   

     16232       1740        584        700      10620     477539   Grand Totals
     16232       1740        584         64      10620     477539   ELF Image Totals (compressed)
     16232       1740        584         64          0          0   ROM Totals

==============================================================================

    Total RO  Size (Code + RO Data)                16816 (  16.42kB)
    Total RW  Size (RW Data + ZI Data)             11320 (  11.05kB)
    Total ROM Size (Code + RO Data + RW Data)      16880 (  16.48kB)

==============================================================================

