<html>
<body>
<pre>
<h1>µVision Build Log</h1>
<h2>Tool Versions:</h2>
IDE-Version: ¦ÌVision V5.27.1.0
Copyright (C) 2019 ARM Ltd and ARM Germany GmbH. All rights reserved.
License Information: aaf ASUS, afsasf, LIC=----
 
Tool Versions:
Toolchain:       MDK-Lite  Version: 5.25.0.0
Toolchain Path:  C:\download\Keil5\ARM\ARMCC\Bin
C Compiler:      Armcc.exe V5.06 update 6 (build 750)
Assembler:       Armasm.exe V5.06 update 6 (build 750)
Linker/Locator:  ArmLink.exe V5.06 update 6 (build 750)
Library Manager: ArmAr.exe V5.06 update 6 (build 750)
Hex Converter:   FromElf.exe V5.06 update 6 (build 750)
CPU DLL:         SARMCM3.DLL V5.25.0.0
Dialog DLL:      DCM.DLL V1.17.0.0
Target DLL:      STLink\ST-LINKIII-KEIL_SWO.dll V3.0.1.0
Dialog DLL:      TCM.DLL V1.34.0.0
 
<h2>Project:</h2>
C:\Users\ASUS\Desktop\One-supports-multi-core-RTOS\multiple core ucos\Project.uvprojx
Project File Date:  09/30/2025

<h2>Output:</h2>
*** Using Compiler 'V5.06 update 6 (build 750)', folder: 'C:\download\Keil5\ARM\ARMCC\Bin'
Build target 'Target 1'
compiling I2C.c...
compiling os_q.c...
compiling main.c...
compiling os_flag.c...
compiling os_dbg_r.c...
compiling os_mem.c...
compiling app_hooks.c...
compiling os_tmr.c...
compiling GPIO.c...
Hardware\GPIO.c(9): warning:  #111-D: statement is unreachable
      RCC_APB2PeriphClockCmd(RCC_APB2Periph_GPIOB | RCC_APB2Periph_AFIO, ENABLE);
Hardware\GPIO.c: 1 warning, 0 errors
compiling os_core.c...
compiling os_sem.c...
compiling os_task.c...
compiling os_time.c...
compiling os_cpu_c.c...
compiling os_mbox.c...
compiling os_mutex.c...
compiling os_multi_core.c...
Source\os_multi_core.c(713): warning:  #177-D: variable "sem_data"  was declared but never referenced
  				OS_SEM_DATA sem_data;
Source\os_multi_core.c(577): warning:  #177-D: variable "str"  was declared but never referenced
  		char str[50];
Source\os_multi_core.c(793): warning:  #177-D: variable "str"  was declared but never referenced
  				char str[30];
Source\os_multi_core.c(897): warning:  #940-D: missing return statement at end of non-void function "OS_SendData" 
  }
Source\os_multi_core.c: 4 warnings, 0 errors
linking...
Program Size: Code=16104 RO-data=544 RW-data=176 ZI-data=12512  
".\Objects\Project.axf" - 0 Error(s), 5 Warning(s).

<h2>Software Packages used:</h2>

Package Vendor: Keil
                http://www.keil.com/pack/Keil.STM32F1xx_DFP.2.2.0.pack
                Keil.STM32F1xx_DFP.2.2.0
                STMicroelectronics STM32F1 Series Device Support, Drivers and Examples

<h2>Collection of Component include folders:</h2>
  .\RTE\_Target_1
  C:\download\Keil5\ARM\PACK\Keil\STM32F1xx_DFP\2.2.0\Device\Include

<h2>Collection of Component Files used:</h2>
Build Time Elapsed:  00:00:01
</pre>
</body>
</html>
