<html>
<body>
<pre>
<h1>µVision Build Log</h1>
<h2>Tool Versions:</h2>
IDE-Version: ¦ÌVision V5.27.1.0
Copyright (C) 2019 ARM Ltd and ARM Germany GmbH. All rights reserved.
License Information: aaf ASUS, afsasf, LIC=----
 
Tool Versions:
Toolchain:       MDK-Lite  Version: 5.25.0.0
Toolchain Path:  C:\download\Keil5\ARM\ARMCC\Bin
C Compiler:      Armcc.exe V5.06 update 6 (build 750)
Assembler:       Armasm.exe V5.06 update 6 (build 750)
Linker/Locator:  ArmLink.exe V5.06 update 6 (build 750)
Library Manager: ArmAr.exe V5.06 update 6 (build 750)
Hex Converter:   FromElf.exe V5.06 update 6 (build 750)
CPU DLL:         SARMCM3.DLL V5.25.0.0
Dialog DLL:      DCM.DLL V1.17.0.0
Target DLL:      STLink\ST-LINKIII-KEIL_SWO.dll V3.0.1.0
Dialog DLL:      TCM.DLL V1.34.0.0
 
<h2>Project:</h2>
C:\Users\ASUS\Desktop\One-supports-multi-core-RTOS\multiple core ucos\Project.uvprojx
Project File Date:  09/26/2025

<h2>Output:</h2>
*** Using Compiler 'V5.06 update 6 (build 750)', folder: 'C:\download\Keil5\ARM\ARMCC\Bin'
Build target 'Target 1'
compiling main.c...
User\main.c(106): warning:  #177-D: variable "prio"  was declared but never referenced
  				INT8U prio;
User\main.c(107): warning:  #550-D: variable "status"  was set but never used
  				uint8_t status;
User\main.c(250): warning:  #550-D: variable "err"  was set but never used
  								INT8U err;
User\main.c(533): warning:  #223-D: function "I2C2_Master_Init" declared implicitly
  		I2C2_Master_Init();
User\main.c(537): warning:  #223-D: function "I2C2_Slave_Init" declared implicitly
  		I2C2_Slave_Init(I2C_SLAVE_ADDRESS);
User\main.c(870): warning:  #1-D: last line of file ends without a newline
  //}
User\main.c: 6 warnings, 0 errors
linking...
Program Size: Code=17096 RO-data=584 RW-data=1244 ZI-data=11260  
".\Objects\Project.axf" - 0 Error(s), 6 Warning(s).

<h2>Software Packages used:</h2>

Package Vendor: Keil
                http://www.keil.com/pack/Keil.STM32F1xx_DFP.2.2.0.pack
                Keil.STM32F1xx_DFP.2.2.0
                STMicroelectronics STM32F1 Series Device Support, Drivers and Examples

<h2>Collection of Component include folders:</h2>
  .\RTE\_Target_1
  C:\download\Keil5\ARM\PACK\Keil\STM32F1xx_DFP\2.2.0\Device\Include

<h2>Collection of Component Files used:</h2>
Build Time Elapsed:  00:00:00
</pre>
</body>
</html>
