Component: ARM Compiler 5.06 update 6 (build 750) Tool: armlink [4d35ed]

==============================================================================

Section Cross References

    startup_stm32f10x_md.o(STACK) refers (Special) to heapauxi.o(.text) for __use_two_region_memory
    startup_stm32f10x_md.o(HEAP) refers (Special) to heapauxi.o(.text) for __use_two_region_memory
    startup_stm32f10x_md.o(RESET) refers (Special) to heapauxi.o(.text) for __use_two_region_memory
    startup_stm32f10x_md.o(RESET) refers to startup_stm32f10x_md.o(STACK) for __initial_sp
    startup_stm32f10x_md.o(RESET) refers to startup_stm32f10x_md.o(.text) for Reset_Handler
    startup_stm32f10x_md.o(RESET) refers to stm32f10x_it.o(i.NMI_Handler) for NMI_Handler
    startup_stm32f10x_md.o(RESET) refers to stm32f10x_it.o(i.HardFault_Handler) for HardFault_Handler
    startup_stm32f10x_md.o(RESET) refers to stm32f10x_it.o(i.MemManage_Handler) for MemManage_Handler
    startup_stm32f10x_md.o(RESET) refers to stm32f10x_it.o(i.BusFault_Handler) for BusFault_Handler
    startup_stm32f10x_md.o(RESET) refers to stm32f10x_it.o(i.UsageFault_Handler) for UsageFault_Handler
    startup_stm32f10x_md.o(RESET) refers to stm32f10x_it.o(i.SVC_Handler) for SVC_Handler
    startup_stm32f10x_md.o(RESET) refers to stm32f10x_it.o(i.DebugMon_Handler) for DebugMon_Handler
    startup_stm32f10x_md.o(RESET) refers to os_cpu_a.o(.text) for PendSV_Handler
    startup_stm32f10x_md.o(RESET) refers to os_cpu_c.o(i.SysTick_Handler) for SysTick_Handler
    startup_stm32f10x_md.o(RESET) refers to i2c.o(i.I2C2_EV_IRQHandler) for I2C2_EV_IRQHandler
    startup_stm32f10x_md.o(RESET) refers to i2c.o(i.I2C2_ER_IRQHandler) for I2C2_ER_IRQHandler
    startup_stm32f10x_md.o(RESET) refers to serial.o(i.USART1_IRQHandler) for USART1_IRQHandler
    startup_stm32f10x_md.o(RESET) refers to gpio.o(i.EXTI15_10_IRQHandler) for EXTI15_10_IRQHandler
    startup_stm32f10x_md.o(.text) refers (Special) to heapauxi.o(.text) for __use_two_region_memory
    startup_stm32f10x_md.o(.text) refers to system_stm32f10x.o(i.SystemInit) for SystemInit
    startup_stm32f10x_md.o(.text) refers to __main.o(!!!main) for __main
    startup_stm32f10x_md.o(.text) refers to startup_stm32f10x_md.o(HEAP) for Heap_Mem
    startup_stm32f10x_md.o(.text) refers to startup_stm32f10x_md.o(STACK) for Stack_Mem
    system_stm32f10x.o(i.SetSysClock) refers to system_stm32f10x.o(i.SetSysClockTo72) for SetSysClockTo72
    system_stm32f10x.o(i.SystemCoreClockUpdate) refers to system_stm32f10x.o(.data) for SystemCoreClock
    system_stm32f10x.o(i.SystemInit) refers to system_stm32f10x.o(i.SetSysClock) for SetSysClock
    stm32f10x_adc.o(i.ADC_DeInit) refers to stm32f10x_rcc.o(i.RCC_APB2PeriphResetCmd) for RCC_APB2PeriphResetCmd
    stm32f10x_bkp.o(i.BKP_DeInit) refers to stm32f10x_rcc.o(i.RCC_BackupResetCmd) for RCC_BackupResetCmd
    stm32f10x_can.o(i.CAN_DeInit) refers to stm32f10x_rcc.o(i.RCC_APB1PeriphResetCmd) for RCC_APB1PeriphResetCmd
    stm32f10x_can.o(i.CAN_GetITStatus) refers to stm32f10x_can.o(i.CheckITStatus) for CheckITStatus
    stm32f10x_cec.o(i.CEC_DeInit) refers to stm32f10x_rcc.o(i.RCC_APB1PeriphResetCmd) for RCC_APB1PeriphResetCmd
    stm32f10x_dac.o(i.DAC_DeInit) refers to stm32f10x_rcc.o(i.RCC_APB1PeriphResetCmd) for RCC_APB1PeriphResetCmd
    stm32f10x_flash.o(i.FLASH_EnableWriteProtection) refers to stm32f10x_flash.o(i.FLASH_WaitForLastOperation) for FLASH_WaitForLastOperation
    stm32f10x_flash.o(i.FLASH_EraseAllBank1Pages) refers to stm32f10x_flash.o(i.FLASH_WaitForLastBank1Operation) for FLASH_WaitForLastBank1Operation
    stm32f10x_flash.o(i.FLASH_EraseAllPages) refers to stm32f10x_flash.o(i.FLASH_WaitForLastOperation) for FLASH_WaitForLastOperation
    stm32f10x_flash.o(i.FLASH_EraseOptionBytes) refers to stm32f10x_flash.o(i.FLASH_GetReadOutProtectionStatus) for FLASH_GetReadOutProtectionStatus
    stm32f10x_flash.o(i.FLASH_EraseOptionBytes) refers to stm32f10x_flash.o(i.FLASH_WaitForLastOperation) for FLASH_WaitForLastOperation
    stm32f10x_flash.o(i.FLASH_ErasePage) refers to stm32f10x_flash.o(i.FLASH_WaitForLastOperation) for FLASH_WaitForLastOperation
    stm32f10x_flash.o(i.FLASH_ProgramHalfWord) refers to stm32f10x_flash.o(i.FLASH_WaitForLastOperation) for FLASH_WaitForLastOperation
    stm32f10x_flash.o(i.FLASH_ProgramOptionByteData) refers to stm32f10x_flash.o(i.FLASH_WaitForLastOperation) for FLASH_WaitForLastOperation
    stm32f10x_flash.o(i.FLASH_ProgramWord) refers to stm32f10x_flash.o(i.FLASH_WaitForLastOperation) for FLASH_WaitForLastOperation
    stm32f10x_flash.o(i.FLASH_ReadOutProtection) refers to stm32f10x_flash.o(i.FLASH_WaitForLastOperation) for FLASH_WaitForLastOperation
    stm32f10x_flash.o(i.FLASH_UserOptionByteConfig) refers to stm32f10x_flash.o(i.FLASH_WaitForLastOperation) for FLASH_WaitForLastOperation
    stm32f10x_flash.o(i.FLASH_WaitForLastBank1Operation) refers to stm32f10x_flash.o(i.FLASH_GetBank1Status) for FLASH_GetBank1Status
[...]
    i.App_TaskCreateHook                     0x080007fc   Section        0  app_hooks.o(i.App_TaskCreateHook)
    i.App_TaskDelHook                        0x080007fe   Section        0  app_hooks.o(i.App_TaskDelHook)
    i.App_TaskIdleHook                       0x08000800   Section        0  app_hooks.o(i.App_TaskIdleHook)
    i.App_TaskReturnHook                     0x08000802   Section        0  app_hooks.o(i.App_TaskReturnHook)
    i.App_TaskSwHook                         0x08000804   Section        0  app_hooks.o(i.App_TaskSwHook)
    i.App_TimeTickHook                       0x08000806   Section        0  app_hooks.o(i.App_TimeTickHook)
    i.BusFault_Handler                       0x08000808   Section        0  stm32f10x_it.o(i.BusFault_Handler)
    i.Clear_Flag                             0x0800080c   Section        0  i2c.o(i.Clear_Flag)
    i.DebugMon_Handler                       0x08000828   Section        0  stm32f10x_it.o(i.DebugMon_Handler)
    i.EXTI15_10_IRQHandler                   0x0800082c   Section        0  gpio.o(i.EXTI15_10_IRQHandler)
    i.EXTI_ClearITPendingBit                 0x08000874   Section        0  stm32f10x_exti.o(i.EXTI_ClearITPendingBit)
    i.EXTI_GetITStatus                       0x08000880   Section        0  stm32f10x_exti.o(i.EXTI_GetITStatus)
    i.GPIO_EXTI_Init                         0x080008a8   Section        0  gpio.o(i.GPIO_EXTI_Init)
    i.GPIO_Init                              0x080008aa   Section        0  stm32f10x_gpio.o(i.GPIO_Init)
    i.GPIO_ResetBits                         0x080009c0   Section        0  stm32f10x_gpio.o(i.GPIO_ResetBits)
    i.Get_CPU_Usage_RXNE_Handler             0x080009c4   Section        0  i2c.o(i.Get_CPU_Usage_RXNE_Handler)
    i.Get_CPU_Usage_TXE_Handler              0x080009c8   Section        0  i2c.o(i.Get_CPU_Usage_TXE_Handler)
    i.Get_Stack_Data_RXNE_Handler            0x08000a30   Section        0  i2c.o(i.Get_Stack_Data_RXNE_Handler)
    i.Get_Stack_Data_TXE_Handler             0x08000a88   Section        0  i2c.o(i.Get_Stack_Data_TXE_Handler)
    i.Get_Variable_Data_RXNE_Handler         0x08000ae0   Section        0  i2c.o(i.Get_Variable_Data_RXNE_Handler)
    i.Get_Variable_Data_TXE_Handler          0x08000ae4   Section        0  i2c.o(i.Get_Variable_Data_TXE_Handler)
    i.HardFault_Handler                      0x08000b78   Section        0  stm32f10x_it.o(i.HardFault_Handler)
    i.I2C2_ER_IRQHandler                     0x08000b7c   Section        0  i2c.o(i.I2C2_ER_IRQHandler)
    i.I2C2_EV_IRQHandler                     0x08000c10   Section        0  i2c.o(i.I2C2_EV_IRQHandler)
    i.I2C2_Master_Init                       0x08000d88   Section        0  i2c.o(i.I2C2_Master_Init)
    i.I2C2_Slave_Init                        0x08000e00   Section        0  i2c.o(i.I2C2_Slave_Init)
    i.I2C2_Write                             0x08000edc   Section        0  i2c.o(i.I2C2_Write)
    i.I2C_AcknowledgeConfig                  0x08000fbc   Section        0  stm32f10x_i2c.o(i.I2C_AcknowledgeConfig)
    i.I2C_CheckEvent                         0x08000fd4   Section        0  stm32f10x_i2c.o(i.I2C_CheckEvent)
    i.I2C_ClearITPendingBit                  0x08000ffe   Section        0  stm32f10x_i2c.o(i.I2C_ClearITPendingBit)
    i.I2C_Cmd                                0x0800100a   Section        0  stm32f10x_i2c.o(i.I2C_Cmd)
    i.I2C_Flag_Init                          0x08001022   Section        0  i2c.o(i.I2C_Flag_Init)
    i.I2C_GenerateSTART                      0x0800103c   Section        0  stm32f10x_i2c.o(i.I2C_GenerateSTART)
    i.I2C_GenerateSTOP                       0x08001054   Section        0  stm32f10x_i2c.o(i.I2C_GenerateSTOP)
    i.I2C_GetITStatus                        0x0800106c   Section        0  stm32f10x_i2c.o(i.I2C_GetITStatus)
    i.I2C_ITConfig                           0x08001092   Section        0  stm32f10x_i2c.o(i.I2C_ITConfig)
    i.I2C_Init                               0x080010a4   Section        0  stm32f10x_i2c.o(i.I2C_Init)
    i.I2C_ReceiveData                        0x08001190   Section        0  stm32f10x_i2c.o(i.I2C_ReceiveData)
    i.I2C_Send7bitAddress                    0x08001198   Section        0  stm32f10x_i2c.o(i.I2C_Send7bitAddress)
    i.I2C_SendData                           0x080011aa   Section        0  stm32f10x_i2c.o(i.I2C_SendData)
    i.Is_Busy_RXNE_Handler                   0x080011ae   Section        0  i2c.o(i.Is_Busy_RXNE_Handler)
    i.Is_Busy_TXE_Handler                    0x080011b0   Section        0  i2c.o(i.Is_Busy_TXE_Handler)
    i.MemManage_Handler                      0x080011f8   Section        0  stm32f10x_it.o(i.MemManage_Handler)
    i.NMI_Handler                            0x080011fc   Section        0  stm32f10x_it.o(i.NMI_Handler)
    i.NVIC_Init                              0x08001200   Section        0  misc.o(i.NVIC_Init)
    i.NVIC_PriorityGroupConfig               0x08001270   Section        0  misc.o(i.NVIC_PriorityGroupConfig)
    i.OSInit                                 0x08001284   Section        0  os_core.o(i.OSInit)
    i.OSInitHookBegin                        0x080012c8   Section        0  os_cpu_c.o(i.OSInitHookBegin)
    i.OSInitHookEnd                          0x08001304   Section        0  os_cpu_c.o(i.OSInitHookEnd)
    i.OSIntEnter                             0x08001308   Section        0  os_core.o(i.OSIntEnter)
    i.OSIntExit                              0x0800132c   Section        0  os_core.o(i.OSIntExit)
    i.OSMultiHardwareInit                    0x080013c8   Section        0  os_multi_core.o(i.OSMultiHardwareInit)
    i.OSMultiSemInit                         0x080013f4   Section        0  os_multi_core.o(i.OSMultiSemInit)
    i.OSMultiTaskInit                        0x08001444   Section        0  os_multi_core.o(i.OSMultiTaskInit)
    i.OSQCreate                              0x0800149c   Section        0  os_q.o(i.OSQCreate)
    i.OSQPend                                0x08001558   Section        0  os_q.o(i.OSQPend)
    i.OSQPost                                0x080016a4   Section        0  os_q.o(i.OSQPost)
    i.OSSemCreate                            0x08001730   Section        0  os_sem.o(i.OSSemCreate)
    i.OSSemPend                              0x08001790   Section        0  os_sem.o(i.OSSemPend)
    i.OSSemPost                              0x080018a8   Section        0  os_sem.o(i.OSSemPost)
    i.OSStart                                0x08001918   Section        0  os_core.o(i.OSStart)
    i.OSTCBInitHook                          0x08001960   Section        0  os_cpu_c.o(i.OSTCBInitHook)
    i.OSTaskCreate                           0x0800196c   Section        0  os_task.o(i.OSTaskCreate)
    i.OSTaskCreateExt                        0x08001a40   Section        0  os_task.o(i.OSTaskCreateExt)
    i.OSTaskCreateHook                       0x08001b24   Section        0  os_cpu_c.o(i.OSTaskCreateHook)
    i.OSTaskDel                              0x08001b30   Section        0  os_task.o(i.OSTaskDel)
    i.OSTaskDelHook                          0x08001cb8   Section        0  os_cpu_c.o(i.OSTaskDelHook)
    i.OSTaskIdleHook                         0x08001cc4   Section        0  os_cpu_c.o(i.OSTaskIdleHook)
    i.OSTaskNameSet                          0x08001ccc   Section        0  os_task.o(i.OSTaskNameSet)
    i.OSTaskResume                           0x08001d64   Section        0  os_task.o(i.OSTaskResume)
    i.OSTaskReturnHook                       0x08001e38   Section        0  os_cpu_c.o(i.OSTaskReturnHook)
    i.OSTaskStkInit                          0x08001e44   Section        0  os_cpu_c.o(i.OSTaskStkInit)
    i.OSTaskSuspend                          0x08001ef4   Section        0  os_task.o(i.OSTaskSuspend)
    i.OSTaskSwHook                           0x08001fc4   Section        0  os_cpu_c.o(i.OSTaskSwHook)
    i.OSTimeDly                              0x08001fcc   Section        0  os_time.o(i.OSTimeDly)
    i.OSTimeTick                             0x08002050   Section        0  os_core.o(i.OSTimeTick)
    i.OSTimeTickHook                         0x0800223c   Section        0  os_cpu_c.o(i.OSTimeTickHook)
    i.OS_CoreIDInit                          0x08002244   Section        0  os_multi_core.o(i.OS_CoreIDInit)
    i.OS_Data_Transfer_Switch_Callback       0x08002250   Section        0  main.o(i.OS_Data_Transfer_Switch_Callback)
    i.OS_Dummy                               0x080022ec   Section        0  os_core.o(i.OS_Dummy)
    i.OS_EventTaskRdy                        0x080022f0   Section        0  os_core.o(i.OS_EventTaskRdy)
    i.OS_EventTaskRemove                     0x08002384   Section        0  os_core.o(i.OS_EventTaskRemove)
    i.OS_EventTaskRemoveMulti                0x080023b2   Section        0  os_core.o(i.OS_EventTaskRemoveMulti)
    i.OS_EventTaskWait                       0x080023ec   Section        0  os_core.o(i.OS_EventTaskWait)
    i.OS_EventWaitListInit                   0x08002468   Section        0  os_core.o(i.OS_EventWaitListInit)
    i.OS_FlagInit                            0x08002484   Section        0  os_flag.o(i.OS_FlagInit)
    i.OS_FlagUnlink                          0x080024dc   Section        0  os_flag.o(i.OS_FlagUnlink)
    i.OS_GetCpuUsage                         0x08002500   Section        0  os_multi_core.o(i.OS_GetCpuUsage)
    i.OS_GetStackData                        0x08002536   Section        0  os_multi_core.o(i.OS_GetStackData)
    i.OS_GetVariableData                     0x08002572   Section        0  os_multi_core.o(i.OS_GetVariableData)
    i.OS_InitEventList                       0x080025d8   Section        0  os_core.o(i.OS_InitEventList)
    OS_InitEventList                         0x080025d9   Thumb Code    82  os_core.o(i.OS_InitEventList)
    i.OS_InitMisc                            0x08002638   Section        0  os_core.o(i.OS_InitMisc)
    OS_InitMisc                              0x08002639   Thumb Code    36  os_core.o(i.OS_InitMisc)
    i.OS_InitRdyList                         0x0800267c   Section        0  os_core.o(i.OS_InitRdyList)
    OS_InitRdyList                           0x0800267d   Thumb Code    44  os_core.o(i.OS_InitRdyList)
    i.OS_InitTCBList                         0x080026c0   Section        0  os_core.o(i.OS_InitTCBList)
    OS_InitTCBList                           0x080026c1   Thumb Code    94  os_core.o(i.OS_InitTCBList)
    i.OS_InitTaskIdle                        0x08002734   Section        0  os_core.o(i.OS_InitTaskIdle)
    OS_InitTaskIdle                          0x08002735   Thumb Code    50  os_core.o(i.OS_InitTaskIdle)
    i.OS_IsBusy                              0x08002784   Section        0  os_multi_core.o(i.OS_IsBusy)
    i.OS_MemClr                              0x080027ba   Section        0  os_core.o(i.OS_MemClr)
    i.OS_MemInit                             0x080027cc   Section        0  os_mem.o(i.OS_MemInit)
    i.OS_MultiCoreTaskInit                   0x08002824   Section        0  os_multi_core.o(i.OS_MultiCoreTaskInit)
    i.OS_Multi_Core_Data_Transfer            0x08002864   Section        0  os_multi_core.o(i.OS_Multi_Core_Data_Transfer)
    i.OS_Multi_Core_Sched                    0x08002968   Section        0  os_multi_core.o(i.OS_Multi_Core_Sched)
    i.OS_Multi_Core_Task_Suspend             0x08002c34   Section        0  os_multi_core.o(i.OS_Multi_Core_Task_Suspend)
    i.OS_MultipleTaskSW                      0x08002c94   Section        0  os_multi_core.o(i.OS_MultipleTaskSW)
    i.OS_QInit                               0x08002cdc   Section        0  os_q.o(i.OS_QInit)
    i.OS_Read2                               0x08002d2c   Section        0  os_multi_core.o(i.OS_Read2)
    i.OS_Sched                               0x08002ea4   Section        0  os_core.o(i.OS_Sched)
    i.OS_SchedNew                            0x08002f24   Section        0  os_core.o(i.OS_SchedNew)
    OS_SchedNew                              0x08002f25   Thumb Code    26  os_core.o(i.OS_SchedNew)
    i.OS_SendStackData                       0x08002f50   Section        0  os_multi_core.o(i.OS_SendStackData)
    i.OS_SendVariableData                    0x08002f94   Section        0  os_multi_core.o(i.OS_SendVariableData)
    i.OS_TCBInit                             0x08002fe8   Section        0  os_core.o(i.OS_TCBInit)
    i.OS_TaskIdle                            0x08003164   Section        0  os_core.o(i.OS_TaskIdle)
    i.OS_TaskReturn                          0x08003194   Section        0  os_task.o(i.OS_TaskReturn)
    i.OS_TaskStkClr                          0x080031ac   Section        0  os_task.o(i.OS_TaskStkClr)
    i.OS_TaskSwitchRequest                   0x080031c6   Section        0  os_multi_core.o(i.OS_TaskSwitchRequest)
    i.OS_Write                               0x080031fc   Section        0  os_multi_core.o(i.OS_Write)
    i.OS_Write2                              0x08003218   Section        0  os_multi_core.o(i.OS_Write2)
    i.PWM_Init                               0x08003334   Section        0  pwm.o(i.PWM_Init)
    i.RCC_APB1PeriphClockCmd                 0x08003404   Section        0  stm32f10x_rcc.o(i.RCC_APB1PeriphClockCmd)
    i.RCC_APB1PeriphResetCmd                 0x08003424   Section        0  stm32f10x_rcc.o(i.RCC_APB1PeriphResetCmd)
    i.RCC_APB2PeriphClockCmd                 0x08003444   Section        0  stm32f10x_rcc.o(i.RCC_APB2PeriphClockCmd)
    i.RCC_GetClocksFreq                      0x08003464   Section        0  stm32f10x_rcc.o(i.RCC_GetClocksFreq)
    i.SVC_Handler                            0x08003538   Section        0  stm32f10x_it.o(i.SVC_Handler)
    i.Send_Data_Finished_RXNE_Handler        0x0800353c   Section        0  i2c.o(i.Send_Data_Finished_RXNE_Handler)
    i.Send_Data_Finished_TXE_Handler         0x08003548   Section        0  i2c.o(i.Send_Data_Finished_TXE_Handler)
    i.Send_Stack_Data_RXNE_Handler           0x0800354c   Section        0  i2c.o(i.Send_Stack_Data_RXNE_Handler)
    i.Send_Stack_Data_TXE_Handler            0x080035d0   Section        0  i2c.o(i.Send_Stack_Data_TXE_Handler)
    i.Send_Variable_Data_RXNE_Handler        0x080035d4   Section        0  i2c.o(i.Send_Variable_Data_RXNE_Handler)
    i.Send_Variable_Data_TXE_Handler         0x08003688   Section        0  i2c.o(i.Send_Variable_Data_TXE_Handler)
    i.Serial_Init                            0x0800368c   Section        0  serial.o(i.Serial_Init)
    i.Serial_SendByte                        0x08003744   Section        0  serial.o(i.Serial_SendByte)
    i.Serial_SendString                      0x08003764   Section        0  serial.o(i.Serial_SendString)
    i.SetSysClock                            0x0800377e   Section        0  system_stm32f10x.o(i.SetSysClock)
    SetSysClock                              0x0800377f   Thumb Code     8  system_stm32f10x.o(i.SetSysClock)
    i.SetSysClockTo72                        0x08003788   Section        0  system_stm32f10x.o(i.SetSysClockTo72)
    SetSysClockTo72                          0x08003789   Thumb Code   214  system_stm32f10x.o(i.SetSysClockTo72)
    i.Slave_GPIO_Init                        0x08003868   Section        0  gpio.o(i.Slave_GPIO_Init)
    i.SysTick_Handler                        0x080038a0   Section        0  os_cpu_c.o(i.SysTick_Handler)
    i.SystemInit                             0x080038c8   Section        0  system_stm32f10x.o(i.SystemInit)
    i.TIM_Cmd                                0x08003928   Section        0  stm32f10x_tim.o(i.TIM_Cmd)
    i.TIM_CtrlPWMOutputs                     0x08003940   Section        0  stm32f10x_tim.o(i.TIM_CtrlPWMOutputs)
    i.TIM_InternalClockConfig                0x0800395e   Section        0  stm32f10x_tim.o(i.TIM_InternalClockConfig)
    i.TIM_OC1Init                            0x0800396c   Section        0  stm32f10x_tim.o(i.TIM_OC1Init)
    i.TIM_OC2Init                            0x08003a04   Section        0  stm32f10x_tim.o(i.TIM_OC2Init)
    i.TIM_OC3Init                            0x08003aa8   Section        0  stm32f10x_tim.o(i.TIM_OC3Init)
    i.TIM_OC4Init                            0x08003b48   Section        0  stm32f10x_tim.o(i.TIM_OC4Init)
    i.TIM_OCStructInit                       0x08003bc4   Section        0  stm32f10x_tim.o(i.TIM_OCStructInit)
    i.TIM_TimeBaseInit                       0x08003bd8   Section        0  stm32f10x_tim.o(i.TIM_TimeBaseInit)
    i.Task_Switch_Request_RXNE_Handler       0x08003c7c   Section        0  i2c.o(i.Task_Switch_Request_RXNE_Handler)
    i.Task_Switch_Request_TXE_Handler        0x08003ce0   Section        0  i2c.o(i.Task_Switch_Request_TXE_Handler)
    i.USART1_IRQHandler                      0x08003d3c   Section        0  serial.o(i.USART1_IRQHandler)
    i.USART_ClearITPendingBit                0x08003d74   Section        0  stm32f10x_usart.o(i.USART_ClearITPendingBit)
    i.USART_Cmd                              0x08003d92   Section        0  stm32f10x_usart.o(i.USART_Cmd)
    i.USART_GetFlagStatus                    0x08003daa   Section        0  stm32f10x_usart.o(i.USART_GetFlagStatus)
    i.USART_GetITStatus                      0x08003dc4   Section        0  stm32f10x_usart.o(i.USART_GetITStatus)
    i.USART_ITConfig                         0x08003e18   Section        0  stm32f10x_usart.o(i.USART_ITConfig)
    i.USART_Init                             0x08003e64   Section        0  stm32f10x_usart.o(i.USART_Init)
    i.USART_ReceiveData                      0x08003f3c   Section        0  stm32f10x_usart.o(i.USART_ReceiveData)
    i.USART_SendData                         0x08003f46   Section        0  stm32f10x_usart.o(i.USART_SendData)
    i.UsageFault_Handler                     0x08003f4e   Section        0  stm32f10x_it.o(i.UsageFault_Handler)
    i._is_digit                              0x08003f52   Section        0  __printf_wp.o(i._is_digit)
    i.main                                   0x08003f60   Section        0  main.o(i.main)
    .constdata                               0x08003fd4   Section      256  os_core.o(.constdata)
    .constdata                               0x080040d4   Section       17  __printf_flags_ss_wp.o(.constdata)
    maptable                                 0x080040d4   Data          17  __printf_flags_ss_wp.o(.constdata)
    .data                                    0x20000000   Section       20  stm32f10x_rcc.o(.data)
    APBAHBPrescTable                         0x20000000   Data          16  stm32f10x_rcc.o(.data)
    ADCPrescTable                            0x20000010   Data           4  stm32f10x_rcc.o(.data)
    .data                                    0x20000014   Section        2  serial.o(.data)
    .data                                    0x20000018   Section       18  i2c.o(.data)
    size_h                                   0x20000019   Data           1  i2c.o(.data)
    size_l                                   0x2000001a   Data           1  i2c.o(.data)
    address                                  0x2000001c   Data           4  i2c.o(.data)
    size_h                                   0x20000020   Data           1  i2c.o(.data)
    size_l                                   0x20000021   Data           1  i2c.o(.data)
    address                                  0x20000024   Data           4  i2c.o(.data)
    count_idle                               0x20000028   Data           2  i2c.o(.data)
    .data                                    0x2000002a   Section       18  main.o(.data)
    .data                                    0x2000003c   Section        8  os_cpu_c.o(.data)
    .data                                    0x20000044   Section       68  os_core.o(.data)
    .data                                    0x20000088   Section       37  os_multi_core.o(.data)
    .bss                                     0x200000b0   Section       32  i2c.o(.bss)
    .bss                                     0x200000d0   Section     3584  main.o(.bss)
    .bss                                     0x20000ed0   Section     1024  os_cpu_c.o(.bss)
    .bss                                     0x200012d0   Section     3656  os_core.o(.bss)
    .bss                                     0x20002118   Section     2584  os_multi_core.o(.bss)
    .bss                                     0x20002b30   Section       96  libspace.o(.bss)
    HEAP                                     0x20002b90   Section      512  startup_stm32f10x_md.o(HEAP)
    Heap_Mem                                 0x20002b90   Data         512  startup_stm32f10x_md.o(HEAP)
    STACK                                    0x20002d90   Section     1024  startup_stm32f10x_md.o(STACK)
    Stack_Mem                                0x20002d90   Data        1024  startup_stm32f10x_md.o(STACK)
    __initial_sp                             0x20003190   Data           0  startup_stm32f10x_md.o(STACK)

    Global Symbols

    Symbol Name                              Value     Ov Type        Size  Object(Section)

    BuildAttributes$$THM_ISAv4$P$D$K$B$S$PE$A:L22UL41UL21$X:L11$S22US41US21$IEEE1$IW$USESV6$~STKCKD$USESV7$~SHL$OTIME$ROPI$IEEEJ$EBA8$UX$STANDARDLIB$REQ8$PRES8$EABIv2 0x00000000   Number         0  anon$$obj.o ABSOLUTE
    __ARM_use_no_argv                        0x00000000   Number         0  main.o ABSOLUTE
    _printf_flags                            0x00000000   Number         0  printf_stubs.o ABSOLUTE
    _printf_return_value                     0x00000000   Number         0  printf_stubs.o ABSOLUTE
    _printf_sizespec                         0x00000000   Number         0  printf_stubs.o ABSOLUTE
    _printf_widthprec                        0x00000000   Number         0  printf_stubs.o ABSOLUTE
    __ARM_exceptions_init                     - Undefined Weak Reference
    __alloca_initialize                       - Undefined Weak Reference
    __arm_preinit_                            - Undefined Weak Reference
    __cpp_initialize__aeabi_                  - Undefined Weak Reference
    __cxa_finalize                            - Undefined Weak Reference
    __sigvec_lookup                           - Undefined Weak Reference
    _atexit_init                              - Undefined Weak Reference
    _call_atexit_fns                          - Undefined Weak Reference
    _clock_init                               - Undefined Weak Reference
    _fp_trap_init                             - Undefined Weak Reference
    _fp_trap_shutdown                         - Undefined Weak Reference
    _get_lc_collate                           - Undefined Weak Reference
    _get_lc_monetary                          - Undefined Weak Reference
    _get_lc_time                              - Undefined Weak Reference
    _getenv_init                              - Undefined Weak Reference
    _handle_redirection                       - Undefined Weak Reference
    _init_alloc                               - Undefined Weak Reference
    _init_user_alloc                          - Undefined Weak Reference
    _initio                                   - Undefined Weak Reference
    _printf_mbtowc                            - Undefined Weak Reference
    _printf_wc                                - Undefined Weak Reference
    _rand_init                                - Undefined Weak Reference
    _signal_finish                            - Undefined Weak Reference
    _signal_init                              - Undefined Weak Reference
    _terminate_alloc                          - Undefined Weak Reference
    _terminate_user_alloc                     - Undefined Weak Reference
    _terminateio                              - Undefined Weak Reference
    __Vectors_Size                           0x000000ec   Number         0  startup_stm32f10x_md.o ABSOLUTE
    __Vectors                                0x08000000   Data           4  startup_stm32f10x_md.o(RESET)
    __Vectors_End                            0x080000ec   Data           0  startup_stm32f10x_md.o(RESET)
    __main                                   0x080000ed   Thumb Code     8  __main.o(!!!main)
    __scatterload                            0x080000f5   Thumb Code     0  __scatter.o(!!!scatter)
    __scatterload_rt2                        0x080000f5   Thumb Code    44  __scatter.o(!!!scatter)
    __scatterload_rt2_thumb_only             0x080000f5   Thumb Code     0  __scatter.o(!!!scatter)
    __scatterload_null                       0x08000103   Thumb Code     0  __scatter.o(!!!scatter)
    __scatterload_copy                       0x08000129   Thumb Code    26  __scatter_copy.o(!!handler_copy)
    __scatterload_zeroinit                   0x08000145   Thumb Code    28  __scatter_zi.o(!!handler_zi)
    _printf_percent                          0x08000161   Thumb Code     0  _printf_percent.o(.ARM.Collect$$_printf_percent$$00000000)
    _printf_u                                0x08000161   Thumb Code     0  _printf_u.o(.ARM.Collect$$_printf_percent$$0000000A)
    _printf_percent_end                      0x08000167   Thumb Code     0  _printf_percent_end.o(.ARM.Collect$$_printf_percent$$00000017)
    __rt_lib_init                            0x0800016b   Thumb Code     0  libinit.o(.ARM.Collect$$libinit$$00000000)
    __rt_lib_init_alloca_1                   0x0800016d   Thumb Code     0  libinit2.o(.ARM.Collect$$libinit$$0000002E)
    __rt_lib_init_argv_1                     0x0800016d   Thumb Code     0  libinit2.o(.ARM.Collect$$libinit$$0000002C)
    __rt_lib_init_atexit_1                   0x0800016d   Thumb Code     0  libinit2.o(.ARM.Collect$$libinit$$0000001B)
    __rt_lib_init_clock_1                    0x0800016d   Thumb Code     0  libinit2.o(.ARM.Collect$$libinit$$00000021)
    __rt_lib_init_cpp_1                      0x0800016d   Thumb Code     0  libinit2.o(.ARM.Collect$$libinit$$00000032)
    __rt_lib_init_exceptions_1               0x0800016d   Thumb Code     0  libinit2.o(.ARM.Collect$$libinit$$00000030)
    __rt_lib_init_fp_1                       0x0800016d   Thumb Code     0  libinit2.o(.ARM.Collect$$libinit$$00000002)
    __rt_lib_init_fp_trap_1                  0x0800016d   Thumb Code     0  libinit2.o(.ARM.Collect$$libinit$$0000001F)
    __rt_lib_init_getenv_1                   0x0800016d   Thumb Code     0  libinit2.o(.ARM.Collect$$libinit$$00000023)
    __rt_lib_init_heap_1                     0x0800016d   Thumb Code     0  libinit2.o(.ARM.Collect$$libinit$$0000000A)
    __rt_lib_init_lc_collate_1               0x0800016d   Thumb Code     0  libinit2.o(.ARM.Collect$$libinit$$00000011)
    __rt_lib_init_lc_ctype_1                 0x0800016d   Thumb Code     0  libinit2.o(.ARM.Collect$$libinit$$00000013)
    __rt_lib_init_lc_monetary_1              0x0800016d   Thumb Code     0  libinit2.o(.ARM.Collect$$libinit$$00000015)
    __rt_lib_init_lc_numeric_1               0x0800016d   Thumb Code     0  libinit2.o(.ARM.Collect$$libinit$$00000017)
    __rt_lib_init_lc_time_1                  0x0800016d   Thumb Code     0  libinit2.o(.ARM.Collect$$libinit$$00000019)
    __rt_lib_init_preinit_1                  0x0800016d   Thumb Code     0  libinit2.o(.ARM.Collect$$libinit$$00000004)
    __rt_lib_init_rand_1                     0x0800016d   Thumb Code     0  libinit2.o(.ARM.Collect$$libinit$$0000000E)
    __rt_lib_init_return                     0x0800016d   Thumb Code     0  libinit2.o(.ARM.Collect$$libinit$$00000033)
    __rt_lib_init_signal_1                   0x0800016d   Thumb Code     0  libinit2.o(.ARM.Collect$$libinit$$0000001D)
    __rt_lib_init_stdio_1                    0x0800016d   Thumb Code     0  libinit2.o(.ARM.Collect$$libinit$$00000025)
    __rt_lib_init_user_alloc_1               0x0800016d   Thumb Code     0  libinit2.o(.ARM.Collect$$libinit$$0000000C)
    __rt_lib_shutdown                        0x0800016f   Thumb Code     0  libshutdown.o(.ARM.Collect$$libshutdown$$00000000)
    __rt_lib_shutdown_cpp_1                  0x08000171   Thumb Code     0  libshutdown2.o(.ARM.Collect$$libshutdown$$00000002)
    __rt_lib_shutdown_fp_trap_1              0x08000171   Thumb Code     0  libshutdown2.o(.ARM.Collect$$libshutdown$$00000007)
    __rt_lib_shutdown_heap_1                 0x08000171   Thumb Code     0  libshutdown2.o(.ARM.Collect$$libshutdown$$0000000F)
    __rt_lib_shutdown_return                 0x08000171   Thumb Code     0  libshutdown2.o(.ARM.Collect$$libshutdown$$00000010)
    __rt_lib_shutdown_signal_1               0x08000171   Thumb Code     0  libshutdown2.o(.ARM.Collect$$libshutdown$$0000000A)
    __rt_lib_shutdown_stdio_1                0x08000171   Thumb Code     0  libshutdown2.o(.ARM.Collect$$libshutdown$$00000004)
    __rt_lib_shutdown_user_alloc_1           0x08000171   Thumb Code     0  libshutdown2.o(.ARM.Collect$$libshutdown$$0000000C)
    __rt_entry                               0x08000173   Thumb Code     0  __rtentry.o(.ARM.Collect$$rtentry$$00000000)
    __rt_entry_presh_1                       0x08000173   Thumb Code     0  __rtentry2.o(.ARM.Collect$$rtentry$$00000002)
    __rt_entry_sh                            0x08000173   Thumb Code     0  __rtentry4.o(.ARM.Collect$$rtentry$$00000004)
    __rt_entry_li                            0x08000179   Thumb Code     0  __rtentry2.o(.ARM.Collect$$rtentry$$0000000A)
    __rt_entry_postsh_1                      0x08000179   Thumb Code     0  __rtentry2.o(.ARM.Collect$$rtentry$$00000009)
    __rt_entry_main                          0x0800017d   Thumb Code     0  __rtentry2.o(.ARM.Collect$$rtentry$$0000000D)
    __rt_entry_postli_1                      0x0800017d   Thumb Code     0  __rtentry2.o(.ARM.Collect$$rtentry$$0000000C)
    __rt_exit                                0x08000185   Thumb Code     0  rtexit.o(.ARM.Collect$$rtexit$$00000000)
    __rt_exit_ls                             0x08000187   Thumb Code     0  rtexit2.o(.ARM.Collect$$rtexit$$00000003)
    __rt_exit_prels_1                        0x08000187   Thumb Code     0  rtexit2.o(.ARM.Collect$$rtexit$$00000002)
    __rt_exit_exit                           0x0800018b   Thumb Code     0  rtexit2.o(.ARM.Collect$$rtexit$$00000004)
    Reset_Handler                            0x08000191   Thumb Code     8  startup_stm32f10x_md.o(.text)
    ADC1_2_IRQHandler                        0x080001ab   Thumb Code     0  startup_stm32f10x_md.o(.text)
    CAN1_RX1_IRQHandler                      0x080001ab   Thumb Code     0  startup_stm32f10x_md.o(.text)
    CAN1_SCE_IRQHandler                      0x080001ab   Thumb Code     0  startup_stm32f10x_md.o(.text)
    DMA1_Channel1_IRQHandler                 0x080001ab   Thumb Code     0  startup_stm32f10x_md.o(.text)
    DMA1_Channel2_IRQHandler                 0x080001ab   Thumb Code     0  startup_stm32f10x_md.o(.text)
    DMA1_Channel3_IRQHandler                 0x080001ab   Thumb Code     0  startup_stm32f10x_md.o(.text)
    DMA1_Channel4_IRQHandler                 0x080001ab   Thumb Code     0  startup_stm32f10x_md.o(.text)
    DMA1_Channel5_IRQHandler                 0x080001ab   Thumb Code     0  startup_stm32f10x_md.o(.text)
    DMA1_Channel6_IRQHandler                 0x080001ab   Thumb Code     0  startup_stm32f10x_md.o(.text)
    DMA1_Channel7_IRQHandler                 0x080001ab   Thumb Code     0  startup_stm32f10x_md.o(.text)
    EXTI0_IRQHandler                         0x080001ab   Thumb Code     0  startup_stm32f10x_md.o(.text)
    EXTI1_IRQHandler                         0x080001ab   Thumb Code     0  startup_stm32f10x_md.o(.text)
    EXTI2_IRQHandler                         0x080001ab   Thumb Code     0  startup_stm32f10x_md.o(.text)
    EXTI3_IRQHandler                         0x080001ab   Thumb Code     0  startup_stm32f10x_md.o(.text)
    EXTI4_IRQHandler                         0x080001ab   Thumb Code     0  startup_stm32f10x_md.o(.text)
    EXTI9_5_IRQHandler                       0x080001ab   Thumb Code     0  startup_stm32f10x_md.o(.text)
    FLASH_IRQHandler                         0x080001ab   Thumb Code     0  startup_stm32f10x_md.o(.text)
    I2C1_ER_IRQHandler                       0x080001ab   Thumb Code     0  startup_stm32f10x_md.o(.text)
    I2C1_EV_IRQHandler                       0x080001ab   Thumb Code     0  startup_stm32f10x_md.o(.text)
    PVD_IRQHandler                           0x080001ab   Thumb Code     0  startup_stm32f10x_md.o(.text)
    RCC_IRQHandler                           0x080001ab   Thumb Code     0  startup_stm32f10x_md.o(.text)
    RTCAlarm_IRQHandler                      0x080001ab   Thumb Code     0  startup_stm32f10x_md.o(.text)
    RTC_IRQHandler                           0x080001ab   Thumb Code     0  startup_stm32f10x_md.o(.text)
    SPI1_IRQHandler                          0x080001ab   Thumb Code     0  startup_stm32f10x_md.o(.text)
    SPI2_IRQHandler                          0x080001ab   Thumb Code     0  startup_stm32f10x_md.o(.text)
    TAMPER_IRQHandler                        0x080001ab   Thumb Code     0  startup_stm32f10x_md.o(.text)
    TIM1_BRK_IRQHandler                      0x080001ab   Thumb Code     0  startup_stm32f10x_md.o(.text)
    TIM1_CC_IRQHandler                       0x080001ab   Thumb Code     0  startup_stm32f10x_md.o(.text)
    TIM1_TRG_COM_IRQHandler                  0x080001ab   Thumb Code     0  startup_stm32f10x_md.o(.text)
    TIM1_UP_IRQHandler                       0x080001ab   Thumb Code     0  startup_stm32f10x_md.o(.text)
    TIM2_IRQHandler                          0x080001ab   Thumb Code     0  startup_stm32f10x_md.o(.text)
    TIM3_IRQHandler                          0x080001ab   Thumb Code     0  startup_stm32f10x_md.o(.text)
    TIM4_IRQHandler                          0x080001ab   Thumb Code     0  startup_stm32f10x_md.o(.text)
    USART2_IRQHandler                        0x080001ab   Thumb Code     0  startup_stm32f10x_md.o(.text)
    USART3_IRQHandler                        0x080001ab   Thumb Code     0  startup_stm32f10x_md.o(.text)
    USBWakeUp_IRQHandler                     0x080001ab   Thumb Code     0  startup_stm32f10x_md.o(.text)
    USB_HP_CAN1_TX_IRQHandler                0x080001ab   Thumb Code     0  startup_stm32f10x_md.o(.text)
    USB_LP_CAN1_RX0_IRQHandler               0x080001ab   Thumb Code     0  startup_stm32f10x_md.o(.text)
    WWDG_IRQHandler                          0x080001ab   Thumb Code     0  startup_stm32f10x_md.o(.text)
    __user_initial_stackheap                 0x080001ad   Thumb Code     0  startup_stm32f10x_md.o(.text)
    OS_CPU_SR_Save                           0x080001d1   Thumb Code     0  os_cpu_a.o(.text)
    OS_CPU_SR_Restore                        0x080001ed   Thumb Code     0  os_cpu_a.o(.text)
    OSStartHighRdy                           0x080001ff   Thumb Code     0  os_cpu_a.o(.text)
    OSCtxSw                                  0x08000257   Thumb Code     0  os_cpu_a.o(.text)
    OSIntCtxSw                               0x08000257   Thumb Code     0  os_cpu_a.o(.text)
    PendSV_Handler                           0x08000261   Thumb Code     0  os_cpu_a.o(.text)
    SystemInit1                              0x080002ab   Thumb Code     0  os_cpu_a.o(.text)
    __2sprintf                               0x08000379   Thumb Code    38  __2sprintf.o(.text)
    _printf_int_dec                          0x080003a5   Thumb Code   104  _printf_dec.o(.text)
    __printf                                 0x0800041d   Thumb Code   388  __printf_flags_ss_wp.o(.text)
    __aeabi_memcpy                           0x080005a5   Thumb Code     0  rt_memcpy_v6.o(.text)
    __rt_memcpy                              0x080005a5   Thumb Code   138  rt_memcpy_v6.o(.text)
    _memcpy_lastbytes                        0x0800060b   Thumb Code     0  rt_memcpy_v6.o(.text)
    __use_two_region_memory                  0x0800062f   Thumb Code     2  heapauxi.o(.text)
    __rt_heap_escrow$2region                 0x08000631   Thumb Code     2  heapauxi.o(.text)
    __rt_heap_expand$2region                 0x08000633   Thumb Code     2  heapauxi.o(.text)
    _printf_int_common                       0x08000635   Thumb Code   178  _printf_intcommon.o(.text)
    _printf_char_common                      0x080006f3   Thumb Code    32  _printf_char_common.o(.text)
    _sputc                                   0x08000719   Thumb Code    10  _sputc.o(.text)
    __aeabi_memcpy4                          0x08000723   Thumb Code     0  rt_memcpy_w.o(.text)
    __aeabi_memcpy8                          0x08000723   Thumb Code     0  rt_memcpy_w.o(.text)
    __rt_memcpy_w                            0x08000723   Thumb Code   100  rt_memcpy_w.o(.text)
    _memcpy_lastbytes_aligned                0x0800076b   Thumb Code     0  rt_memcpy_w.o(.text)
    __user_setup_stackheap                   0x08000787   Thumb Code    74  sys_stackheap_outer.o(.text)
    exit                                     0x080007d1   Thumb Code    18  exit.o(.text)
    __user_libspace                          0x080007e5   Thumb Code     8  libspace.o(.text)
    __user_perproc_libspace                  0x080007e5   Thumb Code     0  libspace.o(.text)
    __user_perthread_libspace                0x080007e5   Thumb Code     0  libspace.o(.text)
    _sys_exit                                0x080007ed   Thumb Code     8  sys_exit.o(.text)
    __I$use$semihosting                      0x080007f9   Thumb Code     0  use_no_semi.o(.text)
    __use_no_semihosting_swi                 0x080007f9   Thumb Code     2  use_no_semi.o(.text)
    App_TCBInitHook                          0x080007fb   Thumb Code     2  app_hooks.o(i.App_TCBInitHook)
    __semihosting_library_function           0x080007fb   Thumb Code     0  indicate_semi.o(.text)
    App_TaskCreateHook                       0x080007fd   Thumb Code     2  app_hooks.o(i.App_TaskCreateHook)
    App_TaskDelHook                          0x080007ff   Thumb Code     2  app_hooks.o(i.App_TaskDelHook)
    App_TaskIdleHook                         0x08000801   Thumb Code     2  app_hooks.o(i.App_TaskIdleHook)
    App_TaskReturnHook                       0x08000803   Thumb Code     2  app_hooks.o(i.App_TaskReturnHook)
    App_TaskSwHook                           0x08000805   Thumb Code     2  app_hooks.o(i.App_TaskSwHook)
    App_TimeTickHook                         0x08000807   Thumb Code     2  app_hooks.o(i.App_TimeTickHook)
    BusFault_Handler                         0x08000809   Thumb Code     4  stm32f10x_it.o(i.BusFault_Handler)
    Clear_Flag                               0x0800080d   Thumb Code    20  i2c.o(i.Clear_Flag)
    DebugMon_Handler                         0x08000829   Thumb Code     2  stm32f10x_it.o(i.DebugMon_Handler)
    EXTI15_10_IRQHandler                     0x0800082d   Thumb Code    64  gpio.o(i.EXTI15_10_IRQHandler)
    EXTI_ClearITPendingBit                   0x08000875   Thumb Code     6  stm32f10x_exti.o(i.EXTI_ClearITPendingBit)
    EXTI_GetITStatus                         0x08000881   Thumb Code    34  stm32f10x_exti.o(i.EXTI_GetITStatus)
    GPIO_EXTI_Init                           0x080008a9   Thumb Code     2  gpio.o(i.GPIO_EXTI_Init)
    GPIO_Init                                0x080008ab   Thumb Code   278  stm32f10x_gpio.o(i.GPIO_Init)
    GPIO_ResetBits                           0x080009c1   Thumb Code     4  stm32f10x_gpio.o(i.GPIO_ResetBits)
    Get_CPU_Usage_RXNE_Handler               0x080009c5   Thumb Code     2  i2c.o(i.Get_CPU_Usage_RXNE_Handler)
    Get_CPU_Usage_TXE_Handler                0x080009c9   Thumb Code    88  i2c.o(i.Get_CPU_Usage_TXE_Handler)
    Get_Stack_Data_RXNE_Handler              0x08000a31   Thumb Code    76  i2c.o(i.Get_Stack_Data_RXNE_Handler)
    Get_Stack_Data_TXE_Handler               0x08000a89   Thumb Code    78  i2c.o(i.Get_Stack_Data_TXE_Handler)
    Get_Variable_Data_RXNE_Handler           0x08000ae1   Thumb Code     2  i2c.o(i.Get_Variable_Data_RXNE_Handler)
    Get_Variable_Data_TXE_Handler            0x08000ae5   Thumb Code   136  i2c.o(i.Get_Variable_Data_TXE_Handler)
    HardFault_Handler                        0x08000b79   Thumb Code     4  stm32f10x_it.o(i.HardFault_Handler)
    I2C2_ER_IRQHandler                       0x08000b7d   Thumb Code   134  i2c.o(i.I2C2_ER_IRQHandler)
    I2C2_EV_IRQHandler                       0x08000c11   Thumb Code   360  i2c.o(i.I2C2_EV_IRQHandler)
    I2C2_Master_Init                         0x08000d89   Thumb Code   106  i2c.o(i.I2C2_Master_Init)
    I2C2_Slave_Init                          0x08000e01   Thumb Code   198  i2c.o(i.I2C2_Slave_Init)
    I2C2_Write                               0x08000edd   Thumb Code   206  i2c.o(i.I2C2_Write)
    I2C_AcknowledgeConfig                    0x08000fbd   Thumb Code    24  stm32f10x_i2c.o(i.I2C_AcknowledgeConfig)
    I2C_CheckEvent                           0x08000fd5   Thumb Code    42  stm32f10x_i2c.o(i.I2C_CheckEvent)
    I2C_ClearITPendingBit                    0x08000fff   Thumb Code    12  stm32f10x_i2c.o(i.I2C_ClearITPendingBit)
    I2C_Cmd                                  0x0800100b   Thumb Code    24  stm32f10x_i2c.o(i.I2C_Cmd)
    I2C_Flag_Init                            0x08001023   Thumb Code    26  i2c.o(i.I2C_Flag_Init)
    I2C_GenerateSTART                        0x0800103d   Thumb Code    24  stm32f10x_i2c.o(i.I2C_GenerateSTART)
    I2C_GenerateSTOP                         0x08001055   Thumb Code    24  stm32f10x_i2c.o(i.I2C_GenerateSTOP)
    I2C_GetITStatus                          0x0800106d   Thumb Code    38  stm32f10x_i2c.o(i.I2C_GetITStatus)
    I2C_ITConfig                             0x08001093   Thumb Code    18  stm32f10x_i2c.o(i.I2C_ITConfig)
    I2C_Init                                 0x080010a5   Thumb Code   222  stm32f10x_i2c.o(i.I2C_Init)
    I2C_ReceiveData                          0x08001191   Thumb Code     8  stm32f10x_i2c.o(i.I2C_ReceiveData)
    I2C_Send7bitAddress                      0x08001199   Thumb Code    18  stm32f10x_i2c.o(i.I2C_Send7bitAddress)
    I2C_SendData                             0x080011ab   Thumb Code     4  stm32f10x_i2c.o(i.I2C_SendData)
    Is_Busy_RXNE_Handler                     0x080011af   Thumb Code     2  i2c.o(i.Is_Busy_RXNE_Handler)
    Is_Busy_TXE_Handler                      0x080011b1   Thumb Code    64  i2c.o(i.Is_Busy_TXE_Handler)
    MemManage_Handler                        0x080011f9   Thumb Code     4  stm32f10x_it.o(i.MemManage_Handler)
    NMI_Handler                              0x080011fd   Thumb Code     2  stm32f10x_it.o(i.NMI_Handler)
    NVIC_Init                                0x08001201   Thumb Code   100  misc.o(i.NVIC_Init)
    NVIC_PriorityGroupConfig                 0x08001271   Thumb Code    10  misc.o(i.NVIC_PriorityGroupConfig)
    OSInit                                   0x08001285   Thumb Code    64  os_core.o(i.OSInit)
    OSInitHookBegin                          0x080012c9   Thumb Code    42  os_cpu_c.o(i.OSInitHookBegin)
    OSInitHookEnd                            0x08001305   Thumb Code     2  os_cpu_c.o(i.OSInitHookEnd)
    OSIntEnter                               0x08001309   Thumb Code    28  os_core.o(i.OSIntEnter)
    OSIntExit                                0x0800132d   Thumb Code   122  os_core.o(i.OSIntExit)
    OSMultiHardwareInit                      0x080013c9   Thumb Code    36  os_multi_core.o(i.OSMultiHardwareInit)
    OSMultiSemInit                           0x080013f5   Thumb Code    56  os_multi_core.o(i.OSMultiSemInit)
    OSMultiTaskInit                          0x08001445   Thumb Code    64  os_multi_core.o(i.OSMultiTaskInit)
    OSQCreate                                0x0800149d   Thumb Code   170  os_q.o(i.OSQCreate)
    OSQPend                                  0x08001559   Thumb Code   318  os_q.o(i.OSQPend)
    OSQPost                                  0x080016a5   Thumb Code   138  os_q.o(i.OSQPost)
    OSSemCreate                              0x08001731   Thumb Code    82  os_sem.o(i.OSSemCreate)
    OSSemPend                                0x08001791   Thumb Code   266  os_sem.o(i.OSSemPend)
    OSSemPost                                0x080018a9   Thumb Code   112  os_sem.o(i.OSSemPost)
    OSStart                                  0x08001919   Thumb Code    48  os_core.o(i.OSStart)
    OSTCBInitHook                            0x08001961   Thumb Code    12  os_cpu_c.o(i.OSTCBInitHook)
    OSTaskCreate                             0x0800196d   Thumb Code   198  os_task.o(i.OSTaskCreate)
    OSTaskCreateExt                          0x08001a41   Thumb Code   216  os_task.o(i.OSTaskCreateExt)
    OSTaskCreateHook                         0x08001b25   Thumb Code    12  os_cpu_c.o(i.OSTaskCreateHook)
    OSTaskDel                                0x08001b31   Thumb Code   346  os_task.o(i.OSTaskDel)
    OSTaskDelHook                            0x08001cb9   Thumb Code    12  os_cpu_c.o(i.OSTaskDelHook)
    OSTaskIdleHook                           0x08001cc5   Thumb Code     8  os_cpu_c.o(i.OSTaskIdleHook)
    OSTaskNameSet                            0x08001ccd   Thumb Code   138  os_task.o(i.OSTaskNameSet)
    OSTaskResume                             0x08001d65   Thumb Code   196  os_task.o(i.OSTaskResume)
    OSTaskReturnHook                         0x08001e39   Thumb Code    12  os_cpu_c.o(i.OSTaskReturnHook)
    OSTaskStkInit                            0x08001e45   Thumb Code   170  os_cpu_c.o(i.OSTaskStkInit)
    OSTaskSuspend                            0x08001ef5   Thumb Code   190  os_task.o(i.OSTaskSuspend)
    OSTaskSwHook                             0x08001fc5   Thumb Code     8  os_cpu_c.o(i.OSTaskSwHook)
    OSTimeDly                                0x08001fcd   Thumb Code   110  os_time.o(i.OSTimeDly)
    OSTimeTick                               0x08002051   Thumb Code   450  os_core.o(i.OSTimeTick)
    OSTimeTickHook                           0x0800223d   Thumb Code     8  os_cpu_c.o(i.OSTimeTickHook)
    OS_CoreIDInit                            0x08002245   Thumb Code     6  os_multi_core.o(i.OS_CoreIDInit)
    OS_Data_Transfer_Switch_Callback         0x08002251   Thumb Code    68  main.o(i.OS_Data_Transfer_Switch_Callback)
    OS_Dummy                                 0x080022ed   Thumb Code     2  os_core.o(i.OS_Dummy)
    OS_EventTaskRdy                          0x080022f1   Thumb Code   132  os_core.o(i.OS_EventTaskRdy)
    OS_EventTaskRemove                       0x08002385   Thumb Code    46  os_core.o(i.OS_EventTaskRemove)
    OS_EventTaskRemoveMulti                  0x080023b3   Thumb Code    58  os_core.o(i.OS_EventTaskRemoveMulti)
    OS_EventTaskWait                         0x080023ed   Thumb Code   112  os_core.o(i.OS_EventTaskWait)
    OS_EventWaitListInit                     0x08002469   Thumb Code    28  os_core.o(i.OS_EventWaitListInit)
    OS_FlagInit                              0x08002485   Thumb Code    74  os_flag.o(i.OS_FlagInit)
    OS_FlagUnlink                            0x080024dd   Thumb Code    36  os_flag.o(i.OS_FlagUnlink)
    OS_GetCpuUsage                           0x08002501   Thumb Code    54  os_multi_core.o(i.OS_GetCpuUsage)
    OS_GetStackData                          0x08002537   Thumb Code    60  os_multi_core.o(i.OS_GetStackData)
    OS_GetVariableData                       0x08002573   Thumb Code   102  os_multi_core.o(i.OS_GetVariableData)
    OS_IsBusy                                0x08002785   Thumb Code    54  os_multi_core.o(i.OS_IsBusy)
    OS_MemClr                                0x080027bb   Thumb Code    18  os_core.o(i.OS_MemClr)
    OS_MemInit                               0x080027cd   Thumb Code    74  os_mem.o(i.OS_MemInit)
    OS_MultiCoreTaskInit                     0x08002825   Thumb Code    54  os_multi_core.o(i.OS_MultiCoreTaskInit)
    OS_Multi_Core_Data_Transfer              0x08002865   Thumb Code   230  os_multi_core.o(i.OS_Multi_Core_Data_Transfer)
    OS_Multi_Core_Sched                      0x08002969   Thumb Code   682  os_multi_core.o(i.OS_Multi_Core_Sched)
    OS_Multi_Core_Task_Suspend               0x08002c35   Thumb Code    80  os_multi_core.o(i.OS_Multi_Core_Task_Suspend)
    OS_MultipleTaskSW                        0x08002c95   Thumb Code    66  os_multi_core.o(i.OS_MultipleTaskSW)
    OS_QInit                                 0x08002cdd   Thumb Code    72  os_q.o(i.OS_QInit)
    OS_Read2                                 0x08002d2d   Thumb Code   362  os_multi_core.o(i.OS_Read2)
    OS_Sched                                 0x08002ea5   Thumb Code    98  os_core.o(i.OS_Sched)
    OS_SendStackData                         0x08002f51   Thumb Code    68  os_multi_core.o(i.OS_SendStackData)
    OS_SendVariableData                      0x08002f95   Thumb Code    84  os_multi_core.o(i.OS_SendVariableData)
    OS_TCBInit                               0x08002fe9   Thumb Code   352  os_core.o(i.OS_TCBInit)
    OS_TaskIdle                              0x08003165   Thumb Code    42  os_core.o(i.OS_TaskIdle)
    OS_TaskReturn                            0x08003195   Thumb Code    18  os_task.o(i.OS_TaskReturn)
    OS_TaskStkClr                            0x080031ad   Thumb Code    26  os_task.o(i.OS_TaskStkClr)
    OS_TaskSwitchRequest                     0x080031c7   Thumb Code    54  os_multi_core.o(i.OS_TaskSwitchRequest)
    OS_Write                                 0x080031fd   Thumb Code    28  os_multi_core.o(i.OS_Write)
    OS_Write2                                0x08003219   Thumb Code   268  os_multi_core.o(i.OS_Write2)
    PWM_Init                                 0x08003335   Thumb Code   202  pwm.o(i.PWM_Init)
    RCC_APB1PeriphClockCmd                   0x08003405   Thumb Code    26  stm32f10x_rcc.o(i.RCC_APB1PeriphClockCmd)
    RCC_APB1PeriphResetCmd                   0x08003425   Thumb Code    26  stm32f10x_rcc.o(i.RCC_APB1PeriphResetCmd)
    RCC_APB2PeriphClockCmd                   0x08003445   Thumb Code    26  stm32f10x_rcc.o(i.RCC_APB2PeriphClockCmd)
    RCC_GetClocksFreq                        0x08003465   Thumb Code   192  stm32f10x_rcc.o(i.RCC_GetClocksFreq)
    SVC_Handler                              0x08003539   Thumb Code     2  stm32f10x_it.o(i.SVC_Handler)
    Send_Data_Finished_RXNE_Handler          0x0800353d   Thumb Code     8  i2c.o(i.Send_Data_Finished_RXNE_Handler)
    Send_Data_Finished_TXE_Handler           0x08003549   Thumb Code     2  i2c.o(i.Send_Data_Finished_TXE_Handler)
    Send_Stack_Data_RXNE_Handler             0x0800354d   Thumb Code   112  i2c.o(i.Send_Stack_Data_RXNE_Handler)
    Send_Stack_Data_TXE_Handler              0x080035d1   Thumb Code     2  i2c.o(i.Send_Stack_Data_TXE_Handler)
    Send_Variable_Data_RXNE_Handler          0x080035d5   Thumb Code   158  i2c.o(i.Send_Variable_Data_RXNE_Handler)
    Send_Variable_Data_TXE_Handler           0x08003689   Thumb Code     2  i2c.o(i.Send_Variable_Data_TXE_Handler)
    Serial_Init                              0x0800368d   Thumb Code   174  serial.o(i.Serial_Init)
    Serial_SendByte                          0x08003745   Thumb Code    28  serial.o(i.Serial_SendByte)
    Serial_SendString                        0x08003765   Thumb Code    26  serial.o(i.Serial_SendString)
    Slave_GPIO_Init                          0x08003869   Thumb Code    50  gpio.o(i.Slave_GPIO_Init)
    SysTick_Handler                          0x080038a1   Thumb Code    38  os_cpu_c.o(i.SysTick_Handler)
    SystemInit                               0x080038c9   Thumb Code    78  system_stm32f10x.o(i.SystemInit)
    TIM_Cmd                                  0x08003929   Thumb Code    24  stm32f10x_tim.o(i.TIM_Cmd)
    TIM_CtrlPWMOutputs                       0x08003941   Thumb Code    30  stm32f10x_tim.o(i.TIM_CtrlPWMOutputs)
    TIM_InternalClockConfig                  0x0800395f   Thumb Code    12  stm32f10x_tim.o(i.TIM_InternalClockConfig)
    TIM_OC1Init                              0x0800396d   Thumb Code   132  stm32f10x_tim.o(i.TIM_OC1Init)
    TIM_OC2Init                              0x08003a05   Thumb Code   154  stm32f10x_tim.o(i.TIM_OC2Init)
    TIM_OC3Init                              0x08003aa9   Thumb Code   150  stm32f10x_tim.o(i.TIM_OC3Init)
    TIM_OC4Init                              0x08003b49   Thumb Code   114  stm32f10x_tim.o(i.TIM_OC4Init)
    TIM_OCStructInit                         0x08003bc5   Thumb Code    20  stm32f10x_tim.o(i.TIM_OCStructInit)
    TIM_TimeBaseInit                         0x08003bd9   Thumb Code   122  stm32f10x_tim.o(i.TIM_TimeBaseInit)
    Task_Switch_Request_RXNE_Handler         0x08003c7d   Thumb Code    82  i2c.o(i.Task_Switch_Request_RXNE_Handler)
    Task_Switch_Request_TXE_Handler          0x08003ce1   Thumb Code    80  i2c.o(i.Task_Switch_Request_TXE_Handler)
    USART1_IRQHandler                        0x08003d3d   Thumb Code    44  serial.o(i.USART1_IRQHandler)
    USART_ClearITPendingBit                  0x08003d75   Thumb Code    30  stm32f10x_usart.o(i.USART_ClearITPendingBit)
    USART_Cmd                                0x08003d93   Thumb Code    24  stm32f10x_usart.o(i.USART_Cmd)
    USART_GetFlagStatus                      0x08003dab   Thumb Code    26  stm32f10x_usart.o(i.USART_GetFlagStatus)
    USART_GetITStatus                        0x08003dc5   Thumb Code    84  stm32f10x_usart.o(i.USART_GetITStatus)
    USART_ITConfig                           0x08003e19   Thumb Code    74  stm32f10x_usart.o(i.USART_ITConfig)
    USART_Init                               0x08003e65   Thumb Code   210  stm32f10x_usart.o(i.USART_Init)
    USART_ReceiveData                        0x08003f3d   Thumb Code    10  stm32f10x_usart.o(i.USART_ReceiveData)
    USART_SendData                           0x08003f47   Thumb Code     8  stm32f10x_usart.o(i.USART_SendData)
    UsageFault_Handler                       0x08003f4f   Thumb Code     4  stm32f10x_it.o(i.UsageFault_Handler)
    _is_digit                                0x08003f53   Thumb Code    14  __printf_wp.o(i._is_digit)
    main                                     0x08003f61   Thumb Code   100  main.o(i.main)
    OSUnMapTbl                               0x08003fd4   Data         256  os_core.o(.constdata)
    Region$$Table$$Base                      0x080040e8   Number         0  anon$$obj.o(Region$$Table)
    Region$$Table$$Limit                     0x08004108   Number         0  anon$$obj.o(Region$$Table)
    Serial_RxData                            0x20000014   Data           1  serial.o(.data)
    Serial_RxFlag                            0x20000015   Data           1  serial.o(.data)
    i2c_state                                0x20000018   Data           1  i2c.o(.data)
    tempData                                 0x2000002a   Data           9  main.o(.data)
    Data                                     0x20000033   Data           9  main.o(.data)
    OS_CPU_ExceptStkBase                     0x2000003c   Data           4  os_cpu_c.o(.data)
    OS_KA_BASEPRI_Boundary                   0x20000040   Data           4  os_cpu_c.o(.data)
    OSCtxSwCtr                               0x20000044   Data           4  os_core.o(.data)
    OSEventFreeList                          0x20000048   Data           4  os_core.o(.data)
    OSFlagFreeList                           0x2000004c   Data           4  os_core.o(.data)
    OSIntNesting                             0x20000050   Data           1  os_core.o(.data)
    OSLockNesting                            0x20000051   Data           1  os_core.o(.data)
    OSPrioCur                                0x20000052   Data           1  os_core.o(.data)
    OSPrioHighRdy                            0x20000053   Data           1  os_core.o(.data)
    OSRdyGrp                                 0x20000054   Data           1  os_core.o(.data)
    OSRdyTbl                                 0x20000055   Data           8  os_core.o(.data)
    OSRunning                                0x2000005d   Data           1  os_core.o(.data)
    OSTaskCtr                                0x2000005e   Data           1  os_core.o(.data)
    OSIdleCtr                                0x20000060   Data           4  os_core.o(.data)
    OSTCBCur                                 0x20000064   Data           4  os_core.o(.data)
    OSTCBFreeList                            0x20000068   Data           4  os_core.o(.data)
    OSTCBHighRdy                             0x2000006c   Data           4  os_core.o(.data)
    OSTCBList                                0x20000070   Data           4  os_core.o(.data)
    OSTickStepState                          0x20000074   Data           1  os_core.o(.data)
    OSMemFreeList                            0x20000078   Data           4  os_core.o(.data)
    OSQFreeList                              0x2000007c   Data           4  os_core.o(.data)
    OSTaskRegNextAvailID                     0x20000080   Data           1  os_core.o(.data)
    OSTime                                   0x20000084   Data           4  os_core.o(.data)
    OSCoreID                                 0x20000088   Data           1  os_multi_core.o(.data)
    GetStackSem                              0x2000008c   Data           4  os_multi_core.o(.data)
    SendDataSem                              0x20000090   Data           4  os_multi_core.o(.data)
    TaskSuspendSem                           0x20000094   Data           4  os_multi_core.o(.data)
    DataTransferSem                          0x20000098   Data           4  os_multi_core.o(.data)
    DataTransferQueue                        0x2000009c   Data           4  os_multi_core.o(.data)
    OSDevAddrs                               0x200000a0   Data           3  os_multi_core.o(.data)
    OSDevNums                                0x200000a3   Data           1  os_multi_core.o(.data)
    OSMinCountPrio                           0x200000a4   Data           1  os_multi_core.o(.data)
    OSMinCount                               0x200000a6   Data           2  os_multi_core.o(.data)
    total_count                              0x200000a8   Data           4  os_multi_core.o(.data)
    OSSuspendTaskPrio                        0x200000ac   Data           1  os_multi_core.o(.data)
    iflag                                    0x200000b0   Data          32  i2c.o(.bss)
    str                                      0x200000d0   Data         512  main.o(.bss)
    Task_PWM_Led_STK1                        0x200002d0   Data         512  main.o(.bss)
    Task_PWM_Led_STK2                        0x200004d0   Data         512  main.o(.bss)
    Task_PWM_Led_STK3                        0x200006d0   Data         512  main.o(.bss)
    Task_PWM_Led_STK4                        0x200008d0   Data         512  main.o(.bss)
    Task_Serial_STK                          0x20000ad0   Data         512  main.o(.bss)
    T                                        0x20000cd0   Data         512  main.o(.bss)
    OS_CPU_ExceptStk                         0x20000ed0   Data        1024  os_cpu_c.o(.bss)
    OSEventTbl                               0x200012d0   Data         240  os_core.o(.bss)
    OSFlagTbl                                0x200013c0   Data          80  os_core.o(.bss)
    OSTaskIdleStk                            0x20001410   Data         512  os_core.o(.bss)
    OSTCBPrioTbl                             0x20001610   Data         256  os_core.o(.bss)
    OSTCBTbl                                 0x20001710   Data        2352  os_core.o(.bss)
    OSMemTbl                                 0x20002040   Data         120  os_core.o(.bss)
    OSQTbl                                   0x200020b8   Data          96  os_core.o(.bss)
    QueueTbl                                 0x20002118   Data          24  os_multi_core.o(.bss)
    Task_Switch_Buffer                       0x20002130   Data         512  os_multi_core.o(.bss)
    Data_Transfer_Buffer                     0x20002330   Data         512  os_multi_core.o(.bss)
    Task_Multi_Core_Sched_STK                0x20002530   Data         512  os_multi_core.o(.bss)
    Task_Multi_Core_Suspend_STK              0x20002730   Data         512  os_multi_core.o(.bss)
    Task_Multi_Core_Data_Transfer_STK        0x20002930   Data         512  os_multi_core.o(.bss)
    __libspace_start                         0x20002b30   Data          96  libspace.o(.bss)
    __temporary_stack_top$libspace           0x20002b90   Data           0  libspace.o(.bss)



==============================================================================

Memory Map of the image

  Image Entry point : 0x080000ed

  Load Region LR_IROM1 (Base: 0x08000000, Size: 0x000041b8, Max: 0x00010000, ABSOLUTE)

    Execution Region ER_IROM1 (Exec base: 0x08000000, Load base: 0x08000000, Size: 0x00004108, Max: 0x00010000, ABSOLUTE)

    Exec Addr    Load Addr    Size         Type   Attr      Idx    E Section Name        Object

    0x08000000   0x08000000   0x000000ec   Data   RO            3    RESET               startup_stm32f10x_md.o
    0x080000ec   0x080000ec   0x00000008   Code   RO         4940  * !!!main             c_w.l(__main.o)
    0x080000f4   0x080000f4   0x00000034   Code   RO         5212    !!!scatter          c_w.l(__scatter.o)
    0x08000128   0x08000128   0x0000001a   Code   RO         5214    !!handler_copy      c_w.l(__scatter_copy.o)
    0x08000142   0x08000142   0x00000002   PAD
    0x08000144   0x08000144   0x0000001c   Code   RO         5216    !!handler_zi        c_w.l(__scatter_zi.o)
    0x08000160   0x08000160   0x00000000   Code   RO         4935    .ARM.Collect$$_printf_percent$$00000000  c_w.l(_printf_percent.o)
    0x08000160   0x08000160   0x00000006   Code   RO         4934    .ARM.Collect$$_printf_percent$$0000000A  c_w.l(_printf_u.o)
    0x08000166   0x08000166   0x00000004   Code   RO         4976    .ARM.Collect$$_printf_percent$$00000017  c_w.l(_printf_percent_end.o)
    0x0800016a   0x0800016a   0x00000002   Code   RO         5072    .ARM.Collect$$libinit$$00000000  c_w.l(libinit.o)
    0x0800016c   0x0800016c   0x00000000   Code   RO         5089    .ARM.Collect$$libinit$$00000002  c_w.l(libinit2.o)
    0x0800016c   0x0800016c   0x00000000   Code   RO         5091    .ARM.Collect$$libinit$$00000004  c_w.l(libinit2.o)
    0x0800016c   0x0800016c   0x00000000   Code   RO         5094    .ARM.Collect$$libinit$$0000000A  c_w.l(libinit2.o)
    0x0800016c   0x0800016c   0x00000000   Code   RO         5096    .ARM.Collect$$libinit$$0000000C  c_w.l(libinit2.o)
    0x0800016c   0x0800016c   0x00000000   Code   RO         5098    .ARM.Collect$$libinit$$0000000E  c_w.l(libinit2.o)
    0x0800016c   0x0800016c   0x00000000   Code   RO         5101    .ARM.Collect$$libinit$$00000011  c_w.l(libinit2.o)
    0x0800016c   0x0800016c   0x00000000   Code   RO         5103    .ARM.Collect$$libinit$$00000013  c_w.l(libinit2.o)
    0x0800016c   0x0800016c   0x00000000   Code   RO         5105    .ARM.Collect$$libinit$$00000015  c_w.l(libinit2.o)
    0x0800016c   0x0800016c   0x00000000   Code   RO         5107    .ARM.Collect$$libinit$$00000017  c_w.l(libinit2.o)
    0x0800016c   0x0800016c   0x00000000   Code   RO         5109    .ARM.Collect$$libinit$$00000019  c_w.l(libinit2.o)
    0x0800016c   0x0800016c   0x00000000   Code   RO         5111    .ARM.Collect$$libinit$$0000001B  c_w.l(libinit2.o)
    0x0800016c   0x0800016c   0x00000000   Code   RO         5113    .ARM.Collect$$libinit$$0000001D  c_w.l(libinit2.o)
    0x0800016c   0x0800016c   0x00000000   Code   RO         5115    .ARM.Collect$$libinit$$0000001F  c_w.l(libinit2.o)
    0x0800016c   0x0800016c   0x00000000   Code   RO         5117    .ARM.Collect$$libinit$$00000021  c_w.l(libinit2.o)
    0x0800016c   0x0800016c   0x00000000   Code   RO         5119    .ARM.Collect$$libinit$$00000023  c_w.l(libinit2.o)
    0x0800016c   0x0800016c   0x00000000   Code   RO         5121    .ARM.Collect$$libinit$$00000025  c_w.l(libinit2.o)
    0x0800016c   0x0800016c   0x00000000   Code   RO         5125    .ARM.Collect$$libinit$$0000002C  c_w.l(libinit2.o)
    0x0800016c   0x0800016c   0x00000000   Code   RO         5127    .ARM.Collect$$libinit$$0000002E  c_w.l(libinit2.o)
    0x0800016c   0x0800016c   0x00000000   Code   RO         5129    .ARM.Collect$$libinit$$00000030  c_w.l(libinit2.o)
    0x0800016c   0x0800016c   0x00000000   Code   RO         5131    .ARM.Collect$$libinit$$00000032  c_w.l(libinit2.o)
    0x0800016c   0x0800016c   0x00000002   Code   RO         5132    .ARM.Collect$$libinit$$00000033  c_w.l(libinit2.o)
    0x0800016e   0x0800016e   0x00000002   Code   RO         5152    .ARM.Collect$$libshutdown$$00000000  c_w.l(libshutdown.o)
    0x08000170   0x08000170   0x00000000   Code   RO         5165    .ARM.Collect$$libshutdown$$00000002  c_w.l(libshutdown2.o)
    0x08000170   0x08000170   0x00000000   Code   RO         5167    .ARM.Collect$$libshutdown$$00000004  c_w.l(libshutdown2.o)
    0x08000170   0x08000170   0x00000000   Code   RO         5170    .ARM.Collect$$libshutdown$$00000007  c_w.l(libshutdown2.o)
    0x08000170   0x08000170   0x00000000   Code   RO         5173    .ARM.Collect$$libshutdown$$0000000A  c_w.l(libshutdown2.o)
    0x08000170   0x08000170   0x00000000   Code   RO         5175    .ARM.Collect$$libshutdown$$0000000C  c_w.l(libshutdown2.o)
    0x08000170   0x08000170   0x00000000   Code   RO         5178    .ARM.Collect$$libshutdown$$0000000F  c_w.l(libshutdown2.o)
    0x08000170   0x08000170   0x00000002   Code   RO         5179    .ARM.Collect$$libshutdown$$00000010  c_w.l(libshutdown2.o)
    0x08000172   0x08000172   0x00000000   Code   RO         4942    .ARM.Collect$$rtentry$$00000000  c_w.l(__rtentry.o)
    0x08000172   0x08000172   0x00000000   Code   RO         4997    .ARM.Collect$$rtentry$$00000002  c_w.l(__rtentry2.o)
    0x08000172   0x08000172   0x00000006   Code   RO         5009    .ARM.Collect$$rtentry$$00000004  c_w.l(__rtentry4.o)
    0x08000178   0x08000178   0x00000000   Code   RO         4999    .ARM.Collect$$rtentry$$00000009  c_w.l(__rtentry2.o)
    0x08000178   0x08000178   0x00000004   Code   RO         5000    .ARM.Collect$$rtentry$$0000000A  c_w.l(__rtentry2.o)
    0x0800017c   0x0800017c   0x00000000   Code   RO         5002    .ARM.Collect$$rtentry$$0000000C  c_w.l(__rtentry2.o)
    0x0800017c   0x0800017c   0x00000008   Code   RO         5003    .ARM.Collect$$rtentry$$0000000D  c_w.l(__rtentry2.o)
    0x08000184   0x08000184   0x00000002   Code   RO         5081    .ARM.Collect$$rtexit$$00000000  c_w.l(rtexit.o)
    0x08000186   0x08000186   0x00000000   Code   RO         5134    .ARM.Collect$$rtexit$$00000002  c_w.l(rtexit2.o)
    0x08000186   0x08000186   0x00000004   Code   RO         5135    .ARM.Collect$$rtexit$$00000003  c_w.l(rtexit2.o)
    0x0800018a   0x0800018a   0x00000006   Code   RO         5136    .ARM.Collect$$rtexit$$00000004  c_w.l(rtexit2.o)
    0x08000190   0x08000190   0x00000040   Code   RO            4    .text               startup_stm32f10x_md.o
    0x080001d0   0x080001d0   0x000001a8   Code   RO         3928    .text               os_cpu_a.o
    0x08000378   0x08000378   0x0000002c   Code   RO         4881    .text               c_w.l(__2sprintf.o)
    0x080003a4   0x080003a4   0x00000078   Code   RO         4889    .text               c_w.l(_printf_dec.o)
    0x0800041c   0x0800041c   0x00000188   Code   RO         4929    .text               c_w.l(__printf_flags_ss_wp.o)
    0x080005a4   0x080005a4   0x0000008a   Code   RO         4936    .text               c_w.l(rt_memcpy_v6.o)
    0x0800062e   0x0800062e   0x00000006   Code   RO         4938    .text               c_w.l(heapauxi.o)
    0x08000634   0x08000634   0x000000b2   Code   RO         4947    .text               c_w.l(_printf_intcommon.o)
    0x080006e6   0x080006e6   0x00000002   PAD
    0x080006e8   0x080006e8   0x00000030   Code   RO         4951    .text               c_w.l(_printf_char_common.o)
    0x08000718   0x08000718   0x0000000a   Code   RO         4953    .text               c_w.l(_sputc.o)
    0x08000722   0x08000722   0x00000064   Code   RO         4986    .text               c_w.l(rt_memcpy_w.o)
    0x08000786   0x08000786   0x0000004a   Code   RO         5026    .text               c_w.l(sys_stackheap_outer.o)
    0x080007d0   0x080007d0   0x00000012   Code   RO         5065    .text               c_w.l(exit.o)
    0x080007e2   0x080007e2   0x00000002   PAD
    0x080007e4   0x080007e4   0x00000008   Code   RO         5078    .text               c_w.l(libspace.o)
    0x080007ec   0x080007ec   0x0000000c   Code   RO         5144    .text               c_w.l(sys_exit.o)
    0x080007f8   0x080007f8   0x00000002   Code   RO         5155    .text               c_w.l(use_no_semi.o)
    0x080007fa   0x080007fa   0x00000000   Code   RO         5157    .text               c_w.l(indicate_semi.o)
    0x080007fa   0x080007fa   0x00000002   Code   RO         3874    i.App_TCBInitHook   app_hooks.o
    0x080007fc   0x080007fc   0x00000002   Code   RO         3875    i.App_TaskCreateHook  app_hooks.o
    0x080007fe   0x080007fe   0x00000002   Code   RO         3876    i.App_TaskDelHook   app_hooks.o
    0x08000800   0x08000800   0x00000002   Code   RO         3877    i.App_TaskIdleHook  app_hooks.o
    0x08000802   0x08000802   0x00000002   Code   RO         3878    i.App_TaskReturnHook  app_hooks.o
    0x08000804   0x08000804   0x00000002   Code   RO         3880    i.App_TaskSwHook    app_hooks.o
    0x08000806   0x08000806   0x00000002   Code   RO         3881    i.App_TimeTickHook  app_hooks.o
    0x08000808   0x08000808   0x00000004   Code   RO         3823    i.BusFault_Handler  stm32f10x_it.o
    0x0800080c   0x0800080c   0x0000001c   Code   RO         3515    i.Clear_Flag        i2c.o
    0x08000828   0x08000828   0x00000002   Code   RO         3824    i.DebugMon_Handler  stm32f10x_it.o
    0x0800082a   0x0800082a   0x00000002   PAD
    0x0800082c   0x0800082c   0x00000048   Code   RO         3700    i.EXTI15_10_IRQHandler  gpio.o
    0x08000874   0x08000874   0x0000000c   Code   RO          985    i.EXTI_ClearITPendingBit  stm32f10x_exti.o
    0x08000880   0x08000880   0x00000028   Code   RO          989    i.EXTI_GetITStatus  stm32f10x_exti.o
    0x080008a8   0x080008a8   0x00000002   Code   RO         3701    i.GPIO_EXTI_Init    gpio.o
    0x080008aa   0x080008aa   0x00000116   Code   RO         1347    i.GPIO_Init         stm32f10x_gpio.o
    0x080009c0   0x080009c0   0x00000004   Code   RO         1354    i.GPIO_ResetBits    stm32f10x_gpio.o
    0x080009c4   0x080009c4   0x00000002   Code   RO         3516    i.Get_CPU_Usage_RXNE_Handler  i2c.o
    0x080009c6   0x080009c6   0x00000002   PAD
    0x080009c8   0x080009c8   0x00000068   Code   RO         3517    i.Get_CPU_Usage_TXE_Handler  i2c.o
    0x08000a30   0x08000a30   0x00000058   Code   RO         3518    i.Get_Stack_Data_RXNE_Handler  i2c.o
    0x08000a88   0x08000a88   0x00000058   Code   RO         3519    i.Get_Stack_Data_TXE_Handler  i2c.o
    0x08000ae0   0x08000ae0   0x00000002   Code   RO         3520    i.Get_Variable_Data_RXNE_Handler  i2c.o
    0x08000ae2   0x08000ae2   0x00000002   PAD
    0x08000ae4   0x08000ae4   0x00000094   Code   RO         3521    i.Get_Variable_Data_TXE_Handler  i2c.o
    0x08000b78   0x08000b78   0x00000004   Code   RO         3825    i.HardFault_Handler  stm32f10x_it.o
    0x08000b7c   0x08000b7c   0x00000094   Code   RO         3522    i.I2C2_ER_IRQHandler  i2c.o
    0x08000c10   0x08000c10   0x00000178   Code   RO         3523    i.I2C2_EV_IRQHandler  i2c.o
    0x08000d88   0x08000d88   0x00000078   Code   RO         3524    i.I2C2_Master_Init  i2c.o
    0x08000e00   0x08000e00   0x000000dc   Code   RO         3526    i.I2C2_Slave_Init   i2c.o
    0x08000edc   0x08000edc   0x000000e0   Code   RO         3527    i.I2C2_Write        i2c.o
    0x08000fbc   0x08000fbc   0x00000018   Code   RO         1459    i.I2C_AcknowledgeConfig  stm32f10x_i2c.o
    0x08000fd4   0x08000fd4   0x0000002a   Code   RO         1461    i.I2C_CheckEvent    stm32f10x_i2c.o
    0x08000ffe   0x08000ffe   0x0000000c   Code   RO         1463    i.I2C_ClearITPendingBit  stm32f10x_i2c.o
    0x0800100a   0x0800100a   0x00000018   Code   RO         1464    i.I2C_Cmd           stm32f10x_i2c.o
    0x08001022   0x08001022   0x0000001a   Code   RO         3528    i.I2C_Flag_Init     i2c.o
    0x0800103c   0x0800103c   0x00000018   Code   RO         1471    i.I2C_GenerateSTART  stm32f10x_i2c.o
    0x08001054   0x08001054   0x00000018   Code   RO         1472    i.I2C_GenerateSTOP  stm32f10x_i2c.o
    0x0800106c   0x0800106c   0x00000026   Code   RO         1474    i.I2C_GetITStatus   stm32f10x_i2c.o
    0x08001092   0x08001092   0x00000012   Code   RO         1477    i.I2C_ITConfig      stm32f10x_i2c.o
    0x080010a4   0x080010a4   0x000000ec   Code   RO         1478    i.I2C_Init          stm32f10x_i2c.o
    0x08001190   0x08001190   0x00000008   Code   RO         1483    i.I2C_ReceiveData   stm32f10x_i2c.o
    0x08001198   0x08001198   0x00000012   Code   RO         1485    i.I2C_Send7bitAddress  stm32f10x_i2c.o
    0x080011aa   0x080011aa   0x00000004   Code   RO         1486    i.I2C_SendData      stm32f10x_i2c.o
    0x080011ae   0x080011ae   0x00000002   Code   RO         3529    i.Is_Busy_RXNE_Handler  i2c.o
    0x080011b0   0x080011b0   0x00000048   Code   RO         3530    i.Is_Busy_TXE_Handler  i2c.o
    0x080011f8   0x080011f8   0x00000004   Code   RO         3826    i.MemManage_Handler  stm32f10x_it.o
    0x080011fc   0x080011fc   0x00000002   Code   RO         3827    i.NMI_Handler       stm32f10x_it.o
    0x080011fe   0x080011fe   0x00000002   PAD
    0x08001200   0x08001200   0x00000070   Code   RO          137    i.NVIC_Init         misc.o
    0x08001270   0x08001270   0x00000014   Code   RO          138    i.NVIC_PriorityGroupConfig  misc.o
    0x08001284   0x08001284   0x00000044   Code   RO         4023    i.OSInit            os_core.o
    0x080012c8   0x080012c8   0x0000003c   Code   RO         3931    i.OSInitHookBegin   os_cpu_c.o
    0x08001304   0x08001304   0x00000002   Code   RO         3932    i.OSInitHookEnd     os_cpu_c.o
    0x08001306   0x08001306   0x00000002   PAD
    0x08001308   0x08001308   0x00000024   Code   RO         4024    i.OSIntEnter        os_core.o
    0x0800132c   0x0800132c   0x0000009c   Code   RO         4025    i.OSIntExit         os_core.o
    0x080013c8   0x080013c8   0x0000002c   Code   RO         4728    i.OSMultiHardwareInit  os_multi_core.o
    0x080013f4   0x080013f4   0x00000050   Code   RO         4729    i.OSMultiSemInit    os_multi_core.o
    0x08001444   0x08001444   0x00000058   Code   RO         4730    i.OSMultiTaskInit   os_multi_core.o
    0x0800149c   0x0800149c   0x000000bc   Code   RO         4456    i.OSQCreate         os_q.o
    0x08001558   0x08001558   0x0000014c   Code   RO         4459    i.OSQPend           os_q.o
    0x080016a4   0x080016a4   0x0000008a   Code   RO         4461    i.OSQPost           os_q.o
    0x0800172e   0x0800172e   0x00000002   PAD
    0x08001730   0x08001730   0x00000060   Code   RO         4528    i.OSSemCreate       os_sem.o
    0x08001790   0x08001790   0x00000118   Code   RO         4530    i.OSSemPend         os_sem.o
    0x080018a8   0x080018a8   0x00000070   Code   RO         4532    i.OSSemPost         os_sem.o
    0x08001918   0x08001918   0x00000048   Code   RO         4028    i.OSStart           os_core.o
    0x08001960   0x08001960   0x0000000c   Code   RO         3933    i.OSTCBInitHook     os_cpu_c.o
    0x0800196c   0x0800196c   0x000000d4   Code   RO         4582    i.OSTaskCreate      os_task.o
    0x08001a40   0x08001a40   0x000000e4   Code   RO         4583    i.OSTaskCreateExt   os_task.o
    0x08001b24   0x08001b24   0x0000000c   Code   RO         3934    i.OSTaskCreateHook  os_cpu_c.o
    0x08001b30   0x08001b30   0x00000188   Code   RO         4584    i.OSTaskDel         os_task.o
    0x08001cb8   0x08001cb8   0x0000000c   Code   RO         3935    i.OSTaskDelHook     os_cpu_c.o
    0x08001cc4   0x08001cc4   0x00000008   Code   RO         3936    i.OSTaskIdleHook    os_cpu_c.o
    0x08001ccc   0x08001ccc   0x00000098   Code   RO         4587    i.OSTaskNameSet     os_task.o
    0x08001d64   0x08001d64   0x000000d4   Code   RO         4592    i.OSTaskResume      os_task.o
    0x08001e38   0x08001e38   0x0000000c   Code   RO         3937    i.OSTaskReturnHook  os_cpu_c.o
    0x08001e44   0x08001e44   0x000000b0   Code   RO         3939    i.OSTaskStkInit     os_cpu_c.o
    0x08001ef4   0x08001ef4   0x000000d0   Code   RO         4594    i.OSTaskSuspend     os_task.o
    0x08001fc4   0x08001fc4   0x00000008   Code   RO         3940    i.OSTaskSwHook      os_cpu_c.o
    0x08001fcc   0x08001fcc   0x00000084   Code   RO         4683    i.OSTimeDly         os_time.o
    0x08002050   0x08002050   0x000001ec   Code   RO         4029    i.OSTimeTick        os_core.o
    0x0800223c   0x0800223c   0x00000008   Code   RO         3941    i.OSTimeTickHook    os_cpu_c.o
    0x08002244   0x08002244   0x0000000c   Code   RO         4731    i.OS_CoreIDInit     os_multi_core.o
    0x08002250   0x08002250   0x0000009c   Code   RO         3736    i.OS_Data_Transfer_Switch_Callback  main.o
    0x080022ec   0x080022ec   0x00000002   Code   RO         4031    i.OS_Dummy          os_core.o
    0x080022ee   0x080022ee   0x00000002   PAD
    0x080022f0   0x080022f0   0x00000094   Code   RO         4032    i.OS_EventTaskRdy   os_core.o
    0x08002384   0x08002384   0x0000002e   Code   RO         4033    i.OS_EventTaskRemove  os_core.o
    0x080023b2   0x080023b2   0x0000003a   Code   RO         4034    i.OS_EventTaskRemoveMulti  os_core.o
    0x080023ec   0x080023ec   0x0000007c   Code   RO         4035    i.OS_EventTaskWait  os_core.o
    0x08002468   0x08002468   0x0000001c   Code   RO         4037    i.OS_EventWaitListInit  os_core.o
    0x08002484   0x08002484   0x00000058   Code   RO         4234    i.OS_FlagInit       os_flag.o
    0x080024dc   0x080024dc   0x00000024   Code   RO         4236    i.OS_FlagUnlink     os_flag.o
    0x08002500   0x08002500   0x00000036   Code   RO         4733    i.OS_GetCpuUsage    os_multi_core.o
    0x08002536   0x08002536   0x0000003c   Code   RO         4734    i.OS_GetStackData   os_multi_core.o
    0x08002572   0x08002572   0x00000066   Code   RO         4735    i.OS_GetVariableData  os_multi_core.o
    0x080025d8   0x080025d8   0x00000060   Code   RO         4038    i.OS_InitEventList  os_core.o
    0x08002638   0x08002638   0x00000044   Code   RO         4039    i.OS_InitMisc       os_core.o
    0x0800267c   0x0800267c   0x00000044   Code   RO         4040    i.OS_InitRdyList    os_core.o
    0x080026c0   0x080026c0   0x00000074   Code   RO         4041    i.OS_InitTCBList    os_core.o
    0x08002734   0x08002734   0x00000050   Code   RO         4042    i.OS_InitTaskIdle   os_core.o
    0x08002784   0x08002784   0x00000036   Code   RO         4736    i.OS_IsBusy         os_multi_core.o
    0x080027ba   0x080027ba   0x00000012   Code   RO         4043    i.OS_MemClr         os_core.o
    0x080027cc   0x080027cc   0x00000058   Code   RO         4366    i.OS_MemInit        os_mem.o
    0x08002824   0x08002824   0x00000040   Code   RO         4737    i.OS_MultiCoreTaskInit  os_multi_core.o
    0x08002864   0x08002864   0x00000104   Code   RO         4738    i.OS_Multi_Core_Data_Transfer  os_multi_core.o
    0x08002968   0x08002968   0x000002cc   Code   RO         4739    i.OS_Multi_Core_Sched  os_multi_core.o
    0x08002c34   0x08002c34   0x00000060   Code   RO         4740    i.OS_Multi_Core_Task_Suspend  os_multi_core.o
    0x08002c94   0x08002c94   0x00000048   Code   RO         4741    i.OS_MultipleTaskSW  os_multi_core.o
    0x08002cdc   0x08002cdc   0x00000050   Code   RO         4465    i.OS_QInit          os_q.o
    0x08002d2c   0x08002d2c   0x00000178   Code   RO         4743    i.OS_Read2          os_multi_core.o
    0x08002ea4   0x08002ea4   0x00000080   Code   RO         4045    i.OS_Sched          os_core.o
    0x08002f24   0x08002f24   0x0000002c   Code   RO         4046    i.OS_SchedNew       os_core.o
    0x08002f50   0x08002f50   0x00000044   Code   RO         4745    i.OS_SendStackData  os_multi_core.o
    0x08002f94   0x08002f94   0x00000054   Code   RO         4746    i.OS_SendVariableData  os_multi_core.o
    0x08002fe8   0x08002fe8   0x0000017c   Code   RO         4048    i.OS_TCBInit        os_core.o
    0x08003164   0x08003164   0x00000030   Code   RO         4049    i.OS_TaskIdle       os_core.o
    0x08003194   0x08003194   0x00000018   Code   RO         4595    i.OS_TaskReturn     os_task.o
    0x080031ac   0x080031ac   0x0000001a   Code   RO         4596    i.OS_TaskStkClr     os_task.o
    0x080031c6   0x080031c6   0x00000036   Code   RO         4747    i.OS_TaskSwitchRequest  os_multi_core.o
    0x080031fc   0x080031fc   0x0000001c   Code   RO         4748    i.OS_Write          os_multi_core.o
    0x08003218   0x08003218   0x0000011c   Code   RO         4749    i.OS_Write2         os_multi_core.o
    0x08003334   0x08003334   0x000000d0   Code   RO         3397    i.PWM_Init          pwm.o
    0x08003404   0x08003404   0x00000020   Code   RO         1775    i.RCC_APB1PeriphClockCmd  stm32f10x_rcc.o
    0x08003424   0x08003424   0x00000020   Code   RO         1776    i.RCC_APB1PeriphResetCmd  stm32f10x_rcc.o
    0x08003444   0x08003444   0x00000020   Code   RO         1777    i.RCC_APB2PeriphClockCmd  stm32f10x_rcc.o
    0x08003464   0x08003464   0x000000d4   Code   RO         1785    i.RCC_GetClocksFreq  stm32f10x_rcc.o
    0x08003538   0x08003538   0x00000002   Code   RO         3828    i.SVC_Handler       stm32f10x_it.o
    0x0800353a   0x0800353a   0x00000002   PAD
    0x0800353c   0x0800353c   0x0000000c   Code   RO         3531    i.Send_Data_Finished_RXNE_Handler  i2c.o
    0x08003548   0x08003548   0x00000002   Code   RO         3532    i.Send_Data_Finished_TXE_Handler  i2c.o
    0x0800354a   0x0800354a   0x00000002   PAD
    0x0800354c   0x0800354c   0x00000084   Code   RO         3533    i.Send_Stack_Data_RXNE_Handler  i2c.o
    0x080035d0   0x080035d0   0x00000002   Code   RO         3534    i.Send_Stack_Data_TXE_Handler  i2c.o
    0x080035d2   0x080035d2   0x00000002   PAD
    0x080035d4   0x080035d4   0x000000b4   Code   RO         3535    i.Send_Variable_Data_RXNE_Handler  i2c.o
    0x08003688   0x08003688   0x00000002   Code   RO         3536    i.Send_Variable_Data_TXE_Handler  i2c.o
    0x0800368a   0x0800368a   0x00000002   PAD
    0x0800368c   0x0800368c   0x000000b8   Code   RO         3435    i.Serial_Init       serial.o
    0x08003744   0x08003744   0x00000020   Code   RO         3439    i.Serial_SendByte   serial.o
    0x08003764   0x08003764   0x0000001a   Code   RO         3441    i.Serial_SendString  serial.o
    0x0800377e   0x0800377e   0x00000008   Code   RO           24    i.SetSysClock       system_stm32f10x.o
    0x08003786   0x08003786   0x00000002   PAD
    0x08003788   0x08003788   0x000000e0   Code   RO           25    i.SetSysClockTo72   system_stm32f10x.o
    0x08003868   0x08003868   0x00000038   Code   RO         3702    i.Slave_GPIO_Init   gpio.o
    0x080038a0   0x080038a0   0x00000026   Code   RO         3942    i.SysTick_Handler   os_cpu_c.o
    0x080038c6   0x080038c6   0x00000002   PAD
    0x080038c8   0x080038c8   0x00000060   Code   RO           27    i.SystemInit        system_stm32f10x.o
    0x08003928   0x08003928   0x00000018   Code   RO         2421    i.TIM_Cmd           stm32f10x_tim.o
    0x08003940   0x08003940   0x0000001e   Code   RO         2423    i.TIM_CtrlPWMOutputs  stm32f10x_tim.o
    0x0800395e   0x0800395e   0x0000000c   Code   RO         2448    i.TIM_InternalClockConfig  stm32f10x_tim.o
    0x0800396a   0x0800396a   0x00000002   PAD
    0x0800396c   0x0800396c   0x00000098   Code   RO         2450    i.TIM_OC1Init       stm32f10x_tim.o
    0x08003a04   0x08003a04   0x000000a4   Code   RO         2455    i.TIM_OC2Init       stm32f10x_tim.o
    0x08003aa8   0x08003aa8   0x000000a0   Code   RO         2460    i.TIM_OC3Init       stm32f10x_tim.o
    0x08003b48   0x08003b48   0x0000007c   Code   RO         2465    i.TIM_OC4Init       stm32f10x_tim.o
    0x08003bc4   0x08003bc4   0x00000014   Code   RO         2468    i.TIM_OCStructInit  stm32f10x_tim.o
    0x08003bd8   0x08003bd8   0x000000a4   Code   RO         2492    i.TIM_TimeBaseInit  stm32f10x_tim.o
    0x08003c7c   0x08003c7c   0x00000064   Code   RO         3537    i.Task_Switch_Request_RXNE_Handler  i2c.o
    0x08003ce0   0x08003ce0   0x0000005c   Code   RO         3538    i.Task_Switch_Request_TXE_Handler  i2c.o
    0x08003d3c   0x08003d3c   0x00000038   Code   RO         3442    i.USART1_IRQHandler  serial.o
    0x08003d74   0x08003d74   0x0000001e   Code   RO         2957    i.USART_ClearITPendingBit  stm32f10x_usart.o
    0x08003d92   0x08003d92   0x00000018   Code   RO         2960    i.USART_Cmd         stm32f10x_usart.o
    0x08003daa   0x08003daa   0x0000001a   Code   RO         2963    i.USART_GetFlagStatus  stm32f10x_usart.o
    0x08003dc4   0x08003dc4   0x00000054   Code   RO         2964    i.USART_GetITStatus  stm32f10x_usart.o
    0x08003e18   0x08003e18   0x0000004a   Code   RO         2966    i.USART_ITConfig    stm32f10x_usart.o
    0x08003e62   0x08003e62   0x00000002   PAD
    0x08003e64   0x08003e64   0x000000d8   Code   RO         2967    i.USART_Init        stm32f10x_usart.o
    0x08003f3c   0x08003f3c   0x0000000a   Code   RO         2974    i.USART_ReceiveData  stm32f10x_usart.o
    0x08003f46   0x08003f46   0x00000008   Code   RO         2977    i.USART_SendData    stm32f10x_usart.o
    0x08003f4e   0x08003f4e   0x00000004   Code   RO         3829    i.UsageFault_Handler  stm32f10x_it.o
    0x08003f52   0x08003f52   0x0000000e   Code   RO         4922    i._is_digit         c_w.l(__printf_wp.o)
    0x08003f60   0x08003f60   0x00000074   Code   RO         3744    i.main              main.o
    0x08003fd4   0x08003fd4   0x00000100   Data   RO         4052    .constdata          os_core.o
    0x080040d4   0x080040d4   0x00000011   Data   RO         4930    .constdata          c_w.l(__printf_flags_ss_wp.o)
    0x080040e5   0x080040e5   0x00000003   PAD
    0x080040e8   0x080040e8   0x00000020   Data   RO         5210    Region$$Table       anon$$obj.o


    Execution Region RW_IRAM1 (Exec base: 0x20000000, Load base: 0x08004108, Size: 0x00003190, Max: 0x00005000, ABSOLUTE)

    Exec Addr    Load Addr    Size         Type   Attr      Idx    E Section Name        Object

    0x20000000   0x08004108   0x00000014   Data   RW         1805    .data               stm32f10x_rcc.o
    0x20000014   0x0800411c   0x00000002   Data   RW         3444    .data               serial.o
    0x20000016   0x0800411e   0x00000002   PAD
    0x20000018   0x08004120   0x00000012   Data   RW         3540    .data               i2c.o
    0x2000002a   0x08004132   0x00000012   Data   RW         3746    .data               main.o
    0x2000003c   0x08004144   0x00000008   Data   RW         3944    .data               os_cpu_c.o
    0x20000044   0x0800414c   0x00000044   Data   RW         4053    .data               os_core.o
    0x20000088   0x08004190   0x00000025   Data   RW         4751    .data               os_multi_core.o
    0x200000ad   0x080041b5   0x00000003   PAD
    0x200000b0        -       0x00000020   Zero   RW         3539    .bss                i2c.o
    0x200000d0        -       0x00000e00   Zero   RW         3745    .bss                main.o
    0x20000ed0        -       0x00000400   Zero   RW         3943    .bss                os_cpu_c.o
    0x200012d0        -       0x00000e48   Zero   RW         4051    .bss                os_core.o
    0x20002118        -       0x00000a18   Zero   RW         4750    .bss                os_multi_core.o
    0x20002b30        -       0x00000060   Zero   RW         5079    .bss                c_w.l(libspace.o)
    0x20002b90        -       0x00000200   Zero   RW            2    HEAP                startup_stm32f10x_md.o
    0x20002d90        -       0x00000400   Zero   RW            1    STACK               startup_stm32f10x_md.o


==============================================================================

Image component sizes


      Code (inc. data)   RO Data    RW Data    ZI Data      Debug   Object Name

        14          0          0          0          0       3121   app_hooks.o
         0          0          0          0          0       4516   core_cm3.o
       130         14          0          0          0       1494   gpio.o
      2170        262          0         18         32      25066   i2c.o
       272        104          0         18       3584      17475   main.o
       132         22          0          0          0     206967   misc.o
      2276        344        256         68       3656      22244   os_core.o
       424         62          0          0          0        396   os_cpu_a.o
       348         24          0          8       1024      16371   os_cpu_c.o
       124         14          0          0          0       1174   os_flag.o
        88         14          0          0          0        521   os_mem.o
      2596        188          0         37       2584      25520   os_multi_core.o
       738         40          0          0          0       3419   os_q.o
       488         28          0          0          0       2438   os_sem.o
      1454        126          0          0          0       6784   os_task.o
       132         22          0          0          0        616   os_time.o
       208          6          0          0          0        659   pwm.o
       298         26          0          2          0       2462   serial.o
        64         26        236          0       1536        836   startup_stm32f10x_md.o
         0          0          0          0          0       1668   stm32f10x_adc.o
        52         12          0          0          0       1084   stm32f10x_exti.o
       282          0          0          0          0      10749   stm32f10x_gpio.o
       472         14          0          0          0      16437   stm32f10x_i2c.o
        22          0          0          0          0       2991   stm32f10x_it.o
       308         38          0         20          0      13591   stm32f10x_rcc.o
       850         92          0          0          0      26235   stm32f10x_tim.o
       472          6          0          0          0      12587   stm32f10x_usart.o
       328         28          0          0          0      53241   system_stm32f10x.o

    ----------------------------------------------------------------------
     14772       1512        524        176      12416     480662   Object Totals
         0          0         32          0          0          0   (incl. Generated)
        30          0          0          5          0          0   (incl. Padding)

    ----------------------------------------------------------------------

      Code (inc. data)   RO Data    RW Data    ZI Data      Debug   Library Member Name

        44          6          0          0          0         84   __2sprintf.o
         8          0          0          0          0         68   __main.o
       392          4         17          0          0         92   __printf_flags_ss_wp.o
        14          0          0          0          0         68   __printf_wp.o
         0          0          0          0          0          0   __rtentry.o
        12          0          0          0          0          0   __rtentry2.o
         6          0          0          0          0          0   __rtentry4.o
        52          8          0          0          0          0   __scatter.o
        26          0          0          0          0          0   __scatter_copy.o
        28          0          0          0          0          0   __scatter_zi.o
        48          6          0          0          0         96   _printf_char_common.o
       120         16          0          0          0         92   _printf_dec.o
       178          0          0          0          0         88   _printf_intcommon.o
         0          0          0          0          0          0   _printf_percent.o
         4          0          0          0          0          0   _printf_percent_end.o
         6          0          0          0          0          0   _printf_u.o
        10          0          0          0          0         68   _sputc.o
        18          0          0          0          0         80   exit.o
         6          0          0          0          0        152   heapauxi.o
         0          0          0          0          0          0   indicate_semi.o
         2          0          0          0          0          0   libinit.o
         2          0          0          0          0          0   libinit2.o
         2          0          0          0          0          0   libshutdown.o
         2          0          0          0          0          0   libshutdown2.o
         8          4          0          0         96         68   libspace.o
       138          0          0          0          0         68   rt_memcpy_v6.o
       100          0          0          0          0         80   rt_memcpy_w.o
         2          0          0          0          0          0   rtexit.o
        10          0          0          0          0          0   rtexit2.o
        12          4          0          0          0         68   sys_exit.o
        74          0          0          0          0         80   sys_stackheap_outer.o
         2          0          0          0          0         68   use_no_semi.o

    ----------------------------------------------------------------------
      1332         48         20          0         96       1320   Library Totals
         6          0          3          0          0          0   (incl. Padding)

    ----------------------------------------------------------------------

      Code (inc. data)   RO Data    RW Data    ZI Data      Debug   Library Name

      1326         48         17          0         96       1320   c_w.l

    ----------------------------------------------------------------------
      1332         48         20          0         96       1320   Library Totals

    ----------------------------------------------------------------------

==============================================================================


      Code (inc. data)   RO Data    RW Data    ZI Data      Debug   

     16104       1560        544        176      12512     473346   Grand Totals
     16104       1560        544        176      12512     473346   ELF Image Totals
     16104       1560        544        176          0          0   ROM Totals

==============================================================================

    Total RO  Size (Code + RO Data)                16648 (  16.26kB)
    Total RW  Size (RW Data + ZI Data)             12688 (  12.39kB)
    Total ROM Size (Code + RO Data + RW Data)      16824 (  16.43kB)

==============================================================================

